2026-08-15 20:26:43,640 INFO o.a.j.u.JMeterUtils: Setting Locale to en_EN
2026-08-15 20:26:43,652 INFO o.a.j.JMeter: Loading user properties from: C:\tools\apache-jmeter-5.6.3\bin\user.properties
2026-08-15 20:26:43,652 INFO o.a.j.JMeter: Loading system properties from: C:\tools\apache-jmeter-5.6.3\bin\system.properties
2026-08-15 20:26:43,655 INFO o.a.j.JMeter: Copyright (c) 1998-2024 The Apache Software Foundation
2026-08-15 20:26:43,655 INFO o.a.j.JMeter: Version 5.6.3
2026-08-15 20:26:43,655 INFO o.a.j.JMeter: java.version=21.0.11
2026-08-15 20:26:43,655 INFO o.a.j.JMeter: java.vm.name=Java HotSpot(TM) 64-Bit Server VM
2026-08-15 20:26:43,656 INFO o.a.j.JMeter: os.name=Windows 11
2026-08-15 20:26:43,657 INFO o.a.j.JMeter: os.arch=amd64
2026-08-15 20:26:43,657 INFO o.a.j.JMeter: os.version=10.0
2026-08-15 20:26:43,657 INFO o.a.j.JMeter: file.encoding=UTF-8
2026-08-15 20:26:43,658 INFO o.a.j.JMeter: java.awt.headless=true
2026-08-15 20:26:43,658 INFO o.a.j.JMeter: Max memory     =1073741824
2026-08-15 20:26:43,658 INFO o.a.j.JMeter: Available Processors =16
2026-08-15 20:26:43,664 INFO o.a.j.JMeter: Default Locale=English (EN)
2026-08-15 20:26:43,664 INFO o.a.j.JMeter: JMeter  Locale=English (EN)
2026-08-15 20:26:43,664 INFO o.a.j.JMeter: JMeterHome=C:\tools\apache-jmeter-5.6.3
2026-08-15 20:26:43,664 INFO o.a.j.JMeter: user.dir  =D:\group05_eshop
2026-08-15 20:26:43,664 INFO o.a.j.JMeter: PWD       =D:\group05_eshop
2026-08-15 20:26:43,664 INFO o.a.j.JMeter: IP: 192.168.1.10 Name: LAPTOP-MVP7T81B FullName: LAPTOP-MVP7T81B
2026-08-15 20:26:43,664 INFO o.a.j.JMeter: Setting property 'jmeter.reportgenerator.outputdir' to:'D:\group05_eshop\HW\week09\TheDat\results\spike\23127340_Spike_20260815_202641_html'
2026-08-15 20:26:43,664 INFO o.a.j.s.FileServer: Default base='D:\group05_eshop'
2026-08-15 20:26:43,664 INFO o.a.j.s.FileServer: Set new base='D:\group05_eshop\HW\week09\TheDat\test-plans'
2026-08-15 20:26:43,791 INFO o.a.j.s.SaveService: Testplan (JMX) version: 2.2. Testlog (JTL) version: 2.2
2026-08-15 20:26:43,811 INFO o.a.j.s.SaveService: Using SaveService properties version 5.0
2026-08-15 20:26:43,814 INFO o.a.j.s.SaveService: Using SaveService properties file encoding UTF-8
2026-08-15 20:26:43,815 INFO o.a.j.s.SaveService: Loading file: HW\week09\TheDat\test-plans\23127340_Spike_20260815.jmx
2026-08-15 20:26:43,846 INFO o.a.j.p.h.s.HTTPSamplerBase: Parser for text/html is org.apache.jmeter.protocol.http.parser.LagartoBasedHtmlParser
2026-08-15 20:26:43,846 INFO o.a.j.p.h.s.HTTPSamplerBase: Parser for application/xhtml+xml is org.apache.jmeter.protocol.http.parser.LagartoBasedHtmlParser
2026-08-15 20:26:43,846 INFO o.a.j.p.h.s.HTTPSamplerBase: Parser for application/xml is org.apache.jmeter.protocol.http.parser.LagartoBasedHtmlParser
2026-08-15 20:26:43,846 INFO o.a.j.p.h.s.HTTPSamplerBase: Parser for text/xml is org.apache.jmeter.protocol.http.parser.LagartoBasedHtmlParser
2026-08-15 20:26:43,846 INFO o.a.j.p.h.s.HTTPSamplerBase: Parser for text/vnd.wap.wml is org.apache.jmeter.protocol.http.parser.RegexpHTMLParser
2026-08-15 20:26:43,846 INFO o.a.j.p.h.s.HTTPSamplerBase: Parser for text/css is org.apache.jmeter.protocol.http.parser.CssParser
2026-08-15 20:26:43,896 INFO o.a.j.JMeter: Creating summariser <summary>
2026-08-15 20:26:43,898 INFO o.a.j.r.d.ReportGenerator: ReportGenerator will use for Parsing the separator: ','
2026-08-15 20:26:43,899 INFO o.a.j.r.d.ReportGenerator: Will generate report at end of test from  results file: HW/week09/TheDat/results/spike/23127340_Spike_20260815_202641.jtl
2026-08-15 20:26:43,899 INFO o.a.j.r.d.ReportGenerator: Reading report generator properties from: C:\tools\apache-jmeter-5.6.3\bin\reportgenerator.properties
2026-08-15 20:26:43,899 INFO o.a.j.r.d.ReportGenerator: Merging with JMeter properties
2026-08-15 20:26:43,902 INFO o.a.j.r.c.ReportGeneratorConfiguration: Property 'jmeter.reportgenerator.temp_dir' not found, using default value 'temp' instead.
2026-08-15 20:26:43,903 INFO o.a.j.r.c.ReportGeneratorConfiguration: Property 'jmeter.reportgenerator.apdex_per_transaction' not found, using default value 'null' instead.
2026-08-15 20:26:43,903 INFO o.a.j.r.c.ReportGeneratorConfiguration: apdex_per_transaction is empty, not APDEX per transaction customization
2026-08-15 20:26:43,903 INFO o.a.j.r.c.ReportGeneratorConfiguration: Property 'jmeter.reportgenerator.sample_filter' not found, using default value 'null' instead.
2026-08-15 20:26:43,904 INFO o.a.j.r.c.ReportGeneratorConfiguration: Property 'jmeter.reportgenerator.report_title' not found, using default value 'null' instead.
2026-08-15 20:26:43,904 INFO o.a.j.r.c.ReportGeneratorConfiguration: Property 'jmeter.reportgenerator.start_date' not found, using default value 'null' instead.
2026-08-15 20:26:43,904 INFO o.a.j.r.c.ReportGeneratorConfiguration: Property 'jmeter.reportgenerator.end_date' not found, using default value 'null' instead.
2026-08-15 20:26:43,904 INFO o.a.j.r.c.ReportGeneratorConfiguration: Property 'jmeter.reportgenerator.date_format' not found, using default value 'null' instead.
2026-08-15 20:26:43,904 INFO o.a.j.r.c.ReportGeneratorConfiguration: Will use date range start date: null, end date: null
2026-08-15 20:26:43,906 INFO o.a.j.r.c.ReportGeneratorConfiguration: Property 'jmeter.reportgenerator.graph.totalTPS.exclude_controllers' not found, using default value 'false' instead.
2026-08-15 20:26:43,906 INFO o.a.j.r.c.ReportGeneratorConfiguration: Property 'jmeter.reportgenerator.graph.activeThreadsOverTime.exclude_controllers' not found, using default value 'false' instead.
2026-08-15 20:26:43,906 INFO o.a.j.r.c.ReportGeneratorConfiguration: Property 'jmeter.reportgenerator.graph.timeVsThreads.exclude_controllers' not found, using default value 'false' instead.
2026-08-15 20:26:43,906 INFO o.a.j.r.c.ReportGeneratorConfiguration: Property 'jmeter.reportgenerator.graph.responseTimeDistribution.exclude_controllers' not found, using default value 'false' instead.
2026-08-15 20:26:43,906 INFO o.a.j.r.c.ReportGeneratorConfiguration: Property 'jmeter.reportgenerator.graph.transactionsPerSecond.exclude_controllers' not found, using default value 'false' instead.
2026-08-15 20:26:43,906 INFO o.a.j.r.c.ReportGeneratorConfiguration: Property 'jmeter.reportgenerator.graph.responseTimePercentiles.exclude_controllers' not found, using default value 'false' instead.
2026-08-15 20:26:43,906 INFO o.a.j.r.c.ReportGeneratorConfiguration: Property 'jmeter.reportgenerator.graph.responseTimePercentilesOverTime.exclude_controllers' not found, using default value 'false' instead.
2026-08-15 20:26:43,906 INFO o.a.j.r.c.ReportGeneratorConfiguration: Property 'jmeter.reportgenerator.graph.responseTimesOverTime.exclude_controllers' not found, using default value 'false' instead.
2026-08-15 20:26:43,907 INFO o.a.j.r.c.ReportGeneratorConfiguration: Property 'jmeter.reportgenerator.graph.connectTimeOverTime.exclude_controllers' not found, using default value 'false' instead.
2026-08-15 20:26:43,907 INFO o.a.j.r.c.ReportGeneratorConfiguration: Property 'jmeter.reportgenerator.graph.latenciesOverTime.exclude_controllers' not found, using default value 'false' instead.
2026-08-15 20:26:43,907 INFO o.a.j.r.c.ReportGeneratorConfiguration: Property 'jmeter.reportgenerator.exporter.json.filters_only_sample_series' not found, using default value 'true' instead.
2026-08-15 20:26:43,907 INFO o.a.j.r.c.ReportGeneratorConfiguration: Property 'jmeter.reportgenerator.exporter.json.series_filter' not found, using default value '' instead.
2026-08-15 20:26:43,907 INFO o.a.j.r.c.ReportGeneratorConfiguration: Property 'jmeter.reportgenerator.exporter.json.show_controllers_only' not found, using default value 'false' instead.
2026-08-15 20:26:43,908 INFO o.a.j.r.c.ReportGeneratorConfiguration: Property 'jmeter.reportgenerator.exporter.html.filters_only_sample_series' not found, using default value 'true' instead.
2026-08-15 20:26:43,908 INFO o.a.j.r.c.ReportGeneratorConfiguration: Property 'jmeter.reportgenerator.exporter.html.series_filter' not found, using default value '' instead.
2026-08-15 20:26:43,908 INFO o.a.j.r.c.ReportGeneratorConfiguration: Property 'jmeter.reportgenerator.exporter.html.show_controllers_only' not found, using default value 'false' instead.
2026-08-15 20:26:43,911 INFO o.a.j.e.StandardJMeterEngine: Running the test!
2026-08-15 20:26:43,911 INFO o.a.j.s.SampleEvent: List of sample_variables: []
2026-08-15 20:26:43,911 INFO o.a.j.s.SampleEvent: List of sample_variables: []
2026-08-15 20:26:43,918 INFO o.a.j.e.u.CompoundVariable: Note: Function class names must contain the string: '.functions.'
2026-08-15 20:26:43,919 INFO o.a.j.e.u.CompoundVariable: Note: Function class names must not contain the string: '.gui.'
2026-08-15 20:26:43,946 INFO o.a.j.r.ClassFinder: Will scan jar C:\tools\apache-jmeter-5.6.3\lib\ext\jmeter-plugins-manager-2.0.jar with filter ExtendsClassFilter [parents=[interface org.apache.jmeter.functions.Function], inner=false, contains=null, notContains=null]. Consider exposing JMeter plugins via META-INF/services, and add JMeter-Skip-Class-Scanning=true manifest attribute so JMeter can skip classfile scanning
2026-08-15 20:26:43,967 INFO o.a.j.r.ClassFinder: Will scan jar C:\tools\apache-jmeter-5.6.3\lib\ext\jmeter-plugins-manager-1.12.jar with filter ExtendsClassFilter [parents=[interface org.apache.jmeter.functions.Function], inner=false, contains=null, notContains=null]. Consider exposing JMeter plugins via META-INF/services, and add JMeter-Skip-Class-Scanning=true manifest attribute so JMeter can skip classfile scanning
2026-08-15 20:26:44,015 INFO o.a.j.r.ClassFinder: Will scan jar C:\tools\apache-jmeter-5.6.3\lib\ext\jmeter-plugins-casutg-3.1.1.jar with filter ExtendsClassFilter [parents=[interface org.apache.jmeter.functions.Function], inner=false, contains=null, notContains=null]. Consider exposing JMeter plugins via META-INF/services, and add JMeter-Skip-Class-Scanning=true manifest attribute so JMeter can skip classfile scanning
2026-08-15 20:26:44,140 INFO o.a.j.JMeter: Running test (1786800404140)
2026-08-15 20:26:44,155 INFO o.a.j.e.StandardJMeterEngine: Starting ThreadGroup: 1 : Spike Profile - 10 to 120 to 10 VU
2026-08-15 20:26:44,155 INFO o.a.j.e.StandardJMeterEngine: Starting 120 threads for group Spike Profile - 10 to 120 to 10 VU.
2026-08-15 20:26:44,155 INFO o.a.j.e.StandardJMeterEngine: Thread will start next loop on error
2026-08-15 20:26:44,155 INFO k.a.j.t.AbstractSimpleThreadGroup: Starting thread group number 1 threads 120
2026-08-15 20:26:44,164 INFO o.a.j.s.SampleResult: Note: Sample TimeStamps are START times
2026-08-15 20:26:44,164 INFO o.a.j.s.SampleResult: sampleresult.default.encoding is set to UTF-8
2026-08-15 20:26:44,164 INFO o.a.j.s.SampleResult: sampleresult.useNanoTime=true
2026-08-15 20:26:44,164 INFO o.a.j.s.SampleResult: sampleresult.nanoThreadSleep=5000
2026-08-15 20:26:44,209 INFO k.a.j.t.AbstractSimpleThreadGroup: Started thread group number 1
2026-08-15 20:26:44,209 INFO o.a.j.e.StandardJMeterEngine: All thread groups have been started
2026-08-15 20:26:44,255 INFO o.a.j.t.JMeterThread: Thread started: Spike Profile - 10 to 120 to 10 VU 1-10
2026-08-15 20:26:44,356 INFO o.a.j.t.JMeterThread: Thread started: Spike Profile - 10 to 120 to 10 VU 1-9
2026-08-15 20:26:44,456 INFO o.a.j.t.JMeterThread: Thread started: Spike Profile - 10 to 120 to 10 VU 1-8
2026-08-15 20:26:44,556 INFO o.a.j.t.JMeterThread: Thread started: Spike Profile - 10 to 120 to 10 VU 1-7
2026-08-15 20:26:44,658 INFO o.a.j.t.JMeterThread: Thread started: Spike Profile - 10 to 120 to 10 VU 1-6
2026-08-15 20:26:44,758 INFO o.a.j.t.JMeterThread: Thread started: Spike Profile - 10 to 120 to 10 VU 1-5
2026-08-15 20:26:44,858 INFO o.a.j.t.JMeterThread: Thread started: Spike Profile - 10 to 120 to 10 VU 1-4
2026-08-15 20:26:44,958 INFO o.a.j.t.JMeterThread: Thread started: Spike Profile - 10 to 120 to 10 VU 1-3
2026-08-15 20:26:45,017 INFO o.a.j.p.h.s.HTTPHCAbstractImpl: Local host = LAPTOP-MVP7T81B
2026-08-15 20:26:45,026 INFO o.a.j.p.h.s.HTTPHC4Impl: HTTP request retry count = 0
2026-08-15 20:26:45,058 INFO o.a.j.t.JMeterThread: Thread started: Spike Profile - 10 to 120 to 10 VU 1-2
2026-08-15 20:26:45,158 INFO o.a.j.t.JMeterThread: Thread started: Spike Profile - 10 to 120 to 10 VU 1-1
2026-08-15 20:26:53,550 INFO o.a.j.u.JsseSSLManager: Using default SSL protocol: TLS
2026-08-15 20:26:53,551 INFO o.a.j.u.JsseSSLManager: SSL session context: per-thread
2026-08-15 20:27:44,245 INFO o.a.j.t.JMeterThread: Thread started: Spike Profile - 10 to 120 to 10 VU 1-120
2026-08-15 20:27:44,336 INFO o.a.j.t.JMeterThread: Thread started: Spike Profile - 10 to 120 to 10 VU 1-119
2026-08-15 20:27:44,427 INFO o.a.j.t.JMeterThread: Thread started: Spike Profile - 10 to 120 to 10 VU 1-118
2026-08-15 20:27:44,518 INFO o.a.j.t.JMeterThread: Thread started: Spike Profile - 10 to 120 to 10 VU 1-117
2026-08-15 20:27:44,609 INFO o.a.j.t.JMeterThread: Thread started: Spike Profile - 10 to 120 to 10 VU 1-116
2026-08-15 20:27:44,700 INFO o.a.j.t.JMeterThread: Thread started: Spike Profile - 10 to 120 to 10 VU 1-115
2026-08-15 20:27:44,791 INFO o.a.j.t.JMeterThread: Thread started: Spike Profile - 10 to 120 to 10 VU 1-114
2026-08-15 20:27:44,882 INFO o.a.j.t.JMeterThread: Thread started: Spike Profile - 10 to 120 to 10 VU 1-113
2026-08-15 20:27:44,973 INFO o.a.j.t.JMeterThread: Thread started: Spike Profile - 10 to 120 to 10 VU 1-112
2026-08-15 20:27:45,064 INFO o.a.j.t.JMeterThread: Thread started: Spike Profile - 10 to 120 to 10 VU 1-111
2026-08-15 20:27:45,155 INFO o.a.j.t.JMeterThread: Thread started: Spike Profile - 10 to 120 to 10 VU 1-110
2026-08-15 20:27:45,245 INFO o.a.j.t.JMeterThread: Thread started: Spike Profile - 10 to 120 to 10 VU 1-109
2026-08-15 20:27:45,336 INFO o.a.j.t.JMeterThread: Thread started: Spike Profile - 10 to 120 to 10 VU 1-108
2026-08-15 20:27:45,428 INFO o.a.j.t.JMeterThread: Thread started: Spike Profile - 10 to 120 to 10 VU 1-107
2026-08-15 20:27:45,518 INFO o.a.j.t.JMeterThread: Thread started: Spike Profile - 10 to 120 to 10 VU 1-106
2026-08-15 20:27:45,610 INFO o.a.j.t.JMeterThread: Thread started: Spike Profile - 10 to 120 to 10 VU 1-105
2026-08-15 20:27:45,700 INFO o.a.j.t.JMeterThread: Thread started: Spike Profile - 10 to 120 to 10 VU 1-104
2026-08-15 20:27:45,791 INFO o.a.j.t.JMeterThread: Thread started: Spike Profile - 10 to 120 to 10 VU 1-103
2026-08-15 20:27:45,882 INFO o.a.j.t.JMeterThread: Thread started: Spike Profile - 10 to 120 to 10 VU 1-102
2026-08-15 20:27:45,973 INFO o.a.j.t.JMeterThread: Thread started: Spike Profile - 10 to 120 to 10 VU 1-101
2026-08-15 20:27:46,064 INFO o.a.j.t.JMeterThread: Thread started: Spike Profile - 10 to 120 to 10 VU 1-100
2026-08-15 20:27:46,155 INFO o.a.j.t.JMeterThread: Thread started: Spike Profile - 10 to 120 to 10 VU 1-99
2026-08-15 20:27:46,246 INFO o.a.j.t.JMeterThread: Thread started: Spike Profile - 10 to 120 to 10 VU 1-98
2026-08-15 20:27:46,337 INFO o.a.j.t.JMeterThread: Thread started: Spike Profile - 10 to 120 to 10 VU 1-97
2026-08-15 20:27:46,427 INFO o.a.j.t.JMeterThread: Thread started: Spike Profile - 10 to 120 to 10 VU 1-96
2026-08-15 20:27:46,518 INFO o.a.j.t.JMeterThread: Thread started: Spike Profile - 10 to 120 to 10 VU 1-95
2026-08-15 20:27:46,609 INFO o.a.j.t.JMeterThread: Thread started: Spike Profile - 10 to 120 to 10 VU 1-94
2026-08-15 20:27:46,700 INFO o.a.j.t.JMeterThread: Thread started: Spike Profile - 10 to 120 to 10 VU 1-93
2026-08-15 20:27:46,791 INFO o.a.j.t.JMeterThread: Thread started: Spike Profile - 10 to 120 to 10 VU 1-92
2026-08-15 20:27:46,883 INFO o.a.j.t.JMeterThread: Thread started: Spike Profile - 10 to 120 to 10 VU 1-91
2026-08-15 20:27:46,973 INFO o.a.j.t.JMeterThread: Thread started: Spike Profile - 10 to 120 to 10 VU 1-90
2026-08-15 20:27:47,065 INFO o.a.j.t.JMeterThread: Thread started: Spike Profile - 10 to 120 to 10 VU 1-89
2026-08-15 20:27:47,155 INFO o.a.j.t.JMeterThread: Thread started: Spike Profile - 10 to 120 to 10 VU 1-88
2026-08-15 20:27:47,246 INFO o.a.j.t.JMeterThread: Thread started: Spike Profile - 10 to 120 to 10 VU 1-87
2026-08-15 20:27:47,336 INFO o.a.j.t.JMeterThread: Thread started: Spike Profile - 10 to 120 to 10 VU 1-86
2026-08-15 20:27:47,428 INFO o.a.j.t.JMeterThread: Thread started: Spike Profile - 10 to 120 to 10 VU 1-85
2026-08-15 20:27:47,519 INFO o.a.j.t.JMeterThread: Thread started: Spike Profile - 10 to 120 to 10 VU 1-84
2026-08-15 20:27:47,610 INFO o.a.j.t.JMeterThread: Thread started: Spike Profile - 10 to 120 to 10 VU 1-83
2026-08-15 20:27:47,701 INFO o.a.j.t.JMeterThread: Thread started: Spike Profile - 10 to 120 to 10 VU 1-82
2026-08-15 20:27:47,792 INFO o.a.j.t.JMeterThread: Thread started: Spike Profile - 10 to 120 to 10 VU 1-81
2026-08-15 20:27:47,883 INFO o.a.j.t.JMeterThread: Thread started: Spike Profile - 10 to 120 to 10 VU 1-80
2026-08-15 20:27:47,974 INFO o.a.j.t.JMeterThread: Thread started: Spike Profile - 10 to 120 to 10 VU 1-79
2026-08-15 20:27:48,065 INFO o.a.j.t.JMeterThread: Thread started: Spike Profile - 10 to 120 to 10 VU 1-78
2026-08-15 20:27:48,156 INFO o.a.j.t.JMeterThread: Thread started: Spike Profile - 10 to 120 to 10 VU 1-77
2026-08-15 20:27:48,246 INFO o.a.j.t.JMeterThread: Thread started: Spike Profile - 10 to 120 to 10 VU 1-76
2026-08-15 20:27:48,337 INFO o.a.j.t.JMeterThread: Thread started: Spike Profile - 10 to 120 to 10 VU 1-75
2026-08-15 20:27:48,429 INFO o.a.j.t.JMeterThread: Thread started: Spike Profile - 10 to 120 to 10 VU 1-74
2026-08-15 20:27:48,518 INFO o.a.j.t.JMeterThread: Thread started: Spike Profile - 10 to 120 to 10 VU 1-73
2026-08-15 20:27:48,610 INFO o.a.j.t.JMeterThread: Thread started: Spike Profile - 10 to 120 to 10 VU 1-72
2026-08-15 20:27:48,701 INFO o.a.j.t.JMeterThread: Thread started: Spike Profile - 10 to 120 to 10 VU 1-71
2026-08-15 20:27:48,791 INFO o.a.j.t.JMeterThread: Thread started: Spike Profile - 10 to 120 to 10 VU 1-70
2026-08-15 20:27:48,882 INFO o.a.j.t.JMeterThread: Thread started: Spike Profile - 10 to 120 to 10 VU 1-69
2026-08-15 20:27:48,973 INFO o.a.j.t.JMeterThread: Thread started: Spike Profile - 10 to 120 to 10 VU 1-68
2026-08-15 20:27:49,064 INFO o.a.j.t.JMeterThread: Thread started: Spike Profile - 10 to 120 to 10 VU 1-67
2026-08-15 20:27:49,156 INFO o.a.j.t.JMeterThread: Thread started: Spike Profile - 10 to 120 to 10 VU 1-66
2026-08-15 20:27:49,245 INFO o.a.j.t.JMeterThread: Thread started: Spike Profile - 10 to 120 to 10 VU 1-65
2026-08-15 20:27:49,337 INFO o.a.j.t.JMeterThread: Thread started: Spike Profile - 10 to 120 to 10 VU 1-64
2026-08-15 20:27:49,428 INFO o.a.j.t.JMeterThread: Thread started: Spike Profile - 10 to 120 to 10 VU 1-63
2026-08-15 20:27:49,519 INFO o.a.j.t.JMeterThread: Thread started: Spike Profile - 10 to 120 to 10 VU 1-62
2026-08-15 20:27:49,610 INFO o.a.j.t.JMeterThread: Thread started: Spike Profile - 10 to 120 to 10 VU 1-61
2026-08-15 20:27:49,701 INFO o.a.j.t.JMeterThread: Thread started: Spike Profile - 10 to 120 to 10 VU 1-60
2026-08-15 20:27:49,792 INFO o.a.j.t.JMeterThread: Thread started: Spike Profile - 10 to 120 to 10 VU 1-59
2026-08-15 20:27:49,883 INFO o.a.j.t.JMeterThread: Thread started: Spike Profile - 10 to 120 to 10 VU 1-58
2026-08-15 20:27:49,974 INFO o.a.j.t.JMeterThread: Thread started: Spike Profile - 10 to 120 to 10 VU 1-57
2026-08-15 20:27:50,065 INFO o.a.j.t.JMeterThread: Thread started: Spike Profile - 10 to 120 to 10 VU 1-56
2026-08-15 20:27:50,156 INFO o.a.j.t.JMeterThread: Thread started: Spike Profile - 10 to 120 to 10 VU 1-55
2026-08-15 20:27:50,245 INFO o.a.j.t.JMeterThread: Thread started: Spike Profile - 10 to 120 to 10 VU 1-54
2026-08-15 20:27:50,336 INFO o.a.j.t.JMeterThread: Thread started: Spike Profile - 10 to 120 to 10 VU 1-53
2026-08-15 20:27:50,427 INFO o.a.j.t.JMeterThread: Thread started: Spike Profile - 10 to 120 to 10 VU 1-52
2026-08-15 20:27:50,519 INFO o.a.j.t.JMeterThread: Thread started: Spike Profile - 10 to 120 to 10 VU 1-51
2026-08-15 20:27:50,610 INFO o.a.j.t.JMeterThread: Thread started: Spike Profile - 10 to 120 to 10 VU 1-50
2026-08-15 20:27:50,700 INFO o.a.j.t.JMeterThread: Thread started: Spike Profile - 10 to 120 to 10 VU 1-49
2026-08-15 20:27:50,792 INFO o.a.j.t.JMeterThread: Thread started: Spike Profile - 10 to 120 to 10 VU 1-48
2026-08-15 20:27:50,882 INFO o.a.j.t.JMeterThread: Thread started: Spike Profile - 10 to 120 to 10 VU 1-47
2026-08-15 20:27:50,974 INFO o.a.j.t.JMeterThread: Thread started: Spike Profile - 10 to 120 to 10 VU 1-46
2026-08-15 20:27:51,065 INFO o.a.j.t.JMeterThread: Thread started: Spike Profile - 10 to 120 to 10 VU 1-45
2026-08-15 20:27:51,156 INFO o.a.j.t.JMeterThread: Thread started: Spike Profile - 10 to 120 to 10 VU 1-44
2026-08-15 20:27:51,246 INFO o.a.j.t.JMeterThread: Thread started: Spike Profile - 10 to 120 to 10 VU 1-43
2026-08-15 20:27:51,336 INFO o.a.j.t.JMeterThread: Thread started: Spike Profile - 10 to 120 to 10 VU 1-42
2026-08-15 20:27:51,427 INFO o.a.j.t.JMeterThread: Thread started: Spike Profile - 10 to 120 to 10 VU 1-41
2026-08-15 20:27:51,519 INFO o.a.j.t.JMeterThread: Thread started: Spike Profile - 10 to 120 to 10 VU 1-40
2026-08-15 20:27:51,610 INFO o.a.j.t.JMeterThread: Thread started: Spike Profile - 10 to 120 to 10 VU 1-39
2026-08-15 20:27:51,700 INFO o.a.j.t.JMeterThread: Thread started: Spike Profile - 10 to 120 to 10 VU 1-38
2026-08-15 20:27:51,791 INFO o.a.j.t.JMeterThread: Thread started: Spike Profile - 10 to 120 to 10 VU 1-37
2026-08-15 20:27:51,882 INFO o.a.j.t.JMeterThread: Thread started: Spike Profile - 10 to 120 to 10 VU 1-36
2026-08-15 20:27:51,974 INFO o.a.j.t.JMeterThread: Thread started: Spike Profile - 10 to 120 to 10 VU 1-35
2026-08-15 20:27:52,064 INFO o.a.j.t.JMeterThread: Thread started: Spike Profile - 10 to 120 to 10 VU 1-34
2026-08-15 20:27:52,155 INFO o.a.j.t.JMeterThread: Thread started: Spike Profile - 10 to 120 to 10 VU 1-33
2026-08-15 20:27:52,247 INFO o.a.j.t.JMeterThread: Thread started: Spike Profile - 10 to 120 to 10 VU 1-32
2026-08-15 20:27:52,337 INFO o.a.j.t.JMeterThread: Thread started: Spike Profile - 10 to 120 to 10 VU 1-31
2026-08-15 20:27:52,429 INFO o.a.j.t.JMeterThread: Thread started: Spike Profile - 10 to 120 to 10 VU 1-30
2026-08-15 20:27:52,519 INFO o.a.j.t.JMeterThread: Thread started: Spike Profile - 10 to 120 to 10 VU 1-29
2026-08-15 20:27:52,609 INFO o.a.j.t.JMeterThread: Thread started: Spike Profile - 10 to 120 to 10 VU 1-28
2026-08-15 20:27:52,701 INFO o.a.j.t.JMeterThread: Thread started: Spike Profile - 10 to 120 to 10 VU 1-27
2026-08-15 20:27:52,792 INFO o.a.j.t.JMeterThread: Thread started: Spike Profile - 10 to 120 to 10 VU 1-26
2026-08-15 20:27:52,882 INFO o.a.j.t.JMeterThread: Thread started: Spike Profile - 10 to 120 to 10 VU 1-25
2026-08-15 20:27:52,974 INFO o.a.j.t.JMeterThread: Thread started: Spike Profile - 10 to 120 to 10 VU 1-24
2026-08-15 20:27:53,065 INFO o.a.j.t.JMeterThread: Thread started: Spike Profile - 10 to 120 to 10 VU 1-23
2026-08-15 20:27:53,156 INFO o.a.j.t.JMeterThread: Thread started: Spike Profile - 10 to 120 to 10 VU 1-22
2026-08-15 20:27:53,246 INFO o.a.j.t.JMeterThread: Thread started: Spike Profile - 10 to 120 to 10 VU 1-21
2026-08-15 20:27:53,336 INFO o.a.j.t.JMeterThread: Thread started: Spike Profile - 10 to 120 to 10 VU 1-20
2026-08-15 20:27:53,428 INFO o.a.j.t.JMeterThread: Thread started: Spike Profile - 10 to 120 to 10 VU 1-19
2026-08-15 20:27:53,519 INFO o.a.j.t.JMeterThread: Thread started: Spike Profile - 10 to 120 to 10 VU 1-18
2026-08-15 20:27:53,610 INFO o.a.j.t.JMeterThread: Thread started: Spike Profile - 10 to 120 to 10 VU 1-17
2026-08-15 20:27:53,700 INFO o.a.j.t.JMeterThread: Thread started: Spike Profile - 10 to 120 to 10 VU 1-16
2026-08-15 20:27:53,791 INFO o.a.j.t.JMeterThread: Thread started: Spike Profile - 10 to 120 to 10 VU 1-15
2026-08-15 20:27:53,882 INFO o.a.j.t.JMeterThread: Thread started: Spike Profile - 10 to 120 to 10 VU 1-14
2026-08-15 20:27:53,974 INFO o.a.j.t.JMeterThread: Thread started: Spike Profile - 10 to 120 to 10 VU 1-13
2026-08-15 20:27:54,064 INFO o.a.j.t.JMeterThread: Thread started: Spike Profile - 10 to 120 to 10 VU 1-12
2026-08-15 20:27:54,155 INFO o.a.j.t.JMeterThread: Thread started: Spike Profile - 10 to 120 to 10 VU 1-11
2026-08-15 20:29:22,418 INFO o.a.j.t.JMeterThread: Thread finished: Spike Profile - 10 to 120 to 10 VU 1-120
2026-08-15 20:29:22,451 INFO o.a.j.t.JMeterThread: Thread finished: Spike Profile - 10 to 120 to 10 VU 1-119
2026-08-15 20:29:23,167 INFO o.a.j.t.JMeterThread: Thread finished: Spike Profile - 10 to 120 to 10 VU 1-118
2026-08-15 20:29:23,384 INFO o.a.j.t.JMeterThread: Thread finished: Spike Profile - 10 to 120 to 10 VU 1-115
2026-08-15 20:29:23,440 INFO o.a.j.t.JMeterThread: Thread finished: Spike Profile - 10 to 120 to 10 VU 1-117
2026-08-15 20:29:23,542 INFO o.a.j.t.JMeterThread: Thread finished: Spike Profile - 10 to 120 to 10 VU 1-114
2026-08-15 20:29:23,581 INFO o.a.j.t.JMeterThread: Thread finished: Spike Profile - 10 to 120 to 10 VU 1-104
2026-08-15 20:29:23,679 INFO o.a.j.t.JMeterThread: Thread finished: Spike Profile - 10 to 120 to 10 VU 1-107
2026-08-15 20:29:23,972 INFO o.a.j.t.JMeterThread: Thread finished: Spike Profile - 10 to 120 to 10 VU 1-110
2026-08-15 20:29:23,974 INFO o.a.j.t.JMeterThread: Thread finished: Spike Profile - 10 to 120 to 10 VU 1-103
2026-08-15 20:29:24,089 INFO o.a.j.t.JMeterThread: Thread finished: Spike Profile - 10 to 120 to 10 VU 1-116
2026-08-15 20:29:24,095 INFO o.a.j.t.JMeterThread: Thread finished: Spike Profile - 10 to 120 to 10 VU 1-100
2026-08-15 20:29:24,146 INFO o.a.j.t.JMeterThread: Thread finished: Spike Profile - 10 to 120 to 10 VU 1-98
2026-08-15 20:29:24,199 INFO o.a.j.t.JMeterThread: Thread finished: Spike Profile - 10 to 120 to 10 VU 1-99
2026-08-15 20:29:24,340 INFO o.a.j.t.JMeterThread: Thread finished: Spike Profile - 10 to 120 to 10 VU 1-96
2026-08-15 20:29:24,377 INFO o.a.j.t.JMeterThread: Thread finished: Spike Profile - 10 to 120 to 10 VU 1-111
2026-08-15 20:29:24,509 INFO o.a.j.t.JMeterThread: Thread finished: Spike Profile - 10 to 120 to 10 VU 1-106
2026-08-15 20:29:24,559 INFO o.a.j.t.JMeterThread: Thread finished: Spike Profile - 10 to 120 to 10 VU 1-113
2026-08-15 20:29:24,593 INFO o.a.j.t.JMeterThread: Thread finished: Spike Profile - 10 to 120 to 10 VU 1-109
2026-08-15 20:29:24,761 INFO o.a.j.t.JMeterThread: Thread finished: Spike Profile - 10 to 120 to 10 VU 1-112
2026-08-15 20:29:24,770 INFO o.a.j.t.JMeterThread: Thread finished: Spike Profile - 10 to 120 to 10 VU 1-86
2026-08-15 20:29:24,937 INFO o.a.j.t.JMeterThread: Thread finished: Spike Profile - 10 to 120 to 10 VU 1-108
2026-08-15 20:29:25,092 INFO o.a.j.t.JMeterThread: Thread finished: Spike Profile - 10 to 120 to 10 VU 1-102
2026-08-15 20:29:25,139 INFO o.a.j.t.JMeterThread: Thread finished: Spike Profile - 10 to 120 to 10 VU 1-89
2026-08-15 20:29:25,175 INFO o.a.j.t.JMeterThread: Thread finished: Spike Profile - 10 to 120 to 10 VU 1-97
2026-08-15 20:29:25,486 INFO o.a.j.t.JMeterThread: Thread finished: Spike Profile - 10 to 120 to 10 VU 1-92
2026-08-15 20:29:25,523 INFO o.a.j.t.JMeterThread: Thread finished: Spike Profile - 10 to 120 to 10 VU 1-101
2026-08-15 20:29:25,607 INFO o.a.j.t.JMeterThread: Thread finished: Spike Profile - 10 to 120 to 10 VU 1-105
2026-08-15 20:29:25,638 INFO o.a.j.t.JMeterThread: Thread finished: Spike Profile - 10 to 120 to 10 VU 1-95
2026-08-15 20:29:25,922 INFO o.a.j.t.JMeterThread: Thread finished: Spike Profile - 10 to 120 to 10 VU 1-82
2026-08-15 20:29:25,950 INFO o.a.j.t.JMeterThread: Thread finished: Spike Profile - 10 to 120 to 10 VU 1-94
2026-08-15 20:29:26,009 INFO o.a.j.t.JMeterThread: Thread finished: Spike Profile - 10 to 120 to 10 VU 1-88
2026-08-15 20:29:26,388 INFO o.a.j.t.JMeterThread: Thread finished: Spike Profile - 10 to 120 to 10 VU 1-93
2026-08-15 20:29:26,483 INFO o.a.j.t.JMeterThread: Thread finished: Spike Profile - 10 to 120 to 10 VU 1-84
2026-08-15 20:29:26,513 INFO o.a.j.t.JMeterThread: Thread finished: Spike Profile - 10 to 120 to 10 VU 1-74
2026-08-15 20:29:26,576 INFO o.a.j.t.JMeterThread: Thread finished: Spike Profile - 10 to 120 to 10 VU 1-90
2026-08-15 20:29:26,679 INFO o.a.j.t.JMeterThread: Thread finished: Spike Profile - 10 to 120 to 10 VU 1-85
2026-08-15 20:29:26,732 INFO o.a.j.t.JMeterThread: Thread finished: Spike Profile - 10 to 120 to 10 VU 1-73
2026-08-15 20:29:26,748 INFO o.a.j.t.JMeterThread: Thread finished: Spike Profile - 10 to 120 to 10 VU 1-91
2026-08-15 20:29:26,919 INFO o.a.j.t.JMeterThread: Thread finished: Spike Profile - 10 to 120 to 10 VU 1-87
2026-08-15 20:29:26,995 INFO o.a.j.t.JMeterThread: Thread finished: Spike Profile - 10 to 120 to 10 VU 1-83
2026-08-15 20:29:27,021 INFO o.a.j.t.JMeterThread: Thread finished: Spike Profile - 10 to 120 to 10 VU 1-79
2026-08-15 20:29:27,084 INFO o.a.j.t.JMeterThread: Thread finished: Spike Profile - 10 to 120 to 10 VU 1-76
2026-08-15 20:29:27,195 INFO o.a.j.t.JMeterThread: Thread finished: Spike Profile - 10 to 120 to 10 VU 1-78
2026-08-15 20:29:27,274 INFO o.a.j.t.JMeterThread: Thread finished: Spike Profile - 10 to 120 to 10 VU 1-67
2026-08-15 20:29:27,325 INFO o.a.j.t.JMeterThread: Thread finished: Spike Profile - 10 to 120 to 10 VU 1-66
2026-08-15 20:29:27,497 INFO o.a.j.t.JMeterThread: Thread finished: Spike Profile - 10 to 120 to 10 VU 1-72
2026-08-15 20:29:27,568 INFO o.a.j.t.JMeterThread: Thread finished: Spike Profile - 10 to 120 to 10 VU 1-80
2026-08-15 20:29:27,653 INFO o.a.j.t.JMeterThread: Thread finished: Spike Profile - 10 to 120 to 10 VU 1-65
2026-08-15 20:29:27,690 INFO o.a.j.t.JMeterThread: Thread finished: Spike Profile - 10 to 120 to 10 VU 1-75
2026-08-15 20:29:27,736 INFO o.a.j.t.JMeterThread: Thread finished: Spike Profile - 10 to 120 to 10 VU 1-81
2026-08-15 20:29:27,776 INFO o.a.j.t.JMeterThread: Thread finished: Spike Profile - 10 to 120 to 10 VU 1-53
2026-08-15 20:29:27,876 INFO o.a.j.t.JMeterThread: Thread finished: Spike Profile - 10 to 120 to 10 VU 1-77
2026-08-15 20:29:28,215 INFO o.a.j.t.JMeterThread: Thread finished: Spike Profile - 10 to 120 to 10 VU 1-70
2026-08-15 20:29:28,215 INFO o.a.j.t.JMeterThread: Thread finished: Spike Profile - 10 to 120 to 10 VU 1-60
2026-08-15 20:29:28,218 INFO o.a.j.t.JMeterThread: Thread finished: Spike Profile - 10 to 120 to 10 VU 1-57
2026-08-15 20:29:28,382 INFO o.a.j.t.JMeterThread: Thread finished: Spike Profile - 10 to 120 to 10 VU 1-64
2026-08-15 20:29:28,494 INFO o.a.j.t.JMeterThread: Thread finished: Spike Profile - 10 to 120 to 10 VU 1-42
2026-08-15 20:29:28,505 INFO o.a.j.t.JMeterThread: Thread finished: Spike Profile - 10 to 120 to 10 VU 1-62
2026-08-15 20:29:28,574 INFO o.a.j.t.JMeterThread: Thread finished: Spike Profile - 10 to 120 to 10 VU 1-69
2026-08-15 20:29:28,658 INFO o.a.j.t.JMeterThread: Thread finished: Spike Profile - 10 to 120 to 10 VU 1-68
2026-08-15 20:29:28,659 INFO o.a.j.t.JMeterThread: Thread finished: Spike Profile - 10 to 120 to 10 VU 1-47
2026-08-15 20:29:28,674 INFO o.a.j.t.JMeterThread: Thread finished: Spike Profile - 10 to 120 to 10 VU 1-52
2026-08-15 20:29:28,690 INFO o.a.j.t.JMeterThread: Thread finished: Spike Profile - 10 to 120 to 10 VU 1-71
2026-08-15 20:29:28,933 INFO o.a.j.t.JMeterThread: Thread finished: Spike Profile - 10 to 120 to 10 VU 1-54
2026-08-15 20:29:28,990 INFO o.a.j.t.JMeterThread: Thread finished: Spike Profile - 10 to 120 to 10 VU 1-59
2026-08-15 20:29:28,994 INFO o.a.j.t.JMeterThread: Thread finished: Spike Profile - 10 to 120 to 10 VU 1-49
2026-08-15 20:29:29,127 INFO o.a.j.t.JMeterThread: Thread finished: Spike Profile - 10 to 120 to 10 VU 1-55
2026-08-15 20:29:29,168 INFO o.a.j.t.JMeterThread: Thread finished: Spike Profile - 10 to 120 to 10 VU 1-50
2026-08-15 20:29:29,269 INFO o.a.j.t.JMeterThread: Thread finished: Spike Profile - 10 to 120 to 10 VU 1-56
2026-08-15 20:29:29,304 INFO o.a.j.t.JMeterThread: Thread finished: Spike Profile - 10 to 120 to 10 VU 1-58
2026-08-15 20:29:29,311 INFO o.a.j.t.JMeterThread: Thread finished: Spike Profile - 10 to 120 to 10 VU 1-63
2026-08-15 20:29:29,340 INFO o.a.j.t.JMeterThread: Thread finished: Spike Profile - 10 to 120 to 10 VU 1-37
2026-08-15 20:29:29,437 INFO o.a.j.t.JMeterThread: Thread finished: Spike Profile - 10 to 120 to 10 VU 1-61
2026-08-15 20:29:29,724 INFO o.a.j.t.JMeterThread: Thread finished: Spike Profile - 10 to 120 to 10 VU 1-46
2026-08-15 20:29:29,826 INFO o.a.j.t.JMeterThread: Thread finished: Spike Profile - 10 to 120 to 10 VU 1-40
2026-08-15 20:29:29,849 INFO o.a.j.t.JMeterThread: Thread finished: Spike Profile - 10 to 120 to 10 VU 1-48
2026-08-15 20:29:29,888 INFO o.a.j.t.JMeterThread: Thread finished: Spike Profile - 10 to 120 to 10 VU 1-39
2026-08-15 20:29:30,138 INFO o.a.j.r.Summariser: summary +     79 in 00:02:46 =    0.5/s Avg:  4830 Min:     1 Max: 10535 Err:     0 (0.00%) Active: 42 Started: 120 Finished: 78
2026-08-15 20:29:30,138 INFO o.a.j.t.JMeterThread: Thread finished: Spike Profile - 10 to 120 to 10 VU 1-44
2026-08-15 20:29:30,139 INFO o.a.j.t.JMeterThread: Thread finished: Spike Profile - 10 to 120 to 10 VU 1-51
2026-08-15 20:29:30,242 INFO o.a.j.t.JMeterThread: Thread finished: Spike Profile - 10 to 120 to 10 VU 1-43
2026-08-15 20:29:30,311 INFO o.a.j.t.JMeterThread: Thread finished: Spike Profile - 10 to 120 to 10 VU 1-23
2026-08-15 20:29:30,325 INFO o.a.j.t.JMeterThread: Thread finished: Spike Profile - 10 to 120 to 10 VU 1-35
2026-08-15 20:29:30,372 INFO o.a.j.t.JMeterThread: Thread finished: Spike Profile - 10 to 120 to 10 VU 1-31
2026-08-15 20:29:30,493 INFO o.a.j.t.JMeterThread: Thread finished: Spike Profile - 10 to 120 to 10 VU 1-36
2026-08-15 20:29:30,542 INFO o.a.j.t.JMeterThread: Thread finished: Spike Profile - 10 to 120 to 10 VU 1-25
2026-08-15 20:29:30,848 INFO o.a.j.t.JMeterThread: Thread finished: Spike Profile - 10 to 120 to 10 VU 1-33
2026-08-15 20:29:30,932 INFO o.a.j.t.JMeterThread: Thread finished: Spike Profile - 10 to 120 to 10 VU 1-27
2026-08-15 20:29:30,962 INFO o.a.j.t.JMeterThread: Thread finished: Spike Profile - 10 to 120 to 10 VU 1-45
2026-08-15 20:29:31,100 INFO o.a.j.t.JMeterThread: Thread finished: Spike Profile - 10 to 120 to 10 VU 1-14
2026-08-15 20:29:31,341 INFO o.a.j.t.JMeterThread: Thread finished: Spike Profile - 10 to 120 to 10 VU 1-38
2026-08-15 20:29:31,353 INFO o.a.j.t.JMeterThread: Thread finished: Spike Profile - 10 to 120 to 10 VU 1-41
2026-08-15 20:29:31,649 INFO o.a.j.t.JMeterThread: Thread finished: Spike Profile - 10 to 120 to 10 VU 1-28
2026-08-15 20:29:31,658 INFO o.a.j.t.JMeterThread: Thread finished: Spike Profile - 10 to 120 to 10 VU 1-32
2026-08-15 20:29:31,753 INFO o.a.j.t.JMeterThread: Thread finished: Spike Profile - 10 to 120 to 10 VU 1-17
2026-08-15 20:29:31,790 INFO o.a.j.t.JMeterThread: Thread finished: Spike Profile - 10 to 120 to 10 VU 1-15
2026-08-15 20:29:31,888 INFO o.a.j.t.JMeterThread: Thread finished: Spike Profile - 10 to 120 to 10 VU 1-34
2026-08-15 20:29:31,912 INFO o.a.j.t.JMeterThread: Thread finished: Spike Profile - 10 to 120 to 10 VU 1-11
2026-08-15 20:29:31,917 INFO o.a.j.t.JMeterThread: Thread finished: Spike Profile - 10 to 120 to 10 VU 1-30
2026-08-15 20:29:31,981 INFO o.a.j.t.JMeterThread: Thread finished: Spike Profile - 10 to 120 to 10 VU 1-26
2026-08-15 20:29:32,181 INFO o.a.j.t.JMeterThread: Thread finished: Spike Profile - 10 to 120 to 10 VU 1-21
2026-08-15 20:29:32,213 INFO o.a.j.t.JMeterThread: Thread finished: Spike Profile - 10 to 120 to 10 VU 1-20
2026-08-15 20:29:32,286 INFO o.a.j.t.JMeterThread: Thread finished: Spike Profile - 10 to 120 to 10 VU 1-29
2026-08-15 20:29:32,321 INFO o.a.j.t.JMeterThread: Thread finished: Spike Profile - 10 to 120 to 10 VU 1-18
2026-08-15 20:29:32,773 INFO o.a.j.t.JMeterThread: Thread finished: Spike Profile - 10 to 120 to 10 VU 1-19
2026-08-15 20:29:32,918 INFO o.a.j.t.JMeterThread: Thread finished: Spike Profile - 10 to 120 to 10 VU 1-24
2026-08-15 20:29:33,097 INFO o.a.j.t.JMeterThread: Thread finished: Spike Profile - 10 to 120 to 10 VU 1-22
2026-08-15 20:29:33,194 INFO o.a.j.t.JMeterThread: Thread finished: Spike Profile - 10 to 120 to 10 VU 1-13
2026-08-15 20:29:33,242 INFO o.a.j.t.JMeterThread: Thread finished: Spike Profile - 10 to 120 to 10 VU 1-12
2026-08-15 20:29:33,580 INFO o.a.j.t.JMeterThread: Thread finished: Spike Profile - 10 to 120 to 10 VU 1-16
2026-08-15 20:31:33,070 INFO o.a.j.r.Summariser: summary +     32 in 00:02:03 =    0.3/s Avg:  3958 Min:     1 Max:  9183 Err:     0 (0.00%) Active: 10 Started: 120 Finished: 110
2026-08-15 20:31:33,071 INFO o.a.j.r.Summariser: summary =    111 in 00:04:49 =    0.4/s Avg:  4579 Min:     1 Max: 10535 Err:     0 (0.00%)
2026-08-15 20:31:33,071 INFO o.a.j.t.JMeterThread: Thread finished: Spike Profile - 10 to 120 to 10 VU 1-10
2026-08-15 20:31:35,084 INFO o.a.j.t.JMeterThread: Thread finished: Spike Profile - 10 to 120 to 10 VU 1-9
2026-08-15 20:31:36,399 INFO o.a.j.t.JMeterThread: Thread finished: Spike Profile - 10 to 120 to 10 VU 1-8
2026-08-15 20:31:37,002 INFO o.a.j.t.JMeterThread: Thread finished: Spike Profile - 10 to 120 to 10 VU 1-7
2026-08-15 20:31:38,463 INFO o.a.j.t.JMeterThread: Thread finished: Spike Profile - 10 to 120 to 10 VU 1-6
2026-08-15 20:31:39,001 INFO o.a.j.t.JMeterThread: Thread finished: Spike Profile - 10 to 120 to 10 VU 1-5
2026-08-15 20:31:40,673 INFO o.a.j.t.JMeterThread: Thread finished: Spike Profile - 10 to 120 to 10 VU 1-4
2026-08-15 20:31:41,817 INFO o.a.j.t.JMeterThread: Thread finished: Spike Profile - 10 to 120 to 10 VU 1-2
2026-08-15 20:31:41,970 INFO o.a.j.t.JMeterThread: Thread finished: Spike Profile - 10 to 120 to 10 VU 1-3
2026-08-15 20:31:43,931 INFO o.a.j.t.JMeterThread: Thread finished: Spike Profile - 10 to 120 to 10 VU 1-1
2026-08-15 20:31:43,931 INFO o.a.j.e.StandardJMeterEngine: Notifying test listeners of end of test
2026-08-15 20:31:43,931 INFO o.a.j.r.Summariser: summary +      9 in 00:00:11 =    0.8/s Avg:  4995 Min:     1 Max:  7902 Err:     0 (0.00%) Active: 0 Started: 120 Finished: 120
2026-08-15 20:31:43,931 INFO o.a.j.r.Summariser: summary =    120 in 00:05:00 =    0.4/s Avg:  4610 Min:     1 Max: 10535 Err:     0 (0.00%)
2026-08-15 20:31:43,931 INFO o.a.j.JMeter: Generating Dashboard
2026-08-15 20:31:43,931 INFO o.a.j.r.d.ReportGenerator: Flushing result collector before report Generation
2026-08-15 20:31:43,973 INFO o.a.j.r.p.NormalizerSampleConsumer: Using format, 'ms', to parse timeStamp field
2026-08-15 20:31:44,270 INFO o.a.j.r.p.AbstractSampleConsumer: class org.apache.jmeter.report.processor.AggregateConsumer#stopProducing(): beginDate produced 0 samples
2026-08-15 20:31:44,270 INFO o.a.j.r.p.AbstractSampleConsumer: class org.apache.jmeter.report.processor.AggregateConsumer#stopProducing(): endDate produced 0 samples
2026-08-15 20:31:44,286 INFO o.a.j.r.p.AbstractSampleConsumer: class org.apache.jmeter.report.processor.ApdexSummaryConsumer#stopProducing(): apdexSummary produced 0 samples
2026-08-15 20:31:44,286 INFO o.a.j.r.p.AbstractSampleConsumer: class org.apache.jmeter.report.processor.RequestsSummaryConsumer#stopProducing(): requestsSummary produced 0 samples
2026-08-15 20:31:44,286 INFO o.a.j.r.p.AbstractSampleConsumer: class org.apache.jmeter.report.processor.StatisticsSummaryConsumer#stopProducing(): statisticsSummary produced 0 samples
2026-08-15 20:31:44,304 INFO o.a.j.r.p.AbstractSampleConsumer: class org.apache.jmeter.report.processor.Top5ErrorsBySamplerConsumer#stopProducing(): top5ErrorsBySampler produced 0 samples
2026-08-15 20:31:44,304 INFO o.a.j.r.p.AbstractSampleConsumer: class org.apache.jmeter.report.processor.ErrorsSummaryConsumer#stopProducing(): errorsSummary produced 0 samples
2026-08-15 20:31:44,304 INFO o.a.j.r.p.AbstractSampleConsumer: class org.apache.jmeter.report.processor.graph.impl.HitsPerSecondGraphConsumer#stopProducing(): hitsPerSecond produced 0 samples
2026-08-15 20:31:44,407 INFO o.a.j.r.p.AbstractSampleConsumer: class org.apache.jmeter.report.processor.graph.impl.LatencyVSRequestGraphConsumer#stopProducing(): latencyVsRequest produced 0 samples
2026-08-15 20:31:44,409 INFO o.a.j.r.p.AbstractSampleConsumer: class org.apache.jmeter.report.processor.graph.impl.SyntheticResponseTimeDistributionGraphConsumer#stopProducing(): syntheticResponseTimeDistribution produced 0 samples
2026-08-15 20:31:44,409 INFO o.a.j.r.p.AbstractSampleConsumer: class org.apache.jmeter.report.processor.graph.impl.BytesThroughputGraphConsumer#stopProducing(): bytesThroughputOverTime produced 0 samples
2026-08-15 20:31:44,409 INFO o.a.j.r.p.AbstractSampleConsumer: class org.apache.jmeter.report.processor.graph.impl.CodesPerSecondGraphConsumer#stopProducing(): codesPerSecond produced 0 samples
2026-08-15 20:31:44,477 INFO o.a.j.r.p.AbstractSampleConsumer: class org.apache.jmeter.report.processor.graph.impl.ResponseTimeVSRequestGraphConsumer#stopProducing(): responseTimeVsRequest produced 0 samples
2026-08-15 20:31:44,477 INFO o.a.j.r.p.AbstractSampleConsumer: class org.apache.jmeter.report.processor.FilterConsumer#stopProducing(): startIntervalControlerFilter produced 59451 samples
2026-08-15 20:31:44,477 INFO o.a.j.r.p.AbstractSampleConsumer: class org.apache.jmeter.report.processor.graph.impl.TotalTPSGraphConsumer#stopProducing(): totalTPS produced 0 samples
2026-08-15 20:31:44,477 INFO o.a.j.r.p.AbstractSampleConsumer: class org.apache.jmeter.report.processor.graph.impl.ActiveThreadsGraphConsumer#stopProducing(): activeThreadsOverTime produced 0 samples
2026-08-15 20:31:44,477 INFO o.a.j.r.p.AbstractSampleConsumer: class org.apache.jmeter.report.processor.graph.impl.TimeVSThreadGraphConsumer#stopProducing(): timeVsThreads produced 0 samples
2026-08-15 20:31:44,477 INFO o.a.j.r.p.AbstractSampleConsumer: class org.apache.jmeter.report.processor.graph.impl.ResponseTimeDistributionGraphConsumer#stopProducing(): responseTimeDistribution produced 0 samples
2026-08-15 20:31:44,477 INFO o.a.j.r.p.AbstractSampleConsumer: class org.apache.jmeter.report.processor.graph.impl.TransactionsPerSecondGraphConsumer#stopProducing(): transactionsPerSecond produced 0 samples
2026-08-15 20:31:44,477 INFO o.a.j.r.p.AbstractSampleConsumer: class org.apache.jmeter.report.processor.graph.impl.ResponseTimePercentilesGraphConsumer#stopProducing(): responseTimePercentiles produced 0 samples
2026-08-15 20:31:44,477 INFO o.a.j.r.p.AbstractSampleConsumer: class org.apache.jmeter.report.processor.graph.impl.ResponseTimePercentilesOverTimeGraphConsumer#stopProducing(): responseTimePercentilesOverTime produced 0 samples
2026-08-15 20:31:44,477 INFO o.a.j.r.p.AbstractSampleConsumer: class org.apache.jmeter.report.processor.graph.impl.ResponseTimeOverTimeGraphConsumer#stopProducing(): responseTimesOverTime produced 0 samples
2026-08-15 20:31:44,477 INFO o.a.j.r.p.AbstractSampleConsumer: class org.apache.jmeter.report.processor.graph.impl.ConnectTimeOverTimeGraphConsumer#stopProducing(): connectTimeOverTime produced 0 samples
2026-08-15 20:31:44,477 INFO o.a.j.r.p.AbstractSampleConsumer: class org.apache.jmeter.report.processor.graph.impl.LatencyOverTimeGraphConsumer#stopProducing(): latenciesOverTime produced 0 samples
2026-08-15 20:31:44,477 INFO o.a.j.r.p.AbstractSampleConsumer: class org.apache.jmeter.report.processor.FilterConsumer#stopProducing(): nameFilter produced 147345 samples
2026-08-15 20:31:44,477 INFO o.a.j.r.p.AbstractSampleConsumer: class org.apache.jmeter.report.processor.FilterConsumer#stopProducing(): dateRangeFilter produced 29469 samples
2026-08-15 20:31:44,477 INFO o.a.j.r.p.AbstractSampleConsumer: class org.apache.jmeter.report.processor.NormalizerSampleConsumer#stopProducing(): normalizer produced 9823 samples
2026-08-15 20:31:44,477 INFO o.a.j.r.p.CsvFileSampleSource: produce(): 9823 samples produced in 489ms on channel 0
2026-08-15 20:31:44,477 INFO o.a.j.r.d.ReportGenerator: Exporting data using exporter:'json' of className:'org.apache.jmeter.report.dashboard.JsonExporter'
2026-08-15 20:31:44,537 INFO o.a.j.r.d.JsonExporter: Found data for consumer statisticsSummary in context
2026-08-15 20:31:44,537 INFO o.a.j.r.d.JsonExporter: Creating statistics for overall
2026-08-15 20:31:44,538 INFO o.a.j.r.d.JsonExporter: Creating statistics for other transactions
2026-08-15 20:31:44,538 INFO o.a.j.r.d.JsonExporter: Checking output folder
2026-08-15 20:31:44,538 INFO o.a.j.r.d.JsonExporter: Writing statistics JSON to D:\group05_eshop\HW\week09\TheDat\results\spike\23127340_Spike_20260815_202641_html\statistics.json
2026-08-15 20:31:44,565 INFO o.a.j.r.d.ReportGenerator: Exporting data using exporter:'html' of className:'org.apache.jmeter.report.dashboard.HtmlTemplateExporter'
2026-08-15 20:31:44,565 INFO o.a.j.r.d.HtmlTemplateExporter: Will generate dashboard in folder: D:\group05_eshop\HW\week09\TheDat\results\spike\23127340_Spike_20260815_202641_html
2026-08-15 20:31:44,656 INFO o.a.j.r.d.HtmlTemplateExporter: Report will be generated in: D:\group05_eshop\HW\week09\TheDat\results\spike\23127340_Spike_20260815_202641_html, creating folder structure
2026-08-15 20:31:44,658 INFO o.a.j.r.d.TemplateVisitor: Copying folder from 'C:\tools\apache-jmeter-5.6.3\bin\report-template' to 'D:\group05_eshop\HW\week09\TheDat\results\spike\23127340_Spike_20260815_202641_html', got message: D:\group05_eshop\HW\week09\TheDat\results\spike\23127340_Spike_20260815_202641_html, found non empty folder with following content [D:\group05_eshop\HW\week09\TheDat\results\spike\23127340_Spike_20260815_202641_html\statistics.json], will be ignored
2026-08-15 20:31:44,829 INFO o.a.j.JMeter: Dashboard generated
