2026-08-15 22:20:11,972 INFO o.a.j.u.JMeterUtils: Setting Locale to en_EN
2026-08-15 22:20:11,985 INFO o.a.j.JMeter: Loading user properties from: C:\tools\apache-jmeter-5.6.3\bin\user.properties
2026-08-15 22:20:11,985 INFO o.a.j.JMeter: Loading system properties from: C:\tools\apache-jmeter-5.6.3\bin\system.properties
2026-08-15 22:20:11,988 INFO o.a.j.JMeter: Copyright (c) 1998-2024 The Apache Software Foundation
2026-08-15 22:20:11,988 INFO o.a.j.JMeter: Version 5.6.3
2026-08-15 22:20:11,988 INFO o.a.j.JMeter: java.version=21.0.11
2026-08-15 22:20:11,988 INFO o.a.j.JMeter: java.vm.name=Java HotSpot(TM) 64-Bit Server VM
2026-08-15 22:20:11,988 INFO o.a.j.JMeter: os.name=Windows 11
2026-08-15 22:20:11,988 INFO o.a.j.JMeter: os.arch=amd64
2026-08-15 22:20:11,993 INFO o.a.j.JMeter: os.version=10.0
2026-08-15 22:20:11,993 INFO o.a.j.JMeter: file.encoding=UTF-8
2026-08-15 22:20:11,993 INFO o.a.j.JMeter: java.awt.headless=null
2026-08-15 22:20:11,993 INFO o.a.j.JMeter: Max memory     =1073741824
2026-08-15 22:20:11,993 INFO o.a.j.JMeter: Available Processors =16
2026-08-15 22:20:11,993 INFO o.a.j.JMeter: Default Locale=English (EN)
2026-08-15 22:20:11,993 INFO o.a.j.JMeter: JMeter  Locale=English (EN)
2026-08-15 22:20:11,993 INFO o.a.j.JMeter: JMeterHome=C:\tools\apache-jmeter-5.6.3
2026-08-15 22:20:11,993 INFO o.a.j.JMeter: user.dir  =D:\group05_eshop
2026-08-15 22:20:11,993 INFO o.a.j.JMeter: PWD       =D:\group05_eshop
2026-08-15 22:20:11,993 INFO o.a.j.JMeter: IP: 192.168.1.10 Name: LAPTOP-MVP7T81B FullName: LAPTOP-MVP7T81B
2026-08-15 22:20:12,004 INFO o.a.j.JMeter: Loaded icon properties from org/apache/jmeter/images/icon.properties
2026-08-15 22:20:12,113 INFO o.a.j.JMeterGuiLauncher: Setting LAF to: com.github.weisj.darklaf.DarkLaf:com.github.weisj.darklaf.theme.DarculaTheme
2026-08-15 22:20:45,252 INFO o.a.j.r.ClassFinder: Will scan jar C:\tools\apache-jmeter-5.6.3\lib\ext\jmeter-plugins-manager-2.0.jar with filter ExtendsClassFilter [parents=[interface org.apache.jmeter.gui.action.Command], inner=false, contains=null, notContains=null]. Consider exposing JMeter plugins via META-INF/services, and add JMeter-Skip-Class-Scanning=true manifest attribute so JMeter can skip classfile scanning
2026-08-15 22:20:45,284 INFO o.a.j.r.ClassFinder: Will scan jar C:\tools\apache-jmeter-5.6.3\lib\ext\jmeter-plugins-manager-1.12.jar with filter ExtendsClassFilter [parents=[interface org.apache.jmeter.gui.action.Command], inner=false, contains=null, notContains=null]. Consider exposing JMeter plugins via META-INF/services, and add JMeter-Skip-Class-Scanning=true manifest attribute so JMeter can skip classfile scanning
2026-08-15 22:20:45,354 INFO o.a.j.r.ClassFinder: Will scan jar C:\tools\apache-jmeter-5.6.3\lib\ext\jmeter-plugins-casutg-3.1.1.jar with filter ExtendsClassFilter [parents=[interface org.apache.jmeter.gui.action.Command], inner=false, contains=null, notContains=null]. Consider exposing JMeter plugins via META-INF/services, and add JMeter-Skip-Class-Scanning=true manifest attribute so JMeter can skip classfile scanning
2026-08-15 22:20:45,415 INFO o.a.j.r.ClassFinder: Will scan jar C:\tools\apache-jmeter-5.6.3\lib\ext\jmeter-plugins-manager-2.0.jar with filter ExtendsClassFilter [parents=[interface org.apache.jmeter.gui.plugin.MenuCreator], inner=false, contains=null, notContains=null]. Consider exposing JMeter plugins via META-INF/services, and add JMeter-Skip-Class-Scanning=true manifest attribute so JMeter can skip classfile scanning
2026-08-15 22:20:45,418 INFO o.a.j.r.ClassFinder: Will scan jar C:\tools\apache-jmeter-5.6.3\lib\ext\jmeter-plugins-manager-1.12.jar with filter ExtendsClassFilter [parents=[interface org.apache.jmeter.gui.plugin.MenuCreator], inner=false, contains=null, notContains=null]. Consider exposing JMeter plugins via META-INF/services, and add JMeter-Skip-Class-Scanning=true manifest attribute so JMeter can skip classfile scanning
2026-08-15 22:20:45,419 INFO o.a.j.r.ClassFinder: Will scan jar C:\tools\apache-jmeter-5.6.3\lib\ext\jmeter-plugins-casutg-3.1.1.jar with filter ExtendsClassFilter [parents=[interface org.apache.jmeter.gui.plugin.MenuCreator], inner=false, contains=null, notContains=null]. Consider exposing JMeter plugins via META-INF/services, and add JMeter-Skip-Class-Scanning=true manifest attribute so JMeter can skip classfile scanning
2026-08-15 22:20:45,489 WARN o.j.r.PluginManager: Found JAR conflict: C:\tools\apache-jmeter-5.6.3\lib\ext\jmeter-plugins-manager-2.0.jar and C:\tools\apache-jmeter-5.6.3\lib\ext\jmeter-plugins-manager-1.12.jar
2026-08-15 22:20:45,559 INFO o.j.r.JARSourceHTTP: Requesting https://jmeter-plugins.org/repo/?installID=windows_11-98cb51e0d4c6d89645f4ead43247fbf8-gui
2026-08-15 22:20:47,715 INFO o.j.r.PluginManager: Plugins Status: [jpgc-casutg=3.1.1, jpgc-plugins-manager=1.12, jmeter-core=5.6.3, jmeter-ftp=5.6.3, jmeter-http=5.6.3, jmeter-jdbc=5.6.3, jmeter-jms=5.6.3, jmeter-junit=5.6.3, jmeter-java=5.6.3, jmeter-ldap=5.6.3, jmeter-mail=5.6.3, jmeter-mongodb=5.6.3, jmeter-native=5.6.3, jmeter-tcp=5.6.3, jmeter-components=5.6.3]
2026-08-15 22:20:47,715 INFO o.j.r.PluginManagerMenuItem: Plugins Manager has upgrades: [jpgc-plugins-manager]
2026-08-15 22:22:01,485 INFO o.a.j.s.FileServer: Default base='D:\group05_eshop'
2026-08-15 22:22:01,487 INFO o.a.j.g.a.Load: Loading file: D:\group05_eshop\HW\week09\TheDat\test-plans\23127340_Endurance_20260815.jmx
2026-08-15 22:22:01,487 INFO o.a.j.s.FileServer: Set new base='D:\group05_eshop\HW\week09\TheDat\test-plans'
2026-08-15 22:22:01,589 INFO o.a.j.s.SaveService: Testplan (JMX) version: 2.2. Testlog (JTL) version: 2.2
2026-08-15 22:22:01,589 INFO o.a.j.s.SaveService: Using SaveService properties version 5.0
2026-08-15 22:22:01,589 INFO o.a.j.s.SaveService: Using SaveService properties file encoding UTF-8
2026-08-15 22:22:01,589 INFO o.a.j.s.SaveService: Loading file: D:\group05_eshop\HW\week09\TheDat\test-plans\23127340_Endurance_20260815.jmx
2026-08-15 22:22:01,679 INFO o.a.j.p.h.s.HTTPSamplerBase: Parser for text/html is org.apache.jmeter.protocol.http.parser.LagartoBasedHtmlParser
2026-08-15 22:22:01,679 INFO o.a.j.p.h.s.HTTPSamplerBase: Parser for application/xhtml+xml is org.apache.jmeter.protocol.http.parser.LagartoBasedHtmlParser
2026-08-15 22:22:01,679 INFO o.a.j.p.h.s.HTTPSamplerBase: Parser for application/xml is org.apache.jmeter.protocol.http.parser.LagartoBasedHtmlParser
2026-08-15 22:22:01,679 INFO o.a.j.p.h.s.HTTPSamplerBase: Parser for text/xml is org.apache.jmeter.protocol.http.parser.LagartoBasedHtmlParser
2026-08-15 22:22:01,679 INFO o.a.j.p.h.s.HTTPSamplerBase: Parser for text/vnd.wap.wml is org.apache.jmeter.protocol.http.parser.RegexpHTMLParser
2026-08-15 22:22:01,679 INFO o.a.j.p.h.s.HTTPSamplerBase: Parser for text/css is org.apache.jmeter.protocol.http.parser.CssParser
2026-08-15 22:22:01,810 INFO o.a.j.e.u.CompoundVariable: Note: Function class names must contain the string: '.functions.'
2026-08-15 22:22:01,810 INFO o.a.j.e.u.CompoundVariable: Note: Function class names must not contain the string: '.gui.'
2026-08-15 22:22:01,837 INFO o.a.j.r.ClassFinder: Will scan jar C:\tools\apache-jmeter-5.6.3\lib\ext\jmeter-plugins-manager-2.0.jar with filter ExtendsClassFilter [parents=[interface org.apache.jmeter.functions.Function], inner=false, contains=null, notContains=null]. Consider exposing JMeter plugins via META-INF/services, and add JMeter-Skip-Class-Scanning=true manifest attribute so JMeter can skip classfile scanning
2026-08-15 22:22:01,837 INFO o.a.j.r.ClassFinder: Will scan jar C:\tools\apache-jmeter-5.6.3\lib\ext\jmeter-plugins-manager-1.12.jar with filter ExtendsClassFilter [parents=[interface org.apache.jmeter.functions.Function], inner=false, contains=null, notContains=null]. Consider exposing JMeter plugins via META-INF/services, and add JMeter-Skip-Class-Scanning=true manifest attribute so JMeter can skip classfile scanning
2026-08-15 22:22:01,840 INFO o.a.j.r.ClassFinder: Will scan jar C:\tools\apache-jmeter-5.6.3\lib\ext\jmeter-plugins-casutg-3.1.1.jar with filter ExtendsClassFilter [parents=[interface org.apache.jmeter.functions.Function], inner=false, contains=null, notContains=null]. Consider exposing JMeter plugins via META-INF/services, and add JMeter-Skip-Class-Scanning=true manifest attribute so JMeter can skip classfile scanning
2026-08-15 22:22:02,168 INFO o.a.j.s.FileServer: Set new base='D:\group05_eshop\HW\week09\TheDat\test-plans'
