2026-08-15 19:29:15,044 INFO o.a.j.u.JMeterUtils: Setting Locale to en_EN
2026-08-15 19:29:15,063 INFO o.a.j.JMeter: Loading user properties from: C:\tools\apache-jmeter-5.6.3\bin\user.properties
2026-08-15 19:29:15,064 INFO o.a.j.JMeter: Loading system properties from: C:\tools\apache-jmeter-5.6.3\bin\system.properties
2026-08-15 19:29:15,067 INFO o.a.j.JMeter: Copyright (c) 1998-2024 The Apache Software Foundation
2026-08-15 19:29:15,067 INFO o.a.j.JMeter: Version 5.6.3
2026-08-15 19:29:15,067 INFO o.a.j.JMeter: java.version=21.0.11
2026-08-15 19:29:15,067 INFO o.a.j.JMeter: java.vm.name=Java HotSpot(TM) 64-Bit Server VM
2026-08-15 19:29:15,067 INFO o.a.j.JMeter: os.name=Windows 11
2026-08-15 19:29:15,069 INFO o.a.j.JMeter: os.arch=amd64
2026-08-15 19:29:15,069 INFO o.a.j.JMeter: os.version=10.0
2026-08-15 19:29:15,069 INFO o.a.j.JMeter: file.encoding=UTF-8
2026-08-15 19:29:15,069 INFO o.a.j.JMeter: java.awt.headless=true
2026-08-15 19:29:15,069 INFO o.a.j.JMeter: Max memory     =1073741824
2026-08-15 19:29:15,069 INFO o.a.j.JMeter: Available Processors =16
2026-08-15 19:29:15,074 INFO o.a.j.JMeter: Default Locale=English (EN)
2026-08-15 19:29:15,074 INFO o.a.j.JMeter: JMeter  Locale=English (EN)
2026-08-15 19:29:15,074 INFO o.a.j.JMeter: JMeterHome=C:\tools\apache-jmeter-5.6.3
2026-08-15 19:29:15,074 INFO o.a.j.JMeter: user.dir  =D:\group05_eshop
2026-08-15 19:29:15,074 INFO o.a.j.JMeter: PWD       =D:\group05_eshop
2026-08-15 19:29:15,074 INFO o.a.j.JMeter: IP: 192.168.1.10 Name: LAPTOP-MVP7T81B FullName: LAPTOP-MVP7T81B
2026-08-15 19:29:15,081 INFO o.a.j.JMeter: Setting property 'jmeter.reportgenerator.outputdir' to:'D:\group05_eshop\HW\week09\TheDat\results\stress\23127340_Stress_20260815_192909_html'
2026-08-15 19:29:15,081 INFO o.a.j.s.FileServer: Default base='D:\group05_eshop'
2026-08-15 19:29:15,081 INFO o.a.j.s.FileServer: Set new base='D:\group05_eshop\HW\week09\TheDat\test-plans'
2026-08-15 19:29:15,193 INFO o.a.j.s.SaveService: Testplan (JMX) version: 2.2. Testlog (JTL) version: 2.2
2026-08-15 19:29:15,218 INFO o.a.j.s.SaveService: Using SaveService properties version 5.0
2026-08-15 19:29:15,221 INFO o.a.j.s.SaveService: Using SaveService properties file encoding UTF-8
2026-08-15 19:29:15,224 INFO o.a.j.s.SaveService: Loading file: HW\week09\TheDat\test-plans\23127340_Stress_20260815.jmx
2026-08-15 19:29:15,266 INFO o.a.j.p.h.s.HTTPSamplerBase: Parser for text/html is org.apache.jmeter.protocol.http.parser.LagartoBasedHtmlParser
2026-08-15 19:29:15,266 INFO o.a.j.p.h.s.HTTPSamplerBase: Parser for application/xhtml+xml is org.apache.jmeter.protocol.http.parser.LagartoBasedHtmlParser
2026-08-15 19:29:15,266 INFO o.a.j.p.h.s.HTTPSamplerBase: Parser for application/xml is org.apache.jmeter.protocol.http.parser.LagartoBasedHtmlParser
2026-08-15 19:29:15,266 INFO o.a.j.p.h.s.HTTPSamplerBase: Parser for text/xml is org.apache.jmeter.protocol.http.parser.LagartoBasedHtmlParser
2026-08-15 19:29:15,266 INFO o.a.j.p.h.s.HTTPSamplerBase: Parser for text/vnd.wap.wml is org.apache.jmeter.protocol.http.parser.RegexpHTMLParser
2026-08-15 19:29:15,266 INFO o.a.j.p.h.s.HTTPSamplerBase: Parser for text/css is org.apache.jmeter.protocol.http.parser.CssParser
2026-08-15 19:29:15,306 INFO o.a.j.JMeter: Creating summariser <summary>
2026-08-15 19:29:15,308 INFO o.a.j.r.d.ReportGenerator: ReportGenerator will use for Parsing the separator: ','
2026-08-15 19:29:15,308 INFO o.a.j.r.d.ReportGenerator: Will generate report at end of test from  results file: HW/week09/TheDat/results/stress/23127340_Stress_20260815_192909.jtl
2026-08-15 19:29:15,308 INFO o.a.j.r.d.ReportGenerator: Reading report generator properties from: C:\tools\apache-jmeter-5.6.3\bin\reportgenerator.properties
2026-08-15 19:29:15,309 INFO o.a.j.r.d.ReportGenerator: Merging with JMeter properties
2026-08-15 19:29:15,311 INFO o.a.j.r.c.ReportGeneratorConfiguration: Property 'jmeter.reportgenerator.temp_dir' not found, using default value 'temp' instead.
2026-08-15 19:29:15,313 INFO o.a.j.r.c.ReportGeneratorConfiguration: Property 'jmeter.reportgenerator.apdex_per_transaction' not found, using default value 'null' instead.
2026-08-15 19:29:15,313 INFO o.a.j.r.c.ReportGeneratorConfiguration: apdex_per_transaction is empty, not APDEX per transaction customization
2026-08-15 19:29:15,314 INFO o.a.j.r.c.ReportGeneratorConfiguration: Property 'jmeter.reportgenerator.sample_filter' not found, using default value 'null' instead.
2026-08-15 19:29:15,314 INFO o.a.j.r.c.ReportGeneratorConfiguration: Property 'jmeter.reportgenerator.report_title' not found, using default value 'null' instead.
2026-08-15 19:29:15,314 INFO o.a.j.r.c.ReportGeneratorConfiguration: Property 'jmeter.reportgenerator.start_date' not found, using default value 'null' instead.
2026-08-15 19:29:15,314 INFO o.a.j.r.c.ReportGeneratorConfiguration: Property 'jmeter.reportgenerator.end_date' not found, using default value 'null' instead.
2026-08-15 19:29:15,314 INFO o.a.j.r.c.ReportGeneratorConfiguration: Property 'jmeter.reportgenerator.date_format' not found, using default value 'null' instead.
2026-08-15 19:29:15,314 INFO o.a.j.r.c.ReportGeneratorConfiguration: Will use date range start date: null, end date: null
2026-08-15 19:29:15,316 INFO o.a.j.r.c.ReportGeneratorConfiguration: Property 'jmeter.reportgenerator.graph.totalTPS.exclude_controllers' not found, using default value 'false' instead.
2026-08-15 19:29:15,316 INFO o.a.j.r.c.ReportGeneratorConfiguration: Property 'jmeter.reportgenerator.graph.activeThreadsOverTime.exclude_controllers' not found, using default value 'false' instead.
2026-08-15 19:29:15,316 INFO o.a.j.r.c.ReportGeneratorConfiguration: Property 'jmeter.reportgenerator.graph.timeVsThreads.exclude_controllers' not found, using default value 'false' instead.
2026-08-15 19:29:15,316 INFO o.a.j.r.c.ReportGeneratorConfiguration: Property 'jmeter.reportgenerator.graph.responseTimeDistribution.exclude_controllers' not found, using default value 'false' instead.
2026-08-15 19:29:15,316 INFO o.a.j.r.c.ReportGeneratorConfiguration: Property 'jmeter.reportgenerator.graph.transactionsPerSecond.exclude_controllers' not found, using default value 'false' instead.
2026-08-15 19:29:15,316 INFO o.a.j.r.c.ReportGeneratorConfiguration: Property 'jmeter.reportgenerator.graph.responseTimePercentiles.exclude_controllers' not found, using default value 'false' instead.
2026-08-15 19:29:15,316 INFO o.a.j.r.c.ReportGeneratorConfiguration: Property 'jmeter.reportgenerator.graph.responseTimePercentilesOverTime.exclude_controllers' not found, using default value 'false' instead.
2026-08-15 19:29:15,316 INFO o.a.j.r.c.ReportGeneratorConfiguration: Property 'jmeter.reportgenerator.graph.responseTimesOverTime.exclude_controllers' not found, using default value 'false' instead.
2026-08-15 19:29:15,316 INFO o.a.j.r.c.ReportGeneratorConfiguration: Property 'jmeter.reportgenerator.graph.connectTimeOverTime.exclude_controllers' not found, using default value 'false' instead.
2026-08-15 19:29:15,316 INFO o.a.j.r.c.ReportGeneratorConfiguration: Property 'jmeter.reportgenerator.graph.latenciesOverTime.exclude_controllers' not found, using default value 'false' instead.
2026-08-15 19:29:15,316 INFO o.a.j.r.c.ReportGeneratorConfiguration: Property 'jmeter.reportgenerator.exporter.json.filters_only_sample_series' not found, using default value 'true' instead.
2026-08-15 19:29:15,316 INFO o.a.j.r.c.ReportGeneratorConfiguration: Property 'jmeter.reportgenerator.exporter.json.series_filter' not found, using default value '' instead.
2026-08-15 19:29:15,316 INFO o.a.j.r.c.ReportGeneratorConfiguration: Property 'jmeter.reportgenerator.exporter.json.show_controllers_only' not found, using default value 'false' instead.
2026-08-15 19:29:15,316 INFO o.a.j.r.c.ReportGeneratorConfiguration: Property 'jmeter.reportgenerator.exporter.html.filters_only_sample_series' not found, using default value 'true' instead.
2026-08-15 19:29:15,316 INFO o.a.j.r.c.ReportGeneratorConfiguration: Property 'jmeter.reportgenerator.exporter.html.series_filter' not found, using default value '' instead.
2026-08-15 19:29:15,316 INFO o.a.j.r.c.ReportGeneratorConfiguration: Property 'jmeter.reportgenerator.exporter.html.show_controllers_only' not found, using default value 'false' instead.
2026-08-15 19:29:15,327 INFO o.a.j.e.StandardJMeterEngine: Running the test!
2026-08-15 19:29:15,327 INFO o.a.j.s.SampleEvent: List of sample_variables: []
2026-08-15 19:29:15,327 INFO o.a.j.s.SampleEvent: List of sample_variables: []
2026-08-15 19:29:15,327 INFO o.a.j.e.u.CompoundVariable: Note: Function class names must contain the string: '.functions.'
2026-08-15 19:29:15,327 INFO o.a.j.e.u.CompoundVariable: Note: Function class names must not contain the string: '.gui.'
2026-08-15 19:29:15,358 INFO o.a.j.r.ClassFinder: Will scan jar C:\tools\apache-jmeter-5.6.3\lib\ext\jmeter-plugins-manager-2.0.jar with filter ExtendsClassFilter [parents=[interface org.apache.jmeter.functions.Function], inner=false, contains=null, notContains=null]. Consider exposing JMeter plugins via META-INF/services, and add JMeter-Skip-Class-Scanning=true manifest attribute so JMeter can skip classfile scanning
2026-08-15 19:29:15,376 INFO o.a.j.r.ClassFinder: Will scan jar C:\tools\apache-jmeter-5.6.3\lib\ext\jmeter-plugins-manager-1.12.jar with filter ExtendsClassFilter [parents=[interface org.apache.jmeter.functions.Function], inner=false, contains=null, notContains=null]. Consider exposing JMeter plugins via META-INF/services, and add JMeter-Skip-Class-Scanning=true manifest attribute so JMeter can skip classfile scanning
2026-08-15 19:29:15,428 INFO o.a.j.r.ClassFinder: Will scan jar C:\tools\apache-jmeter-5.6.3\lib\ext\jmeter-plugins-casutg-3.1.1.jar with filter ExtendsClassFilter [parents=[interface org.apache.jmeter.functions.Function], inner=false, contains=null, notContains=null]. Consider exposing JMeter plugins via META-INF/services, and add JMeter-Skip-Class-Scanning=true manifest attribute so JMeter can skip classfile scanning
2026-08-15 19:29:15,563 INFO o.a.j.JMeter: Running test (1786796955563)
2026-08-15 19:29:15,573 INFO o.a.j.e.StandardJMeterEngine: Starting ThreadGroup: 1 : Stress Step Profile - 20 to 160 VU
2026-08-15 19:29:15,573 INFO o.a.j.e.StandardJMeterEngine: Starting 160 threads for group Stress Step Profile - 20 to 160 VU.
2026-08-15 19:29:15,573 INFO o.a.j.e.StandardJMeterEngine: Thread will start next loop on error
2026-08-15 19:29:15,573 INFO k.a.j.t.AbstractSimpleThreadGroup: Starting thread group number 1 threads 160
2026-08-15 19:29:15,579 INFO o.a.j.s.SampleResult: Note: Sample TimeStamps are START times
2026-08-15 19:29:15,579 INFO o.a.j.s.SampleResult: sampleresult.default.encoding is set to UTF-8
2026-08-15 19:29:15,579 INFO o.a.j.s.SampleResult: sampleresult.useNanoTime=true
2026-08-15 19:29:15,579 INFO o.a.j.s.SampleResult: sampleresult.nanoThreadSleep=5000
2026-08-15 19:29:15,629 INFO k.a.j.t.AbstractSimpleThreadGroup: Started thread group number 1
2026-08-15 19:29:15,629 INFO o.a.j.e.StandardJMeterEngine: All thread groups have been started
2026-08-15 19:29:17,074 INFO o.a.j.t.JMeterThread: Thread started: Stress Step Profile - 20 to 160 VU 1-20
2026-08-15 19:29:17,697 INFO o.a.j.p.h.s.HTTPHCAbstractImpl: Local host = LAPTOP-MVP7T81B
2026-08-15 19:29:17,697 INFO o.a.j.p.h.s.HTTPHC4Impl: HTTP request retry count = 0
2026-08-15 19:29:18,573 INFO o.a.j.t.JMeterThread: Thread started: Stress Step Profile - 20 to 160 VU 1-19
2026-08-15 19:29:20,087 INFO o.a.j.t.JMeterThread: Thread started: Stress Step Profile - 20 to 160 VU 1-18
2026-08-15 19:29:21,576 INFO o.a.j.t.JMeterThread: Thread started: Stress Step Profile - 20 to 160 VU 1-17
2026-08-15 19:29:23,074 INFO o.a.j.t.JMeterThread: Thread started: Stress Step Profile - 20 to 160 VU 1-16
2026-08-15 19:29:24,574 INFO o.a.j.t.JMeterThread: Thread started: Stress Step Profile - 20 to 160 VU 1-15
2026-08-15 19:29:26,073 INFO o.a.j.t.JMeterThread: Thread started: Stress Step Profile - 20 to 160 VU 1-14
2026-08-15 19:29:26,213 INFO o.a.j.u.JsseSSLManager: Using default SSL protocol: TLS
2026-08-15 19:29:26,213 INFO o.a.j.u.JsseSSLManager: SSL session context: per-thread
2026-08-15 19:29:27,573 INFO o.a.j.t.JMeterThread: Thread started: Stress Step Profile - 20 to 160 VU 1-13
2026-08-15 19:29:29,074 INFO o.a.j.t.JMeterThread: Thread started: Stress Step Profile - 20 to 160 VU 1-12
2026-08-15 19:29:30,575 INFO o.a.j.t.JMeterThread: Thread started: Stress Step Profile - 20 to 160 VU 1-11
2026-08-15 19:29:32,073 INFO o.a.j.t.JMeterThread: Thread started: Stress Step Profile - 20 to 160 VU 1-10
2026-08-15 19:29:33,573 INFO o.a.j.t.JMeterThread: Thread started: Stress Step Profile - 20 to 160 VU 1-9
2026-08-15 19:29:35,073 INFO o.a.j.t.JMeterThread: Thread started: Stress Step Profile - 20 to 160 VU 1-8
2026-08-15 19:29:36,573 INFO o.a.j.t.JMeterThread: Thread started: Stress Step Profile - 20 to 160 VU 1-7
2026-08-15 19:29:38,074 INFO o.a.j.t.JMeterThread: Thread started: Stress Step Profile - 20 to 160 VU 1-6
2026-08-15 19:29:39,574 INFO o.a.j.t.JMeterThread: Thread started: Stress Step Profile - 20 to 160 VU 1-5
2026-08-15 19:29:41,074 INFO o.a.j.t.JMeterThread: Thread started: Stress Step Profile - 20 to 160 VU 1-4
2026-08-15 19:29:42,573 INFO o.a.j.t.JMeterThread: Thread started: Stress Step Profile - 20 to 160 VU 1-3
2026-08-15 19:29:44,074 INFO o.a.j.t.JMeterThread: Thread started: Stress Step Profile - 20 to 160 VU 1-2
2026-08-15 19:29:45,573 INFO o.a.j.t.JMeterThread: Thread started: Stress Step Profile - 20 to 160 VU 1-1
2026-08-15 19:31:47,073 INFO o.a.j.t.JMeterThread: Thread started: Stress Step Profile - 20 to 160 VU 1-40
2026-08-15 19:31:48,573 INFO o.a.j.t.JMeterThread: Thread started: Stress Step Profile - 20 to 160 VU 1-39
2026-08-15 19:31:50,074 INFO o.a.j.t.JMeterThread: Thread started: Stress Step Profile - 20 to 160 VU 1-38
2026-08-15 19:31:51,575 INFO o.a.j.t.JMeterThread: Thread started: Stress Step Profile - 20 to 160 VU 1-37
2026-08-15 19:31:53,074 INFO o.a.j.t.JMeterThread: Thread started: Stress Step Profile - 20 to 160 VU 1-36
2026-08-15 19:31:54,573 INFO o.a.j.t.JMeterThread: Thread started: Stress Step Profile - 20 to 160 VU 1-35
2026-08-15 19:31:56,073 INFO o.a.j.t.JMeterThread: Thread started: Stress Step Profile - 20 to 160 VU 1-34
2026-08-15 19:31:57,573 INFO o.a.j.t.JMeterThread: Thread started: Stress Step Profile - 20 to 160 VU 1-33
2026-08-15 19:31:59,073 INFO o.a.j.t.JMeterThread: Thread started: Stress Step Profile - 20 to 160 VU 1-32
2026-08-15 19:32:00,574 INFO o.a.j.t.JMeterThread: Thread started: Stress Step Profile - 20 to 160 VU 1-31
2026-08-15 19:32:02,074 INFO o.a.j.t.JMeterThread: Thread started: Stress Step Profile - 20 to 160 VU 1-30
2026-08-15 19:32:03,574 INFO o.a.j.t.JMeterThread: Thread started: Stress Step Profile - 20 to 160 VU 1-29
2026-08-15 19:32:05,074 INFO o.a.j.t.JMeterThread: Thread started: Stress Step Profile - 20 to 160 VU 1-28
2026-08-15 19:32:06,573 INFO o.a.j.t.JMeterThread: Thread started: Stress Step Profile - 20 to 160 VU 1-27
2026-08-15 19:32:08,073 INFO o.a.j.t.JMeterThread: Thread started: Stress Step Profile - 20 to 160 VU 1-26
2026-08-15 19:32:09,573 INFO o.a.j.t.JMeterThread: Thread started: Stress Step Profile - 20 to 160 VU 1-25
2026-08-15 19:32:11,073 INFO o.a.j.t.JMeterThread: Thread started: Stress Step Profile - 20 to 160 VU 1-24
2026-08-15 19:32:12,573 INFO o.a.j.t.JMeterThread: Thread started: Stress Step Profile - 20 to 160 VU 1-23
2026-08-15 19:32:14,073 INFO o.a.j.t.JMeterThread: Thread started: Stress Step Profile - 20 to 160 VU 1-22
2026-08-15 19:32:15,574 INFO o.a.j.t.JMeterThread: Thread started: Stress Step Profile - 20 to 160 VU 1-21
2026-08-15 19:34:16,325 INFO o.a.j.t.JMeterThread: Thread started: Stress Step Profile - 20 to 160 VU 1-80
2026-08-15 19:34:17,074 INFO o.a.j.t.JMeterThread: Thread started: Stress Step Profile - 20 to 160 VU 1-79
2026-08-15 19:34:17,824 INFO o.a.j.t.JMeterThread: Thread started: Stress Step Profile - 20 to 160 VU 1-78
2026-08-15 19:34:18,574 INFO o.a.j.t.JMeterThread: Thread started: Stress Step Profile - 20 to 160 VU 1-77
2026-08-15 19:34:19,324 INFO o.a.j.t.JMeterThread: Thread started: Stress Step Profile - 20 to 160 VU 1-76
2026-08-15 19:34:20,073 INFO o.a.j.t.JMeterThread: Thread started: Stress Step Profile - 20 to 160 VU 1-75
2026-08-15 19:34:20,823 INFO o.a.j.t.JMeterThread: Thread started: Stress Step Profile - 20 to 160 VU 1-74
2026-08-15 19:34:21,574 INFO o.a.j.t.JMeterThread: Thread started: Stress Step Profile - 20 to 160 VU 1-73
2026-08-15 19:34:22,323 INFO o.a.j.t.JMeterThread: Thread started: Stress Step Profile - 20 to 160 VU 1-72
2026-08-15 19:34:23,074 INFO o.a.j.t.JMeterThread: Thread started: Stress Step Profile - 20 to 160 VU 1-71
2026-08-15 19:34:23,824 INFO o.a.j.t.JMeterThread: Thread started: Stress Step Profile - 20 to 160 VU 1-70
2026-08-15 19:34:24,573 INFO o.a.j.t.JMeterThread: Thread started: Stress Step Profile - 20 to 160 VU 1-69
2026-08-15 19:34:25,324 INFO o.a.j.t.JMeterThread: Thread started: Stress Step Profile - 20 to 160 VU 1-68
2026-08-15 19:34:26,074 INFO o.a.j.t.JMeterThread: Thread started: Stress Step Profile - 20 to 160 VU 1-67
2026-08-15 19:34:26,823 INFO o.a.j.t.JMeterThread: Thread started: Stress Step Profile - 20 to 160 VU 1-66
2026-08-15 19:34:27,574 INFO o.a.j.t.JMeterThread: Thread started: Stress Step Profile - 20 to 160 VU 1-65
2026-08-15 19:34:28,324 INFO o.a.j.t.JMeterThread: Thread started: Stress Step Profile - 20 to 160 VU 1-64
2026-08-15 19:34:29,074 INFO o.a.j.t.JMeterThread: Thread started: Stress Step Profile - 20 to 160 VU 1-63
2026-08-15 19:34:29,824 INFO o.a.j.t.JMeterThread: Thread started: Stress Step Profile - 20 to 160 VU 1-62
2026-08-15 19:34:30,573 INFO o.a.j.t.JMeterThread: Thread started: Stress Step Profile - 20 to 160 VU 1-61
2026-08-15 19:34:31,324 INFO o.a.j.t.JMeterThread: Thread started: Stress Step Profile - 20 to 160 VU 1-60
2026-08-15 19:34:32,074 INFO o.a.j.t.JMeterThread: Thread started: Stress Step Profile - 20 to 160 VU 1-59
2026-08-15 19:34:32,824 INFO o.a.j.t.JMeterThread: Thread started: Stress Step Profile - 20 to 160 VU 1-58
2026-08-15 19:34:33,573 INFO o.a.j.t.JMeterThread: Thread started: Stress Step Profile - 20 to 160 VU 1-57
2026-08-15 19:34:34,323 INFO o.a.j.t.JMeterThread: Thread started: Stress Step Profile - 20 to 160 VU 1-56
2026-08-15 19:34:35,073 INFO o.a.j.t.JMeterThread: Thread started: Stress Step Profile - 20 to 160 VU 1-55
2026-08-15 19:34:35,823 INFO o.a.j.t.JMeterThread: Thread started: Stress Step Profile - 20 to 160 VU 1-54
2026-08-15 19:34:36,573 INFO o.a.j.t.JMeterThread: Thread started: Stress Step Profile - 20 to 160 VU 1-53
2026-08-15 19:34:37,324 INFO o.a.j.t.JMeterThread: Thread started: Stress Step Profile - 20 to 160 VU 1-52
2026-08-15 19:34:38,073 INFO o.a.j.t.JMeterThread: Thread started: Stress Step Profile - 20 to 160 VU 1-51
2026-08-15 19:34:38,824 INFO o.a.j.t.JMeterThread: Thread started: Stress Step Profile - 20 to 160 VU 1-50
2026-08-15 19:34:39,574 INFO o.a.j.t.JMeterThread: Thread started: Stress Step Profile - 20 to 160 VU 1-49
2026-08-15 19:34:40,323 INFO o.a.j.t.JMeterThread: Thread started: Stress Step Profile - 20 to 160 VU 1-48
2026-08-15 19:34:41,074 INFO o.a.j.t.JMeterThread: Thread started: Stress Step Profile - 20 to 160 VU 1-47
2026-08-15 19:34:41,824 INFO o.a.j.t.JMeterThread: Thread started: Stress Step Profile - 20 to 160 VU 1-46
2026-08-15 19:34:42,573 INFO o.a.j.t.JMeterThread: Thread started: Stress Step Profile - 20 to 160 VU 1-45
2026-08-15 19:34:43,325 INFO o.a.j.t.JMeterThread: Thread started: Stress Step Profile - 20 to 160 VU 1-44
2026-08-15 19:34:44,073 INFO o.a.j.t.JMeterThread: Thread started: Stress Step Profile - 20 to 160 VU 1-43
2026-08-15 19:34:44,824 INFO o.a.j.t.JMeterThread: Thread started: Stress Step Profile - 20 to 160 VU 1-42
2026-08-15 19:34:45,574 INFO o.a.j.t.JMeterThread: Thread started: Stress Step Profile - 20 to 160 VU 1-41
2026-08-15 19:36:46,323 INFO o.a.j.t.JMeterThread: Thread started: Stress Step Profile - 20 to 160 VU 1-120
2026-08-15 19:36:47,073 INFO o.a.j.t.JMeterThread: Thread started: Stress Step Profile - 20 to 160 VU 1-119
2026-08-15 19:36:47,824 INFO o.a.j.t.JMeterThread: Thread started: Stress Step Profile - 20 to 160 VU 1-118
2026-08-15 19:36:48,574 INFO o.a.j.t.JMeterThread: Thread started: Stress Step Profile - 20 to 160 VU 1-117
2026-08-15 19:36:49,324 INFO o.a.j.t.JMeterThread: Thread started: Stress Step Profile - 20 to 160 VU 1-116
2026-08-15 19:36:50,074 INFO o.a.j.t.JMeterThread: Thread started: Stress Step Profile - 20 to 160 VU 1-115
2026-08-15 19:36:50,823 INFO o.a.j.t.JMeterThread: Thread started: Stress Step Profile - 20 to 160 VU 1-114
2026-08-15 19:36:51,573 INFO o.a.j.t.JMeterThread: Thread started: Stress Step Profile - 20 to 160 VU 1-113
2026-08-15 19:36:52,324 INFO o.a.j.t.JMeterThread: Thread started: Stress Step Profile - 20 to 160 VU 1-112
2026-08-15 19:36:53,074 INFO o.a.j.t.JMeterThread: Thread started: Stress Step Profile - 20 to 160 VU 1-111
2026-08-15 19:36:53,824 INFO o.a.j.t.JMeterThread: Thread started: Stress Step Profile - 20 to 160 VU 1-110
2026-08-15 19:36:54,574 INFO o.a.j.t.JMeterThread: Thread started: Stress Step Profile - 20 to 160 VU 1-109
2026-08-15 19:36:55,324 INFO o.a.j.t.JMeterThread: Thread started: Stress Step Profile - 20 to 160 VU 1-108
2026-08-15 19:36:56,074 INFO o.a.j.t.JMeterThread: Thread started: Stress Step Profile - 20 to 160 VU 1-107
2026-08-15 19:36:56,823 INFO o.a.j.t.JMeterThread: Thread started: Stress Step Profile - 20 to 160 VU 1-106
2026-08-15 19:36:57,574 INFO o.a.j.t.JMeterThread: Thread started: Stress Step Profile - 20 to 160 VU 1-105
2026-08-15 19:36:58,324 INFO o.a.j.t.JMeterThread: Thread started: Stress Step Profile - 20 to 160 VU 1-104
2026-08-15 19:36:59,073 INFO o.a.j.t.JMeterThread: Thread started: Stress Step Profile - 20 to 160 VU 1-103
2026-08-15 19:36:59,824 INFO o.a.j.t.JMeterThread: Thread started: Stress Step Profile - 20 to 160 VU 1-102
2026-08-15 19:37:00,573 INFO o.a.j.t.JMeterThread: Thread started: Stress Step Profile - 20 to 160 VU 1-101
2026-08-15 19:37:01,324 INFO o.a.j.t.JMeterThread: Thread started: Stress Step Profile - 20 to 160 VU 1-100
2026-08-15 19:37:02,073 INFO o.a.j.t.JMeterThread: Thread started: Stress Step Profile - 20 to 160 VU 1-99
2026-08-15 19:37:02,823 INFO o.a.j.t.JMeterThread: Thread started: Stress Step Profile - 20 to 160 VU 1-98
2026-08-15 19:37:03,574 INFO o.a.j.t.JMeterThread: Thread started: Stress Step Profile - 20 to 160 VU 1-97
2026-08-15 19:37:04,324 INFO o.a.j.t.JMeterThread: Thread started: Stress Step Profile - 20 to 160 VU 1-96
2026-08-15 19:37:05,074 INFO o.a.j.t.JMeterThread: Thread started: Stress Step Profile - 20 to 160 VU 1-95
2026-08-15 19:37:05,824 INFO o.a.j.t.JMeterThread: Thread started: Stress Step Profile - 20 to 160 VU 1-94
2026-08-15 19:37:06,573 INFO o.a.j.t.JMeterThread: Thread started: Stress Step Profile - 20 to 160 VU 1-93
2026-08-15 19:37:07,323 INFO o.a.j.t.JMeterThread: Thread started: Stress Step Profile - 20 to 160 VU 1-92
2026-08-15 19:37:08,073 INFO o.a.j.t.JMeterThread: Thread started: Stress Step Profile - 20 to 160 VU 1-91
2026-08-15 19:37:08,823 INFO o.a.j.t.JMeterThread: Thread started: Stress Step Profile - 20 to 160 VU 1-90
2026-08-15 19:37:09,574 INFO o.a.j.t.JMeterThread: Thread started: Stress Step Profile - 20 to 160 VU 1-89
2026-08-15 19:37:10,323 INFO o.a.j.t.JMeterThread: Thread started: Stress Step Profile - 20 to 160 VU 1-88
2026-08-15 19:37:11,073 INFO o.a.j.t.JMeterThread: Thread started: Stress Step Profile - 20 to 160 VU 1-87
2026-08-15 19:37:11,823 INFO o.a.j.t.JMeterThread: Thread started: Stress Step Profile - 20 to 160 VU 1-86
2026-08-15 19:37:12,574 INFO o.a.j.t.JMeterThread: Thread started: Stress Step Profile - 20 to 160 VU 1-85
2026-08-15 19:37:13,323 INFO o.a.j.t.JMeterThread: Thread started: Stress Step Profile - 20 to 160 VU 1-84
2026-08-15 19:37:14,073 INFO o.a.j.t.JMeterThread: Thread started: Stress Step Profile - 20 to 160 VU 1-83
2026-08-15 19:37:14,823 INFO o.a.j.t.JMeterThread: Thread started: Stress Step Profile - 20 to 160 VU 1-82
2026-08-15 19:37:15,573 INFO o.a.j.t.JMeterThread: Thread started: Stress Step Profile - 20 to 160 VU 1-81
2026-08-15 19:39:16,324 INFO o.a.j.t.JMeterThread: Thread started: Stress Step Profile - 20 to 160 VU 1-160
2026-08-15 19:39:17,073 INFO o.a.j.t.JMeterThread: Thread started: Stress Step Profile - 20 to 160 VU 1-159
2026-08-15 19:39:17,825 INFO o.a.j.t.JMeterThread: Thread started: Stress Step Profile - 20 to 160 VU 1-158
2026-08-15 19:39:18,573 INFO o.a.j.t.JMeterThread: Thread started: Stress Step Profile - 20 to 160 VU 1-157
2026-08-15 19:39:19,323 INFO o.a.j.t.JMeterThread: Thread started: Stress Step Profile - 20 to 160 VU 1-156
2026-08-15 19:39:20,073 INFO o.a.j.t.JMeterThread: Thread started: Stress Step Profile - 20 to 160 VU 1-155
2026-08-15 19:39:20,824 INFO o.a.j.t.JMeterThread: Thread started: Stress Step Profile - 20 to 160 VU 1-154
2026-08-15 19:39:21,574 INFO o.a.j.t.JMeterThread: Thread started: Stress Step Profile - 20 to 160 VU 1-153
2026-08-15 19:39:22,323 INFO o.a.j.t.JMeterThread: Thread started: Stress Step Profile - 20 to 160 VU 1-152
2026-08-15 19:39:23,073 INFO o.a.j.t.JMeterThread: Thread started: Stress Step Profile - 20 to 160 VU 1-151
2026-08-15 19:39:23,824 INFO o.a.j.t.JMeterThread: Thread started: Stress Step Profile - 20 to 160 VU 1-150
2026-08-15 19:39:24,574 INFO o.a.j.t.JMeterThread: Thread started: Stress Step Profile - 20 to 160 VU 1-149
2026-08-15 19:39:25,324 INFO o.a.j.t.JMeterThread: Thread started: Stress Step Profile - 20 to 160 VU 1-148
2026-08-15 19:39:26,073 INFO o.a.j.t.JMeterThread: Thread started: Stress Step Profile - 20 to 160 VU 1-147
2026-08-15 19:39:26,824 INFO o.a.j.t.JMeterThread: Thread started: Stress Step Profile - 20 to 160 VU 1-146
2026-08-15 19:39:27,573 INFO o.a.j.t.JMeterThread: Thread started: Stress Step Profile - 20 to 160 VU 1-145
2026-08-15 19:39:28,323 INFO o.a.j.t.JMeterThread: Thread started: Stress Step Profile - 20 to 160 VU 1-144
2026-08-15 19:39:29,073 INFO o.a.j.t.JMeterThread: Thread started: Stress Step Profile - 20 to 160 VU 1-143
2026-08-15 19:39:29,824 INFO o.a.j.t.JMeterThread: Thread started: Stress Step Profile - 20 to 160 VU 1-142
2026-08-15 19:39:30,574 INFO o.a.j.t.JMeterThread: Thread started: Stress Step Profile - 20 to 160 VU 1-141
2026-08-15 19:39:31,324 INFO o.a.j.t.JMeterThread: Thread started: Stress Step Profile - 20 to 160 VU 1-140
2026-08-15 19:39:32,073 INFO o.a.j.t.JMeterThread: Thread started: Stress Step Profile - 20 to 160 VU 1-139
2026-08-15 19:39:32,823 INFO o.a.j.t.JMeterThread: Thread started: Stress Step Profile - 20 to 160 VU 1-138
2026-08-15 19:39:33,573 INFO o.a.j.t.JMeterThread: Thread started: Stress Step Profile - 20 to 160 VU 1-137
2026-08-15 19:39:34,324 INFO o.a.j.t.JMeterThread: Thread started: Stress Step Profile - 20 to 160 VU 1-136
2026-08-15 19:39:35,074 INFO o.a.j.t.JMeterThread: Thread started: Stress Step Profile - 20 to 160 VU 1-135
2026-08-15 19:39:35,823 INFO o.a.j.t.JMeterThread: Thread started: Stress Step Profile - 20 to 160 VU 1-134
2026-08-15 19:39:36,573 INFO o.a.j.t.JMeterThread: Thread started: Stress Step Profile - 20 to 160 VU 1-133
2026-08-15 19:39:37,323 INFO o.a.j.t.JMeterThread: Thread started: Stress Step Profile - 20 to 160 VU 1-132
2026-08-15 19:39:38,074 INFO o.a.j.t.JMeterThread: Thread started: Stress Step Profile - 20 to 160 VU 1-131
2026-08-15 19:39:38,824 INFO o.a.j.t.JMeterThread: Thread started: Stress Step Profile - 20 to 160 VU 1-130
2026-08-15 19:39:39,574 INFO o.a.j.t.JMeterThread: Thread started: Stress Step Profile - 20 to 160 VU 1-129
2026-08-15 19:39:40,323 INFO o.a.j.t.JMeterThread: Thread started: Stress Step Profile - 20 to 160 VU 1-128
2026-08-15 19:39:41,075 INFO o.a.j.t.JMeterThread: Thread started: Stress Step Profile - 20 to 160 VU 1-127
2026-08-15 19:39:41,823 INFO o.a.j.t.JMeterThread: Thread started: Stress Step Profile - 20 to 160 VU 1-126
2026-08-15 19:39:42,573 INFO o.a.j.t.JMeterThread: Thread started: Stress Step Profile - 20 to 160 VU 1-125
2026-08-15 19:39:43,323 INFO o.a.j.t.JMeterThread: Thread started: Stress Step Profile - 20 to 160 VU 1-124
2026-08-15 19:39:44,073 INFO o.a.j.t.JMeterThread: Thread started: Stress Step Profile - 20 to 160 VU 1-123
2026-08-15 19:39:44,823 INFO o.a.j.t.JMeterThread: Thread started: Stress Step Profile - 20 to 160 VU 1-122
2026-08-15 19:39:45,573 INFO o.a.j.t.JMeterThread: Thread started: Stress Step Profile - 20 to 160 VU 1-121
2026-08-15 19:41:44,123 INFO o.a.j.t.JMeterThread: Thread finished: Stress Step Profile - 20 to 160 VU 1-120
2026-08-15 19:41:44,443 INFO o.a.j.t.JMeterThread: Thread finished: Stress Step Profile - 20 to 160 VU 1-160
2026-08-15 19:41:44,830 INFO o.a.j.t.JMeterThread: Thread finished: Stress Step Profile - 20 to 160 VU 1-80
2026-08-15 19:41:45,748 INFO o.a.j.t.JMeterThread: Thread finished: Stress Step Profile - 20 to 160 VU 1-79
2026-08-15 19:41:46,017 INFO o.a.j.t.JMeterThread: Thread finished: Stress Step Profile - 20 to 160 VU 1-40
2026-08-15 19:41:46,171 INFO o.a.j.t.JMeterThread: Thread finished: Stress Step Profile - 20 to 160 VU 1-157
2026-08-15 19:41:46,359 INFO o.a.j.t.JMeterThread: Thread finished: Stress Step Profile - 20 to 160 VU 1-39
2026-08-15 19:41:46,388 INFO o.a.j.t.JMeterThread: Thread finished: Stress Step Profile - 20 to 160 VU 1-117
2026-08-15 19:41:46,561 INFO o.a.j.t.JMeterThread: Thread finished: Stress Step Profile - 20 to 160 VU 1-20
2026-08-15 19:41:46,684 INFO o.a.j.t.JMeterThread: Thread finished: Stress Step Profile - 20 to 160 VU 1-119
2026-08-15 19:41:46,710 INFO o.a.j.t.JMeterThread: Thread finished: Stress Step Profile - 20 to 160 VU 1-158
2026-08-15 19:41:46,814 INFO o.a.j.t.JMeterThread: Thread finished: Stress Step Profile - 20 to 160 VU 1-19
2026-08-15 19:41:46,883 INFO o.a.j.t.JMeterThread: Thread finished: Stress Step Profile - 20 to 160 VU 1-118
2026-08-15 19:41:46,954 INFO o.a.j.t.JMeterThread: Thread finished: Stress Step Profile - 20 to 160 VU 1-159
2026-08-15 19:41:47,101 INFO o.a.j.t.JMeterThread: Thread finished: Stress Step Profile - 20 to 160 VU 1-78
2026-08-15 19:41:47,758 INFO o.a.j.t.JMeterThread: Thread finished: Stress Step Profile - 20 to 160 VU 1-156
2026-08-15 19:41:47,965 INFO o.a.j.t.JMeterThread: Thread finished: Stress Step Profile - 20 to 160 VU 1-155
2026-08-15 19:41:48,082 INFO o.a.j.t.JMeterThread: Thread finished: Stress Step Profile - 20 to 160 VU 1-77
2026-08-15 19:41:48,083 INFO o.a.j.t.JMeterThread: Thread finished: Stress Step Profile - 20 to 160 VU 1-116
2026-08-15 19:41:48,728 INFO o.a.j.t.JMeterThread: Thread finished: Stress Step Profile - 20 to 160 VU 1-115
2026-08-15 19:41:48,776 INFO o.a.j.t.JMeterThread: Thread finished: Stress Step Profile - 20 to 160 VU 1-76
2026-08-15 19:41:48,867 INFO o.a.j.t.JMeterThread: Thread finished: Stress Step Profile - 20 to 160 VU 1-74
2026-08-15 19:41:48,936 INFO o.a.j.t.JMeterThread: Thread finished: Stress Step Profile - 20 to 160 VU 1-154
2026-08-15 19:41:49,551 INFO o.a.j.t.JMeterThread: Thread finished: Stress Step Profile - 20 to 160 VU 1-112
2026-08-15 19:41:49,620 INFO o.a.j.t.JMeterThread: Thread finished: Stress Step Profile - 20 to 160 VU 1-38
2026-08-15 19:41:49,773 INFO o.a.j.t.JMeterThread: Thread finished: Stress Step Profile - 20 to 160 VU 1-17
2026-08-15 19:41:49,836 INFO o.a.j.t.JMeterThread: Thread finished: Stress Step Profile - 20 to 160 VU 1-18
2026-08-15 19:41:49,921 INFO o.a.j.t.JMeterThread: Thread finished: Stress Step Profile - 20 to 160 VU 1-153
2026-08-15 19:41:50,073 INFO o.a.j.t.JMeterThread: Stopping because end time detected by thread: Stress Step Profile - 20 to 160 VU 1-75
2026-08-15 19:41:50,073 INFO o.a.j.t.JMeterThread: Thread finished: Stress Step Profile - 20 to 160 VU 1-75
2026-08-15 19:41:50,418 INFO o.a.j.t.JMeterThread: Thread finished: Stress Step Profile - 20 to 160 VU 1-114
2026-08-15 19:41:50,720 INFO o.a.j.t.JMeterThread: Thread finished: Stress Step Profile - 20 to 160 VU 1-152
2026-08-15 19:41:50,740 INFO o.a.j.t.JMeterThread: Thread finished: Stress Step Profile - 20 to 160 VU 1-113
2026-08-15 19:41:50,957 INFO o.a.j.t.JMeterThread: Thread finished: Stress Step Profile - 20 to 160 VU 1-37
2026-08-15 19:41:51,423 INFO o.a.j.t.JMeterThread: Thread finished: Stress Step Profile - 20 to 160 VU 1-73
2026-08-15 19:41:51,909 INFO o.a.j.t.JMeterThread: Thread finished: Stress Step Profile - 20 to 160 VU 1-151
2026-08-15 19:41:52,059 INFO o.a.j.t.JMeterThread: Thread finished: Stress Step Profile - 20 to 160 VU 1-70
2026-08-15 19:41:52,060 INFO o.a.j.t.JMeterThread: Thread finished: Stress Step Profile - 20 to 160 VU 1-72
2026-08-15 19:41:52,546 INFO o.a.j.t.JMeterThread: Thread finished: Stress Step Profile - 20 to 160 VU 1-111
2026-08-15 19:41:52,953 INFO o.a.j.t.JMeterThread: Thread finished: Stress Step Profile - 20 to 160 VU 1-16
2026-08-15 19:41:53,022 INFO o.a.j.t.JMeterThread: Thread finished: Stress Step Profile - 20 to 160 VU 1-36
2026-08-15 19:41:53,042 INFO o.a.j.t.JMeterThread: Thread finished: Stress Step Profile - 20 to 160 VU 1-71
2026-08-15 19:41:53,163 INFO o.a.j.t.JMeterThread: Thread finished: Stress Step Profile - 20 to 160 VU 1-110
2026-08-15 19:41:53,183 INFO o.a.j.t.JMeterThread: Thread finished: Stress Step Profile - 20 to 160 VU 1-150
2026-08-15 19:41:53,388 INFO o.a.j.t.JMeterThread: Thread finished: Stress Step Profile - 20 to 160 VU 1-68
2026-08-15 19:41:53,417 INFO o.a.j.t.JMeterThread: Thread finished: Stress Step Profile - 20 to 160 VU 1-69
2026-08-15 19:41:53,456 INFO o.a.j.t.JMeterThread: Thread finished: Stress Step Profile - 20 to 160 VU 1-109
2026-08-15 19:41:53,471 INFO o.a.j.t.JMeterThread: Thread finished: Stress Step Profile - 20 to 160 VU 1-149
2026-08-15 19:41:53,509 INFO o.a.j.t.JMeterThread: Thread finished: Stress Step Profile - 20 to 160 VU 1-15
2026-08-15 19:41:53,512 INFO o.a.j.t.JMeterThread: Thread finished: Stress Step Profile - 20 to 160 VU 1-67
2026-08-15 19:41:53,585 INFO o.a.j.t.JMeterThread: Thread finished: Stress Step Profile - 20 to 160 VU 1-35
2026-08-15 19:41:53,789 INFO o.a.j.t.JMeterThread: Thread finished: Stress Step Profile - 20 to 160 VU 1-147
2026-08-15 19:41:54,040 INFO o.a.j.t.JMeterThread: Thread finished: Stress Step Profile - 20 to 160 VU 1-148
2026-08-15 19:41:54,900 INFO o.a.j.t.JMeterThread: Thread finished: Stress Step Profile - 20 to 160 VU 1-107
2026-08-15 19:41:55,025 INFO o.a.j.t.JMeterThread: Thread finished: Stress Step Profile - 20 to 160 VU 1-108
2026-08-15 19:41:55,286 INFO o.a.j.t.JMeterThread: Thread finished: Stress Step Profile - 20 to 160 VU 1-34
2026-08-15 19:41:55,323 INFO o.a.j.t.JMeterThread: Thread finished: Stress Step Profile - 20 to 160 VU 1-105
2026-08-15 19:41:55,744 INFO o.a.j.t.JMeterThread: Thread finished: Stress Step Profile - 20 to 160 VU 1-14
2026-08-15 19:41:55,813 INFO o.a.j.t.JMeterThread: Thread finished: Stress Step Profile - 20 to 160 VU 1-146
2026-08-15 19:41:56,145 INFO o.a.j.t.JMeterThread: Thread finished: Stress Step Profile - 20 to 160 VU 1-145
2026-08-15 19:41:56,381 INFO o.a.j.t.JMeterThread: Thread finished: Stress Step Profile - 20 to 160 VU 1-144
2026-08-15 19:41:56,501 INFO o.a.j.t.JMeterThread: Thread finished: Stress Step Profile - 20 to 160 VU 1-66
2026-08-15 19:41:56,540 INFO o.a.j.t.JMeterThread: Thread finished: Stress Step Profile - 20 to 160 VU 1-106
2026-08-15 19:41:57,219 INFO o.a.j.t.JMeterThread: Thread finished: Stress Step Profile - 20 to 160 VU 1-33
2026-08-15 19:41:57,468 INFO o.a.j.t.JMeterThread: Thread finished: Stress Step Profile - 20 to 160 VU 1-13
2026-08-15 19:41:57,534 INFO o.a.j.t.JMeterThread: Thread finished: Stress Step Profile - 20 to 160 VU 1-65
2026-08-15 19:41:58,041 INFO o.a.j.t.JMeterThread: Thread finished: Stress Step Profile - 20 to 160 VU 1-104
2026-08-15 19:41:58,270 INFO o.a.j.t.JMeterThread: Thread finished: Stress Step Profile - 20 to 160 VU 1-64
2026-08-15 19:41:58,330 INFO o.a.j.t.JMeterThread: Thread finished: Stress Step Profile - 20 to 160 VU 1-11
2026-08-15 19:41:58,489 INFO o.a.j.t.JMeterThread: Thread finished: Stress Step Profile - 20 to 160 VU 1-103
2026-08-15 19:41:58,626 INFO o.a.j.t.JMeterThread: Thread finished: Stress Step Profile - 20 to 160 VU 1-143
2026-08-15 19:41:58,644 INFO o.a.j.t.JMeterThread: Thread finished: Stress Step Profile - 20 to 160 VU 1-141
2026-08-15 19:41:58,664 INFO o.a.j.t.JMeterThread: Thread finished: Stress Step Profile - 20 to 160 VU 1-63
2026-08-15 19:41:58,983 INFO o.a.j.t.JMeterThread: Thread finished: Stress Step Profile - 20 to 160 VU 1-12
2026-08-15 19:41:59,027 INFO o.a.j.t.JMeterThread: Thread finished: Stress Step Profile - 20 to 160 VU 1-32
2026-08-15 19:41:59,317 INFO o.a.j.t.JMeterThread: Thread finished: Stress Step Profile - 20 to 160 VU 1-102
2026-08-15 19:41:59,513 INFO o.a.j.t.JMeterThread: Thread finished: Stress Step Profile - 20 to 160 VU 1-61
2026-08-15 19:41:59,519 INFO o.a.j.t.JMeterThread: Thread finished: Stress Step Profile - 20 to 160 VU 1-31
2026-08-15 19:41:59,540 INFO o.a.j.t.JMeterThread: Thread finished: Stress Step Profile - 20 to 160 VU 1-142
2026-08-15 19:41:59,646 INFO o.a.j.t.JMeterThread: Thread finished: Stress Step Profile - 20 to 160 VU 1-62
2026-08-15 19:41:59,942 INFO o.a.j.t.JMeterThread: Thread finished: Stress Step Profile - 20 to 160 VU 1-138
2026-08-15 19:42:00,321 INFO o.a.j.r.Summariser: summary +     81 in 00:12:45 =    0.1/s Avg:  4161 Min:     1 Max: 10480 Err:     0 (0.00%) Active: 80 Started: 160 Finished: 80
2026-08-15 19:42:00,321 INFO o.a.j.t.JMeterThread: Thread finished: Stress Step Profile - 20 to 160 VU 1-99
2026-08-15 19:42:00,400 INFO o.a.j.t.JMeterThread: Thread finished: Stress Step Profile - 20 to 160 VU 1-100
2026-08-15 19:42:00,427 INFO o.a.j.t.JMeterThread: Thread finished: Stress Step Profile - 20 to 160 VU 1-101
2026-08-15 19:42:00,600 INFO o.a.j.t.JMeterThread: Thread finished: Stress Step Profile - 20 to 160 VU 1-10
2026-08-15 19:42:00,854 INFO o.a.j.t.JMeterThread: Thread finished: Stress Step Profile - 20 to 160 VU 1-140
2026-08-15 19:42:00,951 INFO o.a.j.t.JMeterThread: Thread finished: Stress Step Profile - 20 to 160 VU 1-60
2026-08-15 19:42:01,263 INFO o.a.j.t.JMeterThread: Thread finished: Stress Step Profile - 20 to 160 VU 1-57
2026-08-15 19:42:01,703 INFO o.a.j.t.JMeterThread: Thread finished: Stress Step Profile - 20 to 160 VU 1-139
2026-08-15 19:42:01,815 INFO o.a.j.t.JMeterThread: Thread finished: Stress Step Profile - 20 to 160 VU 1-58
2026-08-15 19:42:01,869 INFO o.a.j.t.JMeterThread: Thread finished: Stress Step Profile - 20 to 160 VU 1-59
2026-08-15 19:42:01,928 INFO o.a.j.t.JMeterThread: Thread finished: Stress Step Profile - 20 to 160 VU 1-98
2026-08-15 19:42:01,948 INFO o.a.j.t.JMeterThread: Thread finished: Stress Step Profile - 20 to 160 VU 1-30
2026-08-15 19:42:02,115 INFO o.a.j.t.JMeterThread: Thread finished: Stress Step Profile - 20 to 160 VU 1-29
2026-08-15 19:42:02,524 INFO o.a.j.t.JMeterThread: Thread finished: Stress Step Profile - 20 to 160 VU 1-97
2026-08-15 19:42:03,088 INFO o.a.j.t.JMeterThread: Thread finished: Stress Step Profile - 20 to 160 VU 1-9
2026-08-15 19:42:03,215 INFO o.a.j.t.JMeterThread: Thread finished: Stress Step Profile - 20 to 160 VU 1-96
2026-08-15 19:42:03,317 INFO o.a.j.t.JMeterThread: Thread finished: Stress Step Profile - 20 to 160 VU 1-56
2026-08-15 19:42:03,495 INFO o.a.j.t.JMeterThread: Thread finished: Stress Step Profile - 20 to 160 VU 1-137
2026-08-15 19:42:03,766 INFO o.a.j.t.JMeterThread: Thread finished: Stress Step Profile - 20 to 160 VU 1-136
2026-08-15 19:42:03,842 INFO o.a.j.t.JMeterThread: Thread finished: Stress Step Profile - 20 to 160 VU 1-55
2026-08-15 19:42:03,931 INFO o.a.j.t.JMeterThread: Thread finished: Stress Step Profile - 20 to 160 VU 1-28
2026-08-15 19:42:04,017 INFO o.a.j.t.JMeterThread: Thread finished: Stress Step Profile - 20 to 160 VU 1-8
2026-08-15 19:42:04,476 INFO o.a.j.t.JMeterThread: Thread finished: Stress Step Profile - 20 to 160 VU 1-27
2026-08-15 19:42:04,487 INFO o.a.j.t.JMeterThread: Thread finished: Stress Step Profile - 20 to 160 VU 1-135
2026-08-15 19:42:04,587 INFO o.a.j.t.JMeterThread: Thread finished: Stress Step Profile - 20 to 160 VU 1-95
2026-08-15 19:42:04,786 INFO o.a.j.t.JMeterThread: Thread finished: Stress Step Profile - 20 to 160 VU 1-7
2026-08-15 19:42:05,144 INFO o.a.j.t.JMeterThread: Thread finished: Stress Step Profile - 20 to 160 VU 1-133
2026-08-15 19:42:05,445 INFO o.a.j.t.JMeterThread: Thread finished: Stress Step Profile - 20 to 160 VU 1-54
2026-08-15 19:42:05,513 INFO o.a.j.t.JMeterThread: Thread finished: Stress Step Profile - 20 to 160 VU 1-94
2026-08-15 19:42:05,611 INFO o.a.j.t.JMeterThread: Thread finished: Stress Step Profile - 20 to 160 VU 1-134
2026-08-15 19:42:05,805 INFO o.a.j.t.JMeterThread: Thread finished: Stress Step Profile - 20 to 160 VU 1-26
2026-08-15 19:42:06,165 INFO o.a.j.t.JMeterThread: Thread finished: Stress Step Profile - 20 to 160 VU 1-52
2026-08-15 19:42:06,196 INFO o.a.j.t.JMeterThread: Thread finished: Stress Step Profile - 20 to 160 VU 1-93
2026-08-15 19:42:06,508 INFO o.a.j.t.JMeterThread: Thread finished: Stress Step Profile - 20 to 160 VU 1-53
2026-08-15 19:42:06,616 INFO o.a.j.t.JMeterThread: Thread finished: Stress Step Profile - 20 to 160 VU 1-51
2026-08-15 19:42:06,764 INFO o.a.j.t.JMeterThread: Thread finished: Stress Step Profile - 20 to 160 VU 1-92
2026-08-15 19:42:06,784 INFO o.a.j.t.JMeterThread: Thread finished: Stress Step Profile - 20 to 160 VU 1-91
2026-08-15 19:42:06,950 INFO o.a.j.t.JMeterThread: Thread finished: Stress Step Profile - 20 to 160 VU 1-131
2026-08-15 19:42:07,065 INFO o.a.j.t.JMeterThread: Thread finished: Stress Step Profile - 20 to 160 VU 1-6
2026-08-15 19:42:07,092 INFO o.a.j.t.JMeterThread: Thread finished: Stress Step Profile - 20 to 160 VU 1-132
2026-08-15 19:42:07,150 INFO o.a.j.t.JMeterThread: Thread finished: Stress Step Profile - 20 to 160 VU 1-130
2026-08-15 19:42:07,275 INFO o.a.j.t.JMeterThread: Thread finished: Stress Step Profile - 20 to 160 VU 1-90
2026-08-15 19:42:07,683 INFO o.a.j.t.JMeterThread: Thread finished: Stress Step Profile - 20 to 160 VU 1-5
2026-08-15 19:42:07,926 INFO o.a.j.t.JMeterThread: Thread finished: Stress Step Profile - 20 to 160 VU 1-89
2026-08-15 19:42:08,338 INFO o.a.j.t.JMeterThread: Thread finished: Stress Step Profile - 20 to 160 VU 1-128
2026-08-15 19:42:08,451 INFO o.a.j.t.JMeterThread: Thread finished: Stress Step Profile - 20 to 160 VU 1-50
2026-08-15 19:42:08,699 INFO o.a.j.t.JMeterThread: Thread finished: Stress Step Profile - 20 to 160 VU 1-88
2026-08-15 19:42:08,767 INFO o.a.j.t.JMeterThread: Thread finished: Stress Step Profile - 20 to 160 VU 1-87
2026-08-15 19:42:09,118 INFO o.a.j.t.JMeterThread: Thread finished: Stress Step Profile - 20 to 160 VU 1-86
2026-08-15 19:42:09,144 INFO o.a.j.t.JMeterThread: Thread finished: Stress Step Profile - 20 to 160 VU 1-129
2026-08-15 19:42:09,218 INFO o.a.j.t.JMeterThread: Thread finished: Stress Step Profile - 20 to 160 VU 1-127
2026-08-15 19:42:09,381 INFO o.a.j.t.JMeterThread: Thread finished: Stress Step Profile - 20 to 160 VU 1-49
2026-08-15 19:42:09,396 INFO o.a.j.t.JMeterThread: Thread finished: Stress Step Profile - 20 to 160 VU 1-25
2026-08-15 19:42:09,985 INFO o.a.j.t.JMeterThread: Thread finished: Stress Step Profile - 20 to 160 VU 1-48
2026-08-15 19:42:10,097 INFO o.a.j.t.JMeterThread: Thread finished: Stress Step Profile - 20 to 160 VU 1-47
2026-08-15 19:42:10,307 INFO o.a.j.t.JMeterThread: Thread finished: Stress Step Profile - 20 to 160 VU 1-4
2026-08-15 19:42:10,721 INFO o.a.j.t.JMeterThread: Thread finished: Stress Step Profile - 20 to 160 VU 1-24
2026-08-15 19:42:10,749 INFO o.a.j.t.JMeterThread: Thread finished: Stress Step Profile - 20 to 160 VU 1-125
2026-08-15 19:42:11,107 INFO o.a.j.t.JMeterThread: Thread finished: Stress Step Profile - 20 to 160 VU 1-23
2026-08-15 19:42:11,259 INFO o.a.j.t.JMeterThread: Thread finished: Stress Step Profile - 20 to 160 VU 1-46
2026-08-15 19:42:11,740 INFO o.a.j.t.JMeterThread: Thread finished: Stress Step Profile - 20 to 160 VU 1-126
2026-08-15 19:42:11,748 INFO o.a.j.t.JMeterThread: Thread finished: Stress Step Profile - 20 to 160 VU 1-45
2026-08-15 19:42:12,068 INFO o.a.j.t.JMeterThread: Thread finished: Stress Step Profile - 20 to 160 VU 1-123
2026-08-15 19:42:12,264 INFO o.a.j.t.JMeterThread: Thread finished: Stress Step Profile - 20 to 160 VU 1-84
2026-08-15 19:42:12,304 INFO o.a.j.t.JMeterThread: Thread finished: Stress Step Profile - 20 to 160 VU 1-85
2026-08-15 19:42:12,459 INFO o.a.j.t.JMeterThread: Thread finished: Stress Step Profile - 20 to 160 VU 1-3
2026-08-15 19:42:12,484 INFO o.a.j.t.JMeterThread: Thread finished: Stress Step Profile - 20 to 160 VU 1-43
2026-08-15 19:42:12,696 INFO o.a.j.t.JMeterThread: Thread finished: Stress Step Profile - 20 to 160 VU 1-83
2026-08-15 19:42:12,762 INFO o.a.j.t.JMeterThread: Thread finished: Stress Step Profile - 20 to 160 VU 1-44
2026-08-15 19:42:12,764 INFO o.a.j.t.JMeterThread: Thread finished: Stress Step Profile - 20 to 160 VU 1-22
2026-08-15 19:42:13,182 INFO o.a.j.t.JMeterThread: Thread finished: Stress Step Profile - 20 to 160 VU 1-124
2026-08-15 19:42:13,362 INFO o.a.j.t.JMeterThread: Thread finished: Stress Step Profile - 20 to 160 VU 1-2
2026-08-15 19:42:13,604 INFO o.a.j.t.JMeterThread: Thread finished: Stress Step Profile - 20 to 160 VU 1-82
2026-08-15 19:42:13,615 INFO o.a.j.t.JMeterThread: Thread finished: Stress Step Profile - 20 to 160 VU 1-42
2026-08-15 19:42:13,839 INFO o.a.j.t.JMeterThread: Thread finished: Stress Step Profile - 20 to 160 VU 1-81
2026-08-15 19:42:14,415 INFO o.a.j.t.JMeterThread: Thread finished: Stress Step Profile - 20 to 160 VU 1-122
2026-08-15 19:42:14,631 INFO o.a.j.t.JMeterThread: Thread finished: Stress Step Profile - 20 to 160 VU 1-41
2026-08-15 19:42:15,179 INFO o.a.j.t.JMeterThread: Thread finished: Stress Step Profile - 20 to 160 VU 1-1
2026-08-15 19:42:15,292 INFO o.a.j.t.JMeterThread: Thread finished: Stress Step Profile - 20 to 160 VU 1-121
2026-08-15 19:42:15,347 INFO o.a.j.t.JMeterThread: Thread finished: Stress Step Profile - 20 to 160 VU 1-21
2026-08-15 19:42:15,347 INFO o.a.j.e.StandardJMeterEngine: Notifying test listeners of end of test
2026-08-15 19:42:15,349 INFO o.a.j.r.Summariser: summary +     79 in 00:00:15 =    5.3/s Avg:  4148 Min:     1 Max: 10155 Err:     0 (0.00%) Active: 0 Started: 160 Finished: 160
2026-08-15 19:42:15,350 INFO o.a.j.r.Summariser: summary =    160 in 00:13:00 =    0.2/s Avg:  4154 Min:     1 Max: 10480 Err:     0 (0.00%)
2026-08-15 19:42:15,350 INFO o.a.j.JMeter: Generating Dashboard
2026-08-15 19:42:15,350 INFO o.a.j.r.d.ReportGenerator: Flushing result collector before report Generation
2026-08-15 19:42:15,386 INFO o.a.j.r.p.NormalizerSampleConsumer: Using format, 'ms', to parse timeStamp field
2026-08-15 19:42:15,929 INFO o.a.j.r.p.AbstractSampleConsumer: class org.apache.jmeter.report.processor.AggregateConsumer#stopProducing(): beginDate produced 0 samples
2026-08-15 19:42:15,929 INFO o.a.j.r.p.AbstractSampleConsumer: class org.apache.jmeter.report.processor.AggregateConsumer#stopProducing(): endDate produced 0 samples
2026-08-15 19:42:15,930 INFO o.a.j.r.p.AbstractSampleConsumer: class org.apache.jmeter.report.processor.ApdexSummaryConsumer#stopProducing(): apdexSummary produced 0 samples
2026-08-15 19:42:15,930 INFO o.a.j.r.p.AbstractSampleConsumer: class org.apache.jmeter.report.processor.RequestsSummaryConsumer#stopProducing(): requestsSummary produced 0 samples
2026-08-15 19:42:15,938 INFO o.a.j.r.p.AbstractSampleConsumer: class org.apache.jmeter.report.processor.StatisticsSummaryConsumer#stopProducing(): statisticsSummary produced 0 samples
2026-08-15 19:42:15,938 INFO o.a.j.r.p.AbstractSampleConsumer: class org.apache.jmeter.report.processor.Top5ErrorsBySamplerConsumer#stopProducing(): top5ErrorsBySampler produced 0 samples
2026-08-15 19:42:15,938 INFO o.a.j.r.p.AbstractSampleConsumer: class org.apache.jmeter.report.processor.ErrorsSummaryConsumer#stopProducing(): errorsSummary produced 0 samples
2026-08-15 19:42:15,938 INFO o.a.j.r.p.AbstractSampleConsumer: class org.apache.jmeter.report.processor.graph.impl.HitsPerSecondGraphConsumer#stopProducing(): hitsPerSecond produced 0 samples
2026-08-15 19:42:16,155 INFO o.a.j.r.p.AbstractSampleConsumer: class org.apache.jmeter.report.processor.graph.impl.LatencyVSRequestGraphConsumer#stopProducing(): latencyVsRequest produced 0 samples
2026-08-15 19:42:16,156 INFO o.a.j.r.p.AbstractSampleConsumer: class org.apache.jmeter.report.processor.graph.impl.SyntheticResponseTimeDistributionGraphConsumer#stopProducing(): syntheticResponseTimeDistribution produced 0 samples
2026-08-15 19:42:16,156 INFO o.a.j.r.p.AbstractSampleConsumer: class org.apache.jmeter.report.processor.graph.impl.BytesThroughputGraphConsumer#stopProducing(): bytesThroughputOverTime produced 0 samples
2026-08-15 19:42:16,156 INFO o.a.j.r.p.AbstractSampleConsumer: class org.apache.jmeter.report.processor.graph.impl.CodesPerSecondGraphConsumer#stopProducing(): codesPerSecond produced 0 samples
2026-08-15 19:42:16,346 INFO o.a.j.r.p.AbstractSampleConsumer: class org.apache.jmeter.report.processor.graph.impl.ResponseTimeVSRequestGraphConsumer#stopProducing(): responseTimeVsRequest produced 0 samples
2026-08-15 19:42:16,346 INFO o.a.j.r.p.AbstractSampleConsumer: class org.apache.jmeter.report.processor.FilterConsumer#stopProducing(): startIntervalControlerFilter produced 265643 samples
2026-08-15 19:42:16,346 INFO o.a.j.r.p.AbstractSampleConsumer: class org.apache.jmeter.report.processor.graph.impl.TotalTPSGraphConsumer#stopProducing(): totalTPS produced 0 samples
2026-08-15 19:42:16,346 INFO o.a.j.r.p.AbstractSampleConsumer: class org.apache.jmeter.report.processor.graph.impl.ActiveThreadsGraphConsumer#stopProducing(): activeThreadsOverTime produced 0 samples
2026-08-15 19:42:16,346 INFO o.a.j.r.p.AbstractSampleConsumer: class org.apache.jmeter.report.processor.graph.impl.TimeVSThreadGraphConsumer#stopProducing(): timeVsThreads produced 0 samples
2026-08-15 19:42:16,346 INFO o.a.j.r.p.AbstractSampleConsumer: class org.apache.jmeter.report.processor.graph.impl.ResponseTimeDistributionGraphConsumer#stopProducing(): responseTimeDistribution produced 0 samples
2026-08-15 19:42:16,346 INFO o.a.j.r.p.AbstractSampleConsumer: class org.apache.jmeter.report.processor.graph.impl.TransactionsPerSecondGraphConsumer#stopProducing(): transactionsPerSecond produced 0 samples
2026-08-15 19:42:16,346 INFO o.a.j.r.p.AbstractSampleConsumer: class org.apache.jmeter.report.processor.graph.impl.ResponseTimePercentilesGraphConsumer#stopProducing(): responseTimePercentiles produced 0 samples
2026-08-15 19:42:16,346 INFO o.a.j.r.p.AbstractSampleConsumer: class org.apache.jmeter.report.processor.graph.impl.ResponseTimePercentilesOverTimeGraphConsumer#stopProducing(): responseTimePercentilesOverTime produced 0 samples
2026-08-15 19:42:16,346 INFO o.a.j.r.p.AbstractSampleConsumer: class org.apache.jmeter.report.processor.graph.impl.ResponseTimeOverTimeGraphConsumer#stopProducing(): responseTimesOverTime produced 0 samples
2026-08-15 19:42:16,346 INFO o.a.j.r.p.AbstractSampleConsumer: class org.apache.jmeter.report.processor.graph.impl.ConnectTimeOverTimeGraphConsumer#stopProducing(): connectTimeOverTime produced 0 samples
2026-08-15 19:42:16,346 INFO o.a.j.r.p.AbstractSampleConsumer: class org.apache.jmeter.report.processor.graph.impl.LatencyOverTimeGraphConsumer#stopProducing(): latenciesOverTime produced 0 samples
2026-08-15 19:42:16,346 INFO o.a.j.r.p.AbstractSampleConsumer: class org.apache.jmeter.report.processor.FilterConsumer#stopProducing(): nameFilter produced 662460 samples
2026-08-15 19:42:16,346 INFO o.a.j.r.p.AbstractSampleConsumer: class org.apache.jmeter.report.processor.FilterConsumer#stopProducing(): dateRangeFilter produced 132492 samples
2026-08-15 19:42:16,346 INFO o.a.j.r.p.AbstractSampleConsumer: class org.apache.jmeter.report.processor.NormalizerSampleConsumer#stopProducing(): normalizer produced 44164 samples
2026-08-15 19:42:16,346 INFO o.a.j.r.p.CsvFileSampleSource: produce(): 44164 samples produced in 945ms on channel 0
2026-08-15 19:42:16,346 INFO o.a.j.r.d.ReportGenerator: Exporting data using exporter:'json' of className:'org.apache.jmeter.report.dashboard.JsonExporter'
2026-08-15 19:42:16,400 INFO o.a.j.r.d.JsonExporter: Found data for consumer statisticsSummary in context
2026-08-15 19:42:16,400 INFO o.a.j.r.d.JsonExporter: Creating statistics for overall
2026-08-15 19:42:16,401 INFO o.a.j.r.d.JsonExporter: Creating statistics for other transactions
2026-08-15 19:42:16,401 INFO o.a.j.r.d.JsonExporter: Checking output folder
2026-08-15 19:42:16,401 INFO o.a.j.r.d.JsonExporter: Writing statistics JSON to D:\group05_eshop\HW\week09\TheDat\results\stress\23127340_Stress_20260815_192909_html\statistics.json
2026-08-15 19:42:16,427 INFO o.a.j.r.d.ReportGenerator: Exporting data using exporter:'html' of className:'org.apache.jmeter.report.dashboard.HtmlTemplateExporter'
2026-08-15 19:42:16,427 INFO o.a.j.r.d.HtmlTemplateExporter: Will generate dashboard in folder: D:\group05_eshop\HW\week09\TheDat\results\stress\23127340_Stress_20260815_192909_html
2026-08-15 19:42:16,530 INFO o.a.j.r.d.HtmlTemplateExporter: Report will be generated in: D:\group05_eshop\HW\week09\TheDat\results\stress\23127340_Stress_20260815_192909_html, creating folder structure
2026-08-15 19:42:16,532 INFO o.a.j.r.d.TemplateVisitor: Copying folder from 'C:\tools\apache-jmeter-5.6.3\bin\report-template' to 'D:\group05_eshop\HW\week09\TheDat\results\stress\23127340_Stress_20260815_192909_html', got message: D:\group05_eshop\HW\week09\TheDat\results\stress\23127340_Stress_20260815_192909_html, found non empty folder with following content [D:\group05_eshop\HW\week09\TheDat\results\stress\23127340_Stress_20260815_192909_html\statistics.json], will be ignored
2026-08-15 19:42:16,709 INFO o.a.j.JMeter: Dashboard generated
