2026-08-13 02:09:00,906 INFO o.a.j.u.JMeterUtils: Setting Locale to en_EN
2026-08-13 02:09:00,923 INFO o.a.j.JMeter: Loading user properties from: D:\Tools\apache-jmeter-5.6.3\bin\user.properties
2026-08-13 02:09:00,929 INFO o.a.j.JMeter: Loading system properties from: D:\Tools\apache-jmeter-5.6.3\bin\system.properties
2026-08-13 02:09:00,934 INFO o.a.j.JMeter: Copyright (c) 1998-2024 The Apache Software Foundation
2026-08-13 02:09:00,934 INFO o.a.j.JMeter: Version 5.6.3
2026-08-13 02:09:00,934 INFO o.a.j.JMeter: java.version=17.0.20
2026-08-13 02:09:00,934 INFO o.a.j.JMeter: java.vm.name=OpenJDK 64-Bit Server VM
2026-08-13 02:09:00,934 INFO o.a.j.JMeter: os.name=Windows 11
2026-08-13 02:09:00,934 INFO o.a.j.JMeter: os.arch=amd64
2026-08-13 02:09:00,934 INFO o.a.j.JMeter: os.version=10.0
2026-08-13 02:09:00,934 INFO o.a.j.JMeter: file.encoding=UTF-8
2026-08-13 02:09:00,934 INFO o.a.j.JMeter: java.awt.headless=true
2026-08-13 02:09:00,934 INFO o.a.j.JMeter: Max memory     =1073741824
2026-08-13 02:09:00,934 INFO o.a.j.JMeter: Available Processors =16
2026-08-13 02:09:00,945 INFO o.a.j.JMeter: Default Locale=English (EN)
2026-08-13 02:09:00,945 INFO o.a.j.JMeter: JMeter  Locale=English (EN)
2026-08-13 02:09:00,945 INFO o.a.j.JMeter: JMeterHome=D:\Tools\apache-jmeter-5.6.3
2026-08-13 02:09:00,945 INFO o.a.j.JMeter: user.dir  =D:\Workspace\HCMUS\Software Testing\Homework\group05_eshop
2026-08-13 02:09:00,948 INFO o.a.j.JMeter: PWD       =D:\Workspace\HCMUS\Software Testing\Homework\group05_eshop
2026-08-13 02:09:00,948 INFO o.a.j.JMeter: IP: 192.168.1.23 Name: 23127107-Quan FullName: 23127107-Quan
2026-08-13 02:09:00,962 INFO o.a.j.JMeter: Setting property 'jmeter.reportgenerator.outputdir' to:'D:\Workspace\HCMUS\Software Testing\Homework\group05_eshop\results\23127107_Stress_20260812\run-001\html'
2026-08-13 02:09:00,964 INFO o.a.j.s.FileServer: Default base='D:\Workspace\HCMUS\Software Testing\Homework\group05_eshop'
2026-08-13 02:09:00,967 INFO o.a.j.s.FileServer: Set new base='D:\Workspace\HCMUS\Software Testing\Homework\group05_eshop\test-plans'
2026-08-13 02:09:01,195 INFO o.a.j.s.SaveService: Testplan (JMX) version: 2.2. Testlog (JTL) version: 2.2
2026-08-13 02:09:01,235 INFO o.a.j.s.SaveService: Using SaveService properties version 5.0
2026-08-13 02:09:01,243 INFO o.a.j.s.SaveService: Using SaveService properties file encoding UTF-8
2026-08-13 02:09:01,248 INFO o.a.j.s.SaveService: Loading file: D:\Workspace\HCMUS\Software Testing\Homework\group05_eshop\test-plans\23127107_Stress_20260812.jmx
2026-08-13 02:09:01,320 INFO o.a.j.p.h.s.HTTPSamplerBase: Parser for text/html is org.apache.jmeter.protocol.http.parser.LagartoBasedHtmlParser
2026-08-13 02:09:01,320 INFO o.a.j.p.h.s.HTTPSamplerBase: Parser for application/xhtml+xml is org.apache.jmeter.protocol.http.parser.LagartoBasedHtmlParser
2026-08-13 02:09:01,320 INFO o.a.j.p.h.s.HTTPSamplerBase: Parser for application/xml is org.apache.jmeter.protocol.http.parser.LagartoBasedHtmlParser
2026-08-13 02:09:01,320 INFO o.a.j.p.h.s.HTTPSamplerBase: Parser for text/xml is org.apache.jmeter.protocol.http.parser.LagartoBasedHtmlParser
2026-08-13 02:09:01,320 INFO o.a.j.p.h.s.HTTPSamplerBase: Parser for text/vnd.wap.wml is org.apache.jmeter.protocol.http.parser.RegexpHTMLParser
2026-08-13 02:09:01,320 INFO o.a.j.p.h.s.HTTPSamplerBase: Parser for text/css is org.apache.jmeter.protocol.http.parser.CssParser
2026-08-13 02:09:01,352 INFO o.a.j.JMeter: Creating summariser <summary>
2026-08-13 02:09:01,354 INFO o.a.j.r.d.ReportGenerator: ReportGenerator will use for Parsing the separator: ','
2026-08-13 02:09:01,354 INFO o.a.j.r.d.ReportGenerator: Will generate report at end of test from  results file: D:\Workspace\HCMUS\Software Testing\Homework\group05_eshop\results\23127107_Stress_20260812\run-001\raw\23127107_Stress_20260812_run-001.jtl
2026-08-13 02:09:01,354 INFO o.a.j.r.d.ReportGenerator: Reading report generator properties from: D:\Tools\apache-jmeter-5.6.3\bin\reportgenerator.properties
2026-08-13 02:09:01,367 INFO o.a.j.r.d.ReportGenerator: Merging with JMeter properties
2026-08-13 02:09:01,369 INFO o.a.j.r.c.ReportGeneratorConfiguration: Property 'jmeter.reportgenerator.temp_dir' not found, using default value 'temp' instead.
2026-08-13 02:09:01,373 INFO o.a.j.r.c.ReportGeneratorConfiguration: Property 'jmeter.reportgenerator.apdex_per_transaction' not found, using default value 'null' instead.
2026-08-13 02:09:01,373 INFO o.a.j.r.c.ReportGeneratorConfiguration: apdex_per_transaction is empty, not APDEX per transaction customization
2026-08-13 02:09:01,373 INFO o.a.j.r.c.ReportGeneratorConfiguration: Property 'jmeter.reportgenerator.sample_filter' not found, using default value 'null' instead.
2026-08-13 02:09:01,373 INFO o.a.j.r.c.ReportGeneratorConfiguration: Property 'jmeter.reportgenerator.report_title' not found, using default value 'null' instead.
2026-08-13 02:09:01,373 INFO o.a.j.r.c.ReportGeneratorConfiguration: Property 'jmeter.reportgenerator.start_date' not found, using default value 'null' instead.
2026-08-13 02:09:01,373 INFO o.a.j.r.c.ReportGeneratorConfiguration: Property 'jmeter.reportgenerator.end_date' not found, using default value 'null' instead.
2026-08-13 02:09:01,373 INFO o.a.j.r.c.ReportGeneratorConfiguration: Property 'jmeter.reportgenerator.date_format' not found, using default value 'null' instead.
2026-08-13 02:09:01,373 INFO o.a.j.r.c.ReportGeneratorConfiguration: Will use date range start date: null, end date: null
2026-08-13 02:09:01,373 INFO o.a.j.r.c.ReportGeneratorConfiguration: Property 'jmeter.reportgenerator.graph.totalTPS.exclude_controllers' not found, using default value 'false' instead.
2026-08-13 02:09:01,373 INFO o.a.j.r.c.ReportGeneratorConfiguration: Property 'jmeter.reportgenerator.graph.activeThreadsOverTime.exclude_controllers' not found, using default value 'false' instead.
2026-08-13 02:09:01,373 INFO o.a.j.r.c.ReportGeneratorConfiguration: Property 'jmeter.reportgenerator.graph.timeVsThreads.exclude_controllers' not found, using default value 'false' instead.
2026-08-13 02:09:01,373 INFO o.a.j.r.c.ReportGeneratorConfiguration: Property 'jmeter.reportgenerator.graph.responseTimeDistribution.exclude_controllers' not found, using default value 'false' instead.
2026-08-13 02:09:01,373 INFO o.a.j.r.c.ReportGeneratorConfiguration: Property 'jmeter.reportgenerator.graph.transactionsPerSecond.exclude_controllers' not found, using default value 'false' instead.
2026-08-13 02:09:01,373 INFO o.a.j.r.c.ReportGeneratorConfiguration: Property 'jmeter.reportgenerator.graph.responseTimePercentiles.exclude_controllers' not found, using default value 'false' instead.
2026-08-13 02:09:01,379 INFO o.a.j.r.c.ReportGeneratorConfiguration: Property 'jmeter.reportgenerator.graph.responseTimePercentilesOverTime.exclude_controllers' not found, using default value 'false' instead.
2026-08-13 02:09:01,379 INFO o.a.j.r.c.ReportGeneratorConfiguration: Property 'jmeter.reportgenerator.graph.responseTimesOverTime.exclude_controllers' not found, using default value 'false' instead.
2026-08-13 02:09:01,379 INFO o.a.j.r.c.ReportGeneratorConfiguration: Property 'jmeter.reportgenerator.graph.connectTimeOverTime.exclude_controllers' not found, using default value 'false' instead.
2026-08-13 02:09:01,379 INFO o.a.j.r.c.ReportGeneratorConfiguration: Property 'jmeter.reportgenerator.graph.latenciesOverTime.exclude_controllers' not found, using default value 'false' instead.
2026-08-13 02:09:01,379 INFO o.a.j.r.c.ReportGeneratorConfiguration: Property 'jmeter.reportgenerator.exporter.json.filters_only_sample_series' not found, using default value 'true' instead.
2026-08-13 02:09:01,379 INFO o.a.j.r.c.ReportGeneratorConfiguration: Property 'jmeter.reportgenerator.exporter.json.series_filter' not found, using default value '' instead.
2026-08-13 02:09:01,379 INFO o.a.j.r.c.ReportGeneratorConfiguration: Property 'jmeter.reportgenerator.exporter.json.show_controllers_only' not found, using default value 'false' instead.
2026-08-13 02:09:01,379 INFO o.a.j.r.c.ReportGeneratorConfiguration: Property 'jmeter.reportgenerator.exporter.html.filters_only_sample_series' not found, using default value 'true' instead.
2026-08-13 02:09:01,379 INFO o.a.j.r.c.ReportGeneratorConfiguration: Property 'jmeter.reportgenerator.exporter.html.series_filter' not found, using default value '' instead.
2026-08-13 02:09:01,379 INFO o.a.j.r.c.ReportGeneratorConfiguration: Property 'jmeter.reportgenerator.exporter.html.show_controllers_only' not found, using default value 'false' instead.
2026-08-13 02:09:01,392 INFO o.a.j.e.StandardJMeterEngine: Running the test!
2026-08-13 02:09:01,392 INFO o.a.j.s.SampleEvent: List of sample_variables: []
2026-08-13 02:09:01,392 INFO o.a.j.s.SampleEvent: List of sample_variables: []
2026-08-13 02:09:01,392 INFO o.a.j.e.u.CompoundVariable: Note: Function class names must contain the string: '.functions.'
2026-08-13 02:09:01,392 INFO o.a.j.e.u.CompoundVariable: Note: Function class names must not contain the string: '.gui.'
2026-08-13 02:09:01,456 INFO o.a.j.r.ClassFinder: Will scan jar D:\Tools\apache-jmeter-5.6.3\lib\ext\jmeter-plugins-manager-1.12.jar with filter ExtendsClassFilter [parents=[interface org.apache.jmeter.functions.Function], inner=false, contains=null, notContains=null]. Consider exposing JMeter plugins via META-INF/services, and add JMeter-Skip-Class-Scanning=true manifest attribute so JMeter can skip classfile scanning
2026-08-13 02:09:01,534 INFO o.a.j.r.ClassFinder: Will scan jar D:\Tools\apache-jmeter-5.6.3\lib\ext\jmeter-plugins-casutg-3.1.1.jar with filter ExtendsClassFilter [parents=[interface org.apache.jmeter.functions.Function], inner=false, contains=null, notContains=null]. Consider exposing JMeter plugins via META-INF/services, and add JMeter-Skip-Class-Scanning=true manifest attribute so JMeter can skip classfile scanning
2026-08-13 02:09:01,565 INFO o.a.j.JMeter: Running test (1786561741565)
2026-08-13 02:09:01,582 INFO o.a.j.e.StandardJMeterEngine: Starting ThreadGroup: 1 : STRESS - Apply Coupon - Ultimate Thread Group
2026-08-13 02:09:01,582 INFO o.a.j.e.StandardJMeterEngine: Starting 30 threads for group STRESS - Apply Coupon - Ultimate Thread Group.
2026-08-13 02:09:01,582 INFO o.a.j.e.StandardJMeterEngine: Thread will continue on error
2026-08-13 02:09:01,582 INFO k.a.j.t.AbstractSimpleThreadGroup: Starting thread group number 1 threads 30
2026-08-13 02:09:01,605 INFO k.a.j.t.AbstractSimpleThreadGroup: Started thread group number 1
2026-08-13 02:09:01,605 INFO o.a.j.e.StandardJMeterEngine: All thread groups have been started
2026-08-13 02:09:04,583 INFO o.a.j.t.JMeterThread: Thread started: STRESS - Apply Coupon - Ultimate Thread Group 1-5
2026-08-13 02:09:04,585 INFO o.a.j.s.FileServer: Stored: test-data/transactional.csv
2026-08-13 02:09:05,618 INFO o.a.j.p.h.s.HTTPHCAbstractImpl: Local host = 23127107-Quan
2026-08-13 02:09:05,623 INFO o.a.j.p.h.s.HTTPHC4Impl: HTTP request retry count = 0
2026-08-13 02:09:05,623 INFO o.a.j.s.SampleResult: Note: Sample TimeStamps are START times
2026-08-13 02:09:05,623 INFO o.a.j.s.SampleResult: sampleresult.default.encoding is set to UTF-8
2026-08-13 02:09:05,623 INFO o.a.j.s.SampleResult: sampleresult.useNanoTime=true
2026-08-13 02:09:05,623 INFO o.a.j.s.SampleResult: sampleresult.nanoThreadSleep=5000
2026-08-13 02:09:05,753 INFO o.a.j.r.Summariser: summary +      1 in 00:00:04 =    0.2/s Avg:    35 Min:    35 Max:    35 Err:     0 (0.00%) Active: 1 Started: 1 Finished: 0
2026-08-13 02:09:06,765 INFO o.a.j.u.JsseSSLManager: Using default SSL protocol: TLS
2026-08-13 02:09:06,765 INFO o.a.j.u.JsseSSLManager: SSL session context: per-thread
2026-08-13 02:09:07,582 INFO o.a.j.t.JMeterThread: Thread started: STRESS - Apply Coupon - Ultimate Thread Group 1-4
2026-08-13 02:09:10,583 INFO o.a.j.t.JMeterThread: Thread started: STRESS - Apply Coupon - Ultimate Thread Group 1-3
2026-08-13 02:09:13,583 INFO o.a.j.t.JMeterThread: Thread started: STRESS - Apply Coupon - Ultimate Thread Group 1-2
2026-08-13 02:09:16,583 INFO o.a.j.t.JMeterThread: Thread started: STRESS - Apply Coupon - Ultimate Thread Group 1-1
2026-08-13 02:09:30,668 INFO o.a.j.r.Summariser: summary +     95 in 00:00:25 =    3.8/s Avg:     2 Min:     2 Max:     5 Err:     0 (0.00%) Active: 5 Started: 5 Finished: 0
2026-08-13 02:09:30,669 INFO o.a.j.r.Summariser: summary =     96 in 00:00:29 =    3.3/s Avg:     3 Min:     2 Max:    35 Err:     0 (0.00%)
2026-08-13 02:10:00,100 INFO o.a.j.r.Summariser: summary +    149 in 00:00:29 =    5.1/s Avg:     2 Min:     2 Max:     4 Err:     0 (0.00%) Active: 5 Started: 5 Finished: 0
2026-08-13 02:10:00,101 INFO o.a.j.r.Summariser: summary =    245 in 00:00:59 =    4.2/s Avg:     2 Min:     2 Max:    35 Err:     0 (0.00%)
2026-08-13 02:10:04,583 INFO o.a.j.t.JMeterThread: Thread started: STRESS - Apply Coupon - Ultimate Thread Group 1-10
2026-08-13 02:10:07,583 INFO o.a.j.t.JMeterThread: Thread started: STRESS - Apply Coupon - Ultimate Thread Group 1-9
2026-08-13 02:10:10,583 INFO o.a.j.t.JMeterThread: Thread started: STRESS - Apply Coupon - Ultimate Thread Group 1-8
2026-08-13 02:10:13,582 INFO o.a.j.t.JMeterThread: Thread started: STRESS - Apply Coupon - Ultimate Thread Group 1-7
2026-08-13 02:10:16,582 INFO o.a.j.t.JMeterThread: Thread started: STRESS - Apply Coupon - Ultimate Thread Group 1-6
2026-08-13 02:10:30,025 INFO o.a.j.r.Summariser: summary +    241 in 00:00:30 =    8.1/s Avg:     2 Min:     1 Max:     6 Err:     0 (0.00%) Active: 10 Started: 10 Finished: 0
2026-08-13 02:10:30,025 INFO o.a.j.r.Summariser: summary =    486 in 00:01:28 =    5.5/s Avg:     2 Min:     1 Max:    35 Err:     0 (0.00%)
2026-08-13 02:11:00,200 INFO o.a.j.r.Summariser: summary +    300 in 00:00:30 =    9.9/s Avg:     2 Min:     1 Max:     5 Err:     0 (0.00%) Active: 10 Started: 10 Finished: 0
2026-08-13 02:11:00,200 INFO o.a.j.r.Summariser: summary =    786 in 00:01:59 =    6.6/s Avg:     2 Min:     1 Max:    35 Err:     0 (0.00%)
2026-08-13 02:11:03,082 INFO o.a.j.t.JMeterThread: Thread started: STRESS - Apply Coupon - Ultimate Thread Group 1-20
2026-08-13 02:11:04,583 INFO o.a.j.t.JMeterThread: Thread started: STRESS - Apply Coupon - Ultimate Thread Group 1-19
2026-08-13 02:11:06,083 INFO o.a.j.t.JMeterThread: Thread started: STRESS - Apply Coupon - Ultimate Thread Group 1-18
2026-08-13 02:11:07,582 INFO o.a.j.t.JMeterThread: Thread started: STRESS - Apply Coupon - Ultimate Thread Group 1-17
2026-08-13 02:11:09,082 INFO o.a.j.t.JMeterThread: Thread started: STRESS - Apply Coupon - Ultimate Thread Group 1-16
2026-08-13 02:11:10,583 INFO o.a.j.t.JMeterThread: Thread started: STRESS - Apply Coupon - Ultimate Thread Group 1-15
2026-08-13 02:11:12,083 INFO o.a.j.t.JMeterThread: Thread started: STRESS - Apply Coupon - Ultimate Thread Group 1-14
2026-08-13 02:11:13,583 INFO o.a.j.t.JMeterThread: Thread started: STRESS - Apply Coupon - Ultimate Thread Group 1-13
2026-08-13 02:11:15,082 INFO o.a.j.t.JMeterThread: Thread started: STRESS - Apply Coupon - Ultimate Thread Group 1-12
2026-08-13 02:11:16,582 INFO o.a.j.t.JMeterThread: Thread started: STRESS - Apply Coupon - Ultimate Thread Group 1-11
2026-08-13 02:11:30,012 INFO o.a.j.r.Summariser: summary +    491 in 00:00:30 =   16.5/s Avg:     2 Min:     1 Max:     4 Err:     0 (0.00%) Active: 20 Started: 20 Finished: 0
2026-08-13 02:11:30,012 INFO o.a.j.r.Summariser: summary =   1277 in 00:02:28 =    8.6/s Avg:     2 Min:     1 Max:    35 Err:     0 (0.00%)
2026-08-13 02:12:00,143 INFO o.a.j.r.Summariser: summary +    599 in 00:00:30 =   19.9/s Avg:     2 Min:     1 Max:    17 Err:     0 (0.00%) Active: 20 Started: 20 Finished: 0
2026-08-13 02:12:00,143 INFO o.a.j.r.Summariser: summary =   1876 in 00:02:59 =   10.5/s Avg:     2 Min:     1 Max:    35 Err:     0 (0.00%)
2026-08-13 02:12:03,083 INFO o.a.j.t.JMeterThread: Thread started: STRESS - Apply Coupon - Ultimate Thread Group 1-30
2026-08-13 02:12:04,583 INFO o.a.j.t.JMeterThread: Thread started: STRESS - Apply Coupon - Ultimate Thread Group 1-29
2026-08-13 02:12:06,086 INFO o.a.j.t.JMeterThread: Thread started: STRESS - Apply Coupon - Ultimate Thread Group 1-28
2026-08-13 02:12:07,583 INFO o.a.j.t.JMeterThread: Thread started: STRESS - Apply Coupon - Ultimate Thread Group 1-27
2026-08-13 02:12:09,083 INFO o.a.j.t.JMeterThread: Thread started: STRESS - Apply Coupon - Ultimate Thread Group 1-26
2026-08-13 02:12:10,583 INFO o.a.j.t.JMeterThread: Thread started: STRESS - Apply Coupon - Ultimate Thread Group 1-25
2026-08-13 02:12:12,082 INFO o.a.j.t.JMeterThread: Thread started: STRESS - Apply Coupon - Ultimate Thread Group 1-24
2026-08-13 02:12:13,583 INFO o.a.j.t.JMeterThread: Thread started: STRESS - Apply Coupon - Ultimate Thread Group 1-23
2026-08-13 02:12:15,082 INFO o.a.j.t.JMeterThread: Thread started: STRESS - Apply Coupon - Ultimate Thread Group 1-22
2026-08-13 02:12:16,583 INFO o.a.j.t.JMeterThread: Thread started: STRESS - Apply Coupon - Ultimate Thread Group 1-21
2026-08-13 02:12:30,019 INFO o.a.j.r.Summariser: summary +    791 in 00:00:30 =   26.5/s Avg:     2 Min:     1 Max:     7 Err:     0 (0.00%) Active: 30 Started: 30 Finished: 0
2026-08-13 02:12:30,020 INFO o.a.j.r.Summariser: summary =   2667 in 00:03:28 =   12.8/s Avg:     2 Min:     1 Max:    35 Err:     0 (0.00%)
2026-08-13 02:13:00,110 INFO o.a.j.r.Summariser: summary +    898 in 00:00:30 =   29.8/s Avg:     2 Min:     1 Max:     8 Err:     0 (0.00%) Active: 30 Started: 30 Finished: 0
2026-08-13 02:13:00,110 INFO o.a.j.r.Summariser: summary =   3565 in 00:03:59 =   14.9/s Avg:     2 Min:     1 Max:    35 Err:     0 (0.00%)
2026-08-13 02:13:02,442 INFO o.a.j.t.JMeterThread: Thread finished: STRESS - Apply Coupon - Ultimate Thread Group 1-30
2026-08-13 02:13:02,842 INFO o.a.j.t.JMeterThread: Thread finished: STRESS - Apply Coupon - Ultimate Thread Group 1-20
2026-08-13 02:13:03,593 INFO o.a.j.t.JMeterThread: Thread finished: STRESS - Apply Coupon - Ultimate Thread Group 1-10
2026-08-13 02:13:03,979 INFO o.a.j.t.JMeterThread: Thread finished: STRESS - Apply Coupon - Ultimate Thread Group 1-29
2026-08-13 02:13:04,283 INFO o.a.j.t.JMeterThread: Thread finished: STRESS - Apply Coupon - Ultimate Thread Group 1-19
2026-08-13 02:13:05,455 INFO o.a.j.t.JMeterThread: Thread finished: STRESS - Apply Coupon - Ultimate Thread Group 1-28
2026-08-13 02:13:05,845 INFO o.a.j.t.JMeterThread: Thread finished: STRESS - Apply Coupon - Ultimate Thread Group 1-18
2026-08-13 02:13:06,638 INFO o.a.j.t.JMeterThread: Thread finished: STRESS - Apply Coupon - Ultimate Thread Group 1-9
2026-08-13 02:13:06,927 INFO o.a.j.t.JMeterThread: Thread finished: STRESS - Apply Coupon - Ultimate Thread Group 1-27
2026-08-13 02:13:07,294 INFO o.a.j.t.JMeterThread: Thread finished: STRESS - Apply Coupon - Ultimate Thread Group 1-17
2026-08-13 02:13:08,419 INFO o.a.j.t.JMeterThread: Thread finished: STRESS - Apply Coupon - Ultimate Thread Group 1-26
2026-08-13 02:13:08,872 INFO o.a.j.t.JMeterThread: Thread finished: STRESS - Apply Coupon - Ultimate Thread Group 1-16
2026-08-13 02:13:09,635 INFO o.a.j.t.JMeterThread: Thread finished: STRESS - Apply Coupon - Ultimate Thread Group 1-8
2026-08-13 02:13:09,905 INFO o.a.j.t.JMeterThread: Thread finished: STRESS - Apply Coupon - Ultimate Thread Group 1-25
2026-08-13 02:13:10,252 INFO o.a.j.t.JMeterThread: Thread finished: STRESS - Apply Coupon - Ultimate Thread Group 1-15
2026-08-13 02:13:11,428 INFO o.a.j.t.JMeterThread: Thread finished: STRESS - Apply Coupon - Ultimate Thread Group 1-24
2026-08-13 02:13:11,816 INFO o.a.j.t.JMeterThread: Thread finished: STRESS - Apply Coupon - Ultimate Thread Group 1-14
2026-08-13 02:13:12,917 INFO o.a.j.t.JMeterThread: Thread finished: STRESS - Apply Coupon - Ultimate Thread Group 1-23
2026-08-13 02:13:13,270 INFO o.a.j.t.JMeterThread: Thread finished: STRESS - Apply Coupon - Ultimate Thread Group 1-13
2026-08-13 02:13:13,500 INFO o.a.j.t.JMeterThread: Thread finished: STRESS - Apply Coupon - Ultimate Thread Group 1-7
2026-08-13 02:13:14,394 INFO o.a.j.t.JMeterThread: Thread finished: STRESS - Apply Coupon - Ultimate Thread Group 1-22
2026-08-13 02:13:14,917 INFO o.a.j.t.JMeterThread: Thread finished: STRESS - Apply Coupon - Ultimate Thread Group 1-12
2026-08-13 02:13:15,657 INFO o.a.j.t.JMeterThread: Thread finished: STRESS - Apply Coupon - Ultimate Thread Group 1-6
2026-08-13 02:13:15,923 INFO o.a.j.t.JMeterThread: Thread finished: STRESS - Apply Coupon - Ultimate Thread Group 1-21
2026-08-13 02:13:16,201 INFO o.a.j.t.JMeterThread: Thread finished: STRESS - Apply Coupon - Ultimate Thread Group 1-11
2026-08-13 02:13:30,039 INFO o.a.j.r.Summariser: summary +    392 in 00:00:30 =   13.1/s Avg:     2 Min:     1 Max:     4 Err:     0 (0.00%) Active: 5 Started: 30 Finished: 25
2026-08-13 02:13:30,039 INFO o.a.j.r.Summariser: summary =   3957 in 00:04:28 =   14.7/s Avg:     2 Min:     1 Max:    35 Err:     0 (0.00%)
2026-08-13 02:14:00,213 INFO o.a.j.r.Summariser: summary +    150 in 00:00:30 =    5.0/s Avg:     2 Min:     1 Max:     4 Err:     0 (0.00%) Active: 5 Started: 30 Finished: 25
2026-08-13 02:14:00,214 INFO o.a.j.r.Summariser: summary =   4107 in 00:04:59 =   13.8/s Avg:     2 Min:     1 Max:    35 Err:     0 (0.00%)
2026-08-13 02:14:16,294 INFO o.a.j.t.JMeterThread: Thread finished: STRESS - Apply Coupon - Ultimate Thread Group 1-1
2026-08-13 02:14:16,347 INFO o.a.j.t.JMeterThread: Thread finished: STRESS - Apply Coupon - Ultimate Thread Group 1-4
2026-08-13 02:14:16,377 INFO o.a.j.t.JMeterThread: Thread finished: STRESS - Apply Coupon - Ultimate Thread Group 1-3
2026-08-13 02:14:16,419 INFO o.a.j.t.JMeterThread: Thread finished: STRESS - Apply Coupon - Ultimate Thread Group 1-2
2026-08-13 02:14:16,522 INFO o.a.j.t.JMeterThread: Thread finished: STRESS - Apply Coupon - Ultimate Thread Group 1-5
2026-08-13 02:14:16,522 INFO o.a.j.e.StandardJMeterEngine: Notifying test listeners of end of test
2026-08-13 02:14:16,522 INFO o.a.j.s.FileServer: Close: test-data/transactional.csv
2026-08-13 02:14:16,522 INFO o.a.j.r.Summariser: summary +     84 in 00:00:16 =    5.2/s Avg:     2 Min:     1 Max:     3 Err:     0 (0.00%) Active: 0 Started: 30 Finished: 30
2026-08-13 02:14:16,522 INFO o.a.j.r.Summariser: summary =   4191 in 00:05:15 =   13.3/s Avg:     2 Min:     1 Max:    35 Err:     0 (0.00%)
2026-08-13 02:14:16,527 INFO o.a.j.JMeter: Generating Dashboard
2026-08-13 02:14:16,527 INFO o.a.j.r.d.ReportGenerator: Flushing result collector before report Generation
2026-08-13 02:14:16,554 INFO o.a.j.r.p.NormalizerSampleConsumer: Using format, 'ms', to parse timeStamp field
2026-08-13 02:14:16,767 INFO o.a.j.r.p.AbstractSampleConsumer: class org.apache.jmeter.report.processor.AggregateConsumer#stopProducing(): beginDate produced 0 samples
2026-08-13 02:14:16,767 INFO o.a.j.r.p.AbstractSampleConsumer: class org.apache.jmeter.report.processor.AggregateConsumer#stopProducing(): endDate produced 0 samples
2026-08-13 02:14:16,778 INFO o.a.j.r.p.AbstractSampleConsumer: class org.apache.jmeter.report.processor.ApdexSummaryConsumer#stopProducing(): apdexSummary produced 0 samples
2026-08-13 02:14:16,778 INFO o.a.j.r.p.AbstractSampleConsumer: class org.apache.jmeter.report.processor.RequestsSummaryConsumer#stopProducing(): requestsSummary produced 0 samples
2026-08-13 02:14:16,794 INFO o.a.j.r.p.AbstractSampleConsumer: class org.apache.jmeter.report.processor.StatisticsSummaryConsumer#stopProducing(): statisticsSummary produced 0 samples
2026-08-13 02:14:16,796 INFO o.a.j.r.p.AbstractSampleConsumer: class org.apache.jmeter.report.processor.Top5ErrorsBySamplerConsumer#stopProducing(): top5ErrorsBySampler produced 0 samples
2026-08-13 02:14:16,796 INFO o.a.j.r.p.AbstractSampleConsumer: class org.apache.jmeter.report.processor.ErrorsSummaryConsumer#stopProducing(): errorsSummary produced 0 samples
2026-08-13 02:14:16,796 INFO o.a.j.r.p.AbstractSampleConsumer: class org.apache.jmeter.report.processor.graph.impl.HitsPerSecondGraphConsumer#stopProducing(): hitsPerSecond produced 0 samples
2026-08-13 02:14:16,884 INFO o.a.j.r.p.AbstractSampleConsumer: class org.apache.jmeter.report.processor.graph.impl.LatencyVSRequestGraphConsumer#stopProducing(): latencyVsRequest produced 0 samples
2026-08-13 02:14:16,884 INFO o.a.j.r.p.AbstractSampleConsumer: class org.apache.jmeter.report.processor.graph.impl.SyntheticResponseTimeDistributionGraphConsumer#stopProducing(): syntheticResponseTimeDistribution produced 0 samples
2026-08-13 02:14:16,886 INFO o.a.j.r.p.AbstractSampleConsumer: class org.apache.jmeter.report.processor.graph.impl.BytesThroughputGraphConsumer#stopProducing(): bytesThroughputOverTime produced 0 samples
2026-08-13 02:14:16,886 INFO o.a.j.r.p.AbstractSampleConsumer: class org.apache.jmeter.report.processor.graph.impl.CodesPerSecondGraphConsumer#stopProducing(): codesPerSecond produced 0 samples
2026-08-13 02:14:16,956 INFO o.a.j.r.p.AbstractSampleConsumer: class org.apache.jmeter.report.processor.graph.impl.ResponseTimeVSRequestGraphConsumer#stopProducing(): responseTimeVsRequest produced 0 samples
2026-08-13 02:14:16,956 INFO o.a.j.r.p.AbstractSampleConsumer: class org.apache.jmeter.report.processor.FilterConsumer#stopProducing(): startIntervalControlerFilter produced 29337 samples
2026-08-13 02:14:16,956 INFO o.a.j.r.p.AbstractSampleConsumer: class org.apache.jmeter.report.processor.graph.impl.TotalTPSGraphConsumer#stopProducing(): totalTPS produced 0 samples
2026-08-13 02:14:16,956 INFO o.a.j.r.p.AbstractSampleConsumer: class org.apache.jmeter.report.processor.graph.impl.ActiveThreadsGraphConsumer#stopProducing(): activeThreadsOverTime produced 0 samples
2026-08-13 02:14:16,956 INFO o.a.j.r.p.AbstractSampleConsumer: class org.apache.jmeter.report.processor.graph.impl.TimeVSThreadGraphConsumer#stopProducing(): timeVsThreads produced 0 samples
2026-08-13 02:14:16,956 INFO o.a.j.r.p.AbstractSampleConsumer: class org.apache.jmeter.report.processor.graph.impl.ResponseTimeDistributionGraphConsumer#stopProducing(): responseTimeDistribution produced 0 samples
2026-08-13 02:14:16,956 INFO o.a.j.r.p.AbstractSampleConsumer: class org.apache.jmeter.report.processor.graph.impl.TransactionsPerSecondGraphConsumer#stopProducing(): transactionsPerSecond produced 0 samples
2026-08-13 02:14:16,956 INFO o.a.j.r.p.AbstractSampleConsumer: class org.apache.jmeter.report.processor.graph.impl.ResponseTimePercentilesGraphConsumer#stopProducing(): responseTimePercentiles produced 0 samples
2026-08-13 02:14:16,956 INFO o.a.j.r.p.AbstractSampleConsumer: class org.apache.jmeter.report.processor.graph.impl.ResponseTimePercentilesOverTimeGraphConsumer#stopProducing(): responseTimePercentilesOverTime produced 0 samples
2026-08-13 02:14:16,956 INFO o.a.j.r.p.AbstractSampleConsumer: class org.apache.jmeter.report.processor.graph.impl.ResponseTimeOverTimeGraphConsumer#stopProducing(): responseTimesOverTime produced 0 samples
2026-08-13 02:14:16,956 INFO o.a.j.r.p.AbstractSampleConsumer: class org.apache.jmeter.report.processor.graph.impl.ConnectTimeOverTimeGraphConsumer#stopProducing(): connectTimeOverTime produced 0 samples
2026-08-13 02:14:16,956 INFO o.a.j.r.p.AbstractSampleConsumer: class org.apache.jmeter.report.processor.graph.impl.LatencyOverTimeGraphConsumer#stopProducing(): latenciesOverTime produced 0 samples
2026-08-13 02:14:16,956 INFO o.a.j.r.p.AbstractSampleConsumer: class org.apache.jmeter.report.processor.FilterConsumer#stopProducing(): nameFilter produced 62865 samples
2026-08-13 02:14:16,956 INFO o.a.j.r.p.AbstractSampleConsumer: class org.apache.jmeter.report.processor.FilterConsumer#stopProducing(): dateRangeFilter produced 12573 samples
2026-08-13 02:14:16,956 INFO o.a.j.r.p.AbstractSampleConsumer: class org.apache.jmeter.report.processor.NormalizerSampleConsumer#stopProducing(): normalizer produced 4191 samples
2026-08-13 02:14:16,960 INFO o.a.j.r.p.CsvFileSampleSource: produce(): 4191 samples produced in 372ms on channel 0
2026-08-13 02:14:16,961 INFO o.a.j.r.d.ReportGenerator: Exporting data using exporter:'json' of className:'org.apache.jmeter.report.dashboard.JsonExporter'
2026-08-13 02:14:17,034 INFO o.a.j.r.d.JsonExporter: Found data for consumer statisticsSummary in context
2026-08-13 02:14:17,034 INFO o.a.j.r.d.JsonExporter: Creating statistics for overall
2026-08-13 02:14:17,034 INFO o.a.j.r.d.JsonExporter: Creating statistics for other transactions
2026-08-13 02:14:17,034 INFO o.a.j.r.d.JsonExporter: Checking output folder
2026-08-13 02:14:17,034 INFO o.a.j.r.d.JsonExporter: Writing statistics JSON to D:\Workspace\HCMUS\Software Testing\Homework\group05_eshop\results\23127107_Stress_20260812\run-001\html\statistics.json
2026-08-13 02:14:17,063 INFO o.a.j.r.d.ReportGenerator: Exporting data using exporter:'html' of className:'org.apache.jmeter.report.dashboard.HtmlTemplateExporter'
2026-08-13 02:14:17,067 INFO o.a.j.r.d.HtmlTemplateExporter: Will generate dashboard in folder: D:\Workspace\HCMUS\Software Testing\Homework\group05_eshop\results\23127107_Stress_20260812\run-001\html
2026-08-13 02:14:17,165 INFO o.a.j.r.d.HtmlTemplateExporter: Report will be generated in: D:\Workspace\HCMUS\Software Testing\Homework\group05_eshop\results\23127107_Stress_20260812\run-001\html, creating folder structure
2026-08-13 02:14:17,168 INFO o.a.j.r.d.TemplateVisitor: Copying folder from 'D:\Tools\apache-jmeter-5.6.3\bin\report-template' to 'D:\Workspace\HCMUS\Software Testing\Homework\group05_eshop\results\23127107_Stress_20260812\run-001\html', got message: D:\Workspace\HCMUS\Software Testing\Homework\group05_eshop\results\23127107_Stress_20260812\run-001\html, found non empty folder with following content [D:\Workspace\HCMUS\Software Testing\Homework\group05_eshop\results\23127107_Stress_20260812\run-001\html\statistics.json], will be ignored
2026-08-13 02:14:17,545 INFO o.a.j.JMeter: Dashboard generated
