WARN StatusConsoleListener The use of package scanning to locate plugins is deprecated and will be removed in a future release
WARN StatusConsoleListener The use of package scanning to locate plugins is deprecated and will be removed in a future release
WARN StatusConsoleListener The use of package scanning to locate plugins is deprecated and will be removed in a future release
WARN StatusConsoleListener The use of package scanning to locate plugins is deprecated and will be removed in a future release
    _    ____   _    ____ _   _ _____       _ __  __ _____ _____ _____ ____
   / \  |  _ \ / \  / ___| | | | ____|     | |  \/  | ____|_   _| ____|  _ \
  / _ \ | |_) / _ \| |   | |_| |  _|    _  | | |\/| |  _|   | | |  _| | |_) |
 / ___ \|  __/ ___ \ |___|  _  | |___  | |_| | |  | | |___  | | | |___|  _ <
/_/   \_\_| /_/   \_\____|_| |_|_____|  \___/|_|  |_|_____| |_| |_____|_| \_\ 5.6.3

Copyright (c) 1999-2024 The Apache Software Foundation


Aug 16, 2026 3:25:22 AM java.util.prefs.WindowsPreferences <init>
WARNING: Could not open/create prefs root node Software\JavaSoft\Prefs at root 0xffffffff80000001. Windows RegCreateKeyEx(...) returned error code 5.
Aug 16, 2026 3:25:22 AM java.util.prefs.WindowsPreferences WindowsRegOpenKey1
WARNING: Trying to recreate Windows registry node Software\JavaSoft\Prefs at root 0xffffffff80000001.
Aug 16, 2026 3:25:22 AM java.util.prefs.WindowsPreferences openKey
WARNING: Could not open windows registry node Software\JavaSoft\Prefs at root 0xffffffff80000001. Windows RegOpenKey(...) returned error code 2.
Aug 16, 2026 3:25:22 AM java.util.prefs.WindowsPreferences WindowsRegOpenKey1
WARNING: Trying to recreate Windows registry node Software\JavaSoft\Prefs\org at root 0xffffffff80000001.
Aug 16, 2026 3:25:22 AM java.util.prefs.WindowsPreferences openKey
WARNING: Could not open windows registry node Software\JavaSoft\Prefs\org at root 0xffffffff80000001. Windows RegOpenKey(...) returned error code 2.
Aug 16, 2026 3:25:22 AM java.util.prefs.WindowsPreferences WindowsRegOpenKey1
WARNING: Trying to recreate Windows registry node Software\JavaSoft\Prefs\org\apache at root 0xffffffff80000001.
Aug 16, 2026 3:25:22 AM java.util.prefs.WindowsPreferences openKey
WARNING: Could not open windows registry node Software\JavaSoft\Prefs\org\apache at root 0xffffffff80000001. Windows RegOpenKey(...) returned error code 2.
Aug 16, 2026 3:25:22 AM java.util.prefs.WindowsPreferences WindowsRegOpenKey1
WARNING: Trying to recreate Windows registry node Software\JavaSoft\Prefs\org\apache\jmeter at root 0xffffffff80000001.
Aug 16, 2026 3:25:22 AM java.util.prefs.WindowsPreferences openKey
WARNING: Could not open windows registry node Software\JavaSoft\Prefs\org\apache\jmeter at root 0xffffffff80000001. Windows RegOpenKey(...) returned error code 2.
