WARN StatusConsoleListener The use of package scanning to locate plugins is deprecated and will be removed in a future release
WARN StatusConsoleListener The use of package scanning to locate plugins is deprecated and will be removed in a future release
WARN StatusConsoleListener The use of package scanning to locate plugins is deprecated and will be removed in a future release
WARN StatusConsoleListener The use of package scanning to locate plugins is deprecated and will be removed in a future release
Creating summariser <summary>
Created the tree successfully using D:\Workspace\HCMUS\Software Testing\Homework\group05_eshop\test-plans\23127107_Stress_20260816.jmx
Starting standalone test @ 2026 Aug 16 05:24:05 ICT (1786832645441)
Waiting for possible Shutdown/StopTestNow/HeapDump/ThreadDump message on port 4445
summary +     91 in 00:00:25 =    3.7/s Avg:     7 Min:     4 Max:    33 Err:     0 (0.00%) Active: 7 Started: 7 Finished: 0
summary +    230 in 00:00:30 =    7.7/s Avg:     6 Min:     4 Max:    14 Err:     0 (0.00%) Active: 14 Started: 14 Finished: 0
summary =    321 in 00:00:54 =    5.9/s Avg:     6 Min:     4 Max:    33 Err:     0 (0.00%)
summary +    463 in 00:00:30 =   15.5/s Avg:     5 Min:     4 Max:    16 Err:     0 (0.00%) Active: 24 Started: 24 Finished: 0
summary =    784 in 00:01:24 =    9.3/s Avg:     6 Min:     4 Max:    33 Err:     0 (0.00%)
summary +    692 in 00:00:30 =   23.1/s Avg:     5 Min:     4 Max:    18 Err:     0 (0.00%) Active: 23 Started: 30 Finished: 7
summary =   1476 in 00:01:54 =   12.9/s Avg:     5 Min:     4 Max:    33 Err:     0 (0.00%)
summary +    208 in 00:00:30 =    6.9/s Avg:     7 Min:     4 Max:    24 Err:     0 (0.00%) Active: 4 Started: 30 Finished: 26
summary =   1684 in 00:02:24 =   11.7/s Avg:     6 Min:     4 Max:    33 Err:     0 (0.00%)
summary +      3 in 00:00:00 =   12.4/s Avg:     5 Min:     4 Max:     8 Err:     0 (0.00%) Active: 0 Started: 30 Finished: 30
summary =   1687 in 00:02:25 =   11.7/s Avg:     6 Min:     4 Max:    33 Err:     0 (0.00%)
Tidying up ...    @ 2026 Aug 16 05:26:30 ICT (1786832790343)
... end of run
