2026-08-16 05:24:03,453 INFO o.a.j.u.JMeterUtils: Setting Locale to en_EN
2026-08-16 05:24:05,059 INFO o.a.j.JMeter: Loading user properties from: D:\Tools\apache-jmeter-5.6.3\bin\user.properties
2026-08-16 05:24:05,059 INFO o.a.j.JMeter: Loading system properties from: D:\Tools\apache-jmeter-5.6.3\bin\system.properties
2026-08-16 05:24:05,059 INFO o.a.j.JMeter: Loading additional properties from: C:\Users\nguye\AppData\Local\Temp\hw05-transactional-stress-QdLUeY\hw05-transactional-secrets.properties
2026-08-16 05:24:05,060 INFO o.a.j.JMeter: Setting JMeter property: baseUrl=http://127.0.0.1:3000
2026-08-16 05:24:05,068 INFO o.a.j.JMeter: Copyright (c) 1998-2024 The Apache Software Foundation
2026-08-16 05:24:05,068 INFO o.a.j.JMeter: Version 5.6.3
2026-08-16 05:24:05,068 INFO o.a.j.JMeter: java.version=17.0.20
2026-08-16 05:24:05,068 INFO o.a.j.JMeter: java.vm.name=OpenJDK 64-Bit Server VM
2026-08-16 05:24:05,068 INFO o.a.j.JMeter: os.name=Windows 11
2026-08-16 05:24:05,068 INFO o.a.j.JMeter: os.arch=amd64
2026-08-16 05:24:05,068 INFO o.a.j.JMeter: os.version=10.0
2026-08-16 05:24:05,068 INFO o.a.j.JMeter: file.encoding=UTF-8
2026-08-16 05:24:05,068 INFO o.a.j.JMeter: java.awt.headless=true
2026-08-16 05:24:05,068 INFO o.a.j.JMeter: Max memory     =1073741824
2026-08-16 05:24:05,069 INFO o.a.j.JMeter: Available Processors =16
2026-08-16 05:24:05,075 INFO o.a.j.JMeter: Default Locale=English (EN)
2026-08-16 05:24:05,076 INFO o.a.j.JMeter: JMeter  Locale=English (EN)
2026-08-16 05:24:05,076 INFO o.a.j.JMeter: JMeterHome=D:\Tools\apache-jmeter-5.6.3
2026-08-16 05:24:05,076 INFO o.a.j.JMeter: user.dir  =D:\Workspace\HCMUS\Software Testing\Homework\group05_eshop
2026-08-16 05:24:05,077 INFO o.a.j.JMeter: PWD       =D:\Workspace\HCMUS\Software Testing\Homework\group05_eshop
2026-08-16 05:24:05,078 INFO o.a.j.JMeter: IP: 192.168.1.23 Name: 23127107-Quan FullName: 23127107-Quan
2026-08-16 05:24:05,087 INFO o.a.j.JMeter: Setting property 'jmeter.reportgenerator.outputdir' to:'D:\Workspace\HCMUS\Software Testing\Homework\group05_eshop\results\23127107_Stress_20260816\run-001\html'
2026-08-16 05:24:05,090 INFO o.a.j.s.FileServer: Default base='D:\Workspace\HCMUS\Software Testing\Homework\group05_eshop'
2026-08-16 05:24:05,092 INFO o.a.j.s.FileServer: Set new base='D:\Workspace\HCMUS\Software Testing\Homework\group05_eshop\test-plans'
2026-08-16 05:24:05,274 INFO o.a.j.s.SaveService: Testplan (JMX) version: 2.2. Testlog (JTL) version: 2.2
2026-08-16 05:24:05,303 INFO o.a.j.s.SaveService: Using SaveService properties version 5.0
2026-08-16 05:24:05,307 INFO o.a.j.s.SaveService: Using SaveService properties file encoding UTF-8
2026-08-16 05:24:05,310 INFO o.a.j.s.SaveService: Loading file: D:\Workspace\HCMUS\Software Testing\Homework\group05_eshop\test-plans\23127107_Stress_20260816.jmx
2026-08-16 05:24:05,372 INFO o.a.j.p.h.s.HTTPSamplerBase: Parser for text/html is org.apache.jmeter.protocol.http.parser.LagartoBasedHtmlParser
2026-08-16 05:24:05,372 INFO o.a.j.p.h.s.HTTPSamplerBase: Parser for application/xhtml+xml is org.apache.jmeter.protocol.http.parser.LagartoBasedHtmlParser
2026-08-16 05:24:05,372 INFO o.a.j.p.h.s.HTTPSamplerBase: Parser for application/xml is org.apache.jmeter.protocol.http.parser.LagartoBasedHtmlParser
2026-08-16 05:24:05,372 INFO o.a.j.p.h.s.HTTPSamplerBase: Parser for text/xml is org.apache.jmeter.protocol.http.parser.LagartoBasedHtmlParser
2026-08-16 05:24:05,372 INFO o.a.j.p.h.s.HTTPSamplerBase: Parser for text/vnd.wap.wml is org.apache.jmeter.protocol.http.parser.RegexpHTMLParser
2026-08-16 05:24:05,372 INFO o.a.j.p.h.s.HTTPSamplerBase: Parser for text/css is org.apache.jmeter.protocol.http.parser.CssParser
2026-08-16 05:24:05,417 INFO o.a.j.JMeter: Creating summariser <summary>
2026-08-16 05:24:05,421 INFO o.a.j.r.d.ReportGenerator: ReportGenerator will use for Parsing the separator: ','
2026-08-16 05:24:05,421 INFO o.a.j.r.d.ReportGenerator: Will generate report at end of test from  results file: D:\Workspace\HCMUS\Software Testing\Homework\group05_eshop\results\23127107_Stress_20260816\run-001\raw\23127107_Stress_20260816_run-001.jtl
2026-08-16 05:24:05,421 INFO o.a.j.r.d.ReportGenerator: Reading report generator properties from: D:\Tools\apache-jmeter-5.6.3\bin\reportgenerator.properties
2026-08-16 05:24:05,421 INFO o.a.j.r.d.ReportGenerator: Merging with JMeter properties
2026-08-16 05:24:05,428 INFO o.a.j.r.c.ReportGeneratorConfiguration: Property 'jmeter.reportgenerator.temp_dir' not found, using default value 'temp' instead.
2026-08-16 05:24:05,430 INFO o.a.j.r.c.ReportGeneratorConfiguration: Property 'jmeter.reportgenerator.apdex_per_transaction' not found, using default value 'null' instead.
2026-08-16 05:24:05,431 INFO o.a.j.r.c.ReportGeneratorConfiguration: apdex_per_transaction is empty, not APDEX per transaction customization
2026-08-16 05:24:05,431 INFO o.a.j.r.c.ReportGeneratorConfiguration: Property 'jmeter.reportgenerator.sample_filter' not found, using default value 'null' instead.
2026-08-16 05:24:05,431 INFO o.a.j.r.c.ReportGeneratorConfiguration: Property 'jmeter.reportgenerator.report_title' not found, using default value 'null' instead.
2026-08-16 05:24:05,431 INFO o.a.j.r.c.ReportGeneratorConfiguration: Property 'jmeter.reportgenerator.start_date' not found, using default value 'null' instead.
2026-08-16 05:24:05,431 INFO o.a.j.r.c.ReportGeneratorConfiguration: Property 'jmeter.reportgenerator.end_date' not found, using default value 'null' instead.
2026-08-16 05:24:05,431 INFO o.a.j.r.c.ReportGeneratorConfiguration: Property 'jmeter.reportgenerator.date_format' not found, using default value 'null' instead.
2026-08-16 05:24:05,431 INFO o.a.j.r.c.ReportGeneratorConfiguration: Will use date range start date: null, end date: null
2026-08-16 05:24:05,434 INFO o.a.j.r.c.ReportGeneratorConfiguration: Property 'jmeter.reportgenerator.graph.totalTPS.exclude_controllers' not found, using default value 'false' instead.
2026-08-16 05:24:05,435 INFO o.a.j.r.c.ReportGeneratorConfiguration: Property 'jmeter.reportgenerator.graph.activeThreadsOverTime.exclude_controllers' not found, using default value 'false' instead.
2026-08-16 05:24:05,435 INFO o.a.j.r.c.ReportGeneratorConfiguration: Property 'jmeter.reportgenerator.graph.timeVsThreads.exclude_controllers' not found, using default value 'false' instead.
2026-08-16 05:24:05,435 INFO o.a.j.r.c.ReportGeneratorConfiguration: Property 'jmeter.reportgenerator.graph.responseTimeDistribution.exclude_controllers' not found, using default value 'false' instead.
2026-08-16 05:24:05,435 INFO o.a.j.r.c.ReportGeneratorConfiguration: Property 'jmeter.reportgenerator.graph.transactionsPerSecond.exclude_controllers' not found, using default value 'false' instead.
2026-08-16 05:24:05,435 INFO o.a.j.r.c.ReportGeneratorConfiguration: Property 'jmeter.reportgenerator.graph.responseTimePercentiles.exclude_controllers' not found, using default value 'false' instead.
2026-08-16 05:24:05,435 INFO o.a.j.r.c.ReportGeneratorConfiguration: Property 'jmeter.reportgenerator.graph.responseTimePercentilesOverTime.exclude_controllers' not found, using default value 'false' instead.
2026-08-16 05:24:05,435 INFO o.a.j.r.c.ReportGeneratorConfiguration: Property 'jmeter.reportgenerator.graph.responseTimesOverTime.exclude_controllers' not found, using default value 'false' instead.
2026-08-16 05:24:05,436 INFO o.a.j.r.c.ReportGeneratorConfiguration: Property 'jmeter.reportgenerator.graph.connectTimeOverTime.exclude_controllers' not found, using default value 'false' instead.
2026-08-16 05:24:05,436 INFO o.a.j.r.c.ReportGeneratorConfiguration: Property 'jmeter.reportgenerator.graph.latenciesOverTime.exclude_controllers' not found, using default value 'false' instead.
2026-08-16 05:24:05,436 INFO o.a.j.r.c.ReportGeneratorConfiguration: Property 'jmeter.reportgenerator.exporter.json.filters_only_sample_series' not found, using default value 'true' instead.
2026-08-16 05:24:05,436 INFO o.a.j.r.c.ReportGeneratorConfiguration: Property 'jmeter.reportgenerator.exporter.json.series_filter' not found, using default value '' instead.
2026-08-16 05:24:05,437 INFO o.a.j.r.c.ReportGeneratorConfiguration: Property 'jmeter.reportgenerator.exporter.json.show_controllers_only' not found, using default value 'false' instead.
2026-08-16 05:24:05,437 INFO o.a.j.r.c.ReportGeneratorConfiguration: Property 'jmeter.reportgenerator.exporter.html.filters_only_sample_series' not found, using default value 'true' instead.
2026-08-16 05:24:05,438 INFO o.a.j.r.c.ReportGeneratorConfiguration: Property 'jmeter.reportgenerator.exporter.html.series_filter' not found, using default value '' instead.
2026-08-16 05:24:05,438 INFO o.a.j.r.c.ReportGeneratorConfiguration: Property 'jmeter.reportgenerator.exporter.html.show_controllers_only' not found, using default value 'false' instead.
2026-08-16 05:24:05,449 INFO o.a.j.e.StandardJMeterEngine: Running the test!
2026-08-16 05:24:05,449 INFO o.a.j.s.SampleEvent: List of sample_variables: []
2026-08-16 05:24:05,450 INFO o.a.j.s.SampleEvent: List of sample_variables: []
2026-08-16 05:24:05,453 INFO o.a.j.e.u.CompoundVariable: Note: Function class names must contain the string: '.functions.'
2026-08-16 05:24:05,454 INFO o.a.j.e.u.CompoundVariable: Note: Function class names must not contain the string: '.gui.'
2026-08-16 05:24:05,488 INFO o.a.j.r.ClassFinder: Will scan jar D:\Tools\apache-jmeter-5.6.3\lib\ext\jmeter-plugins-manager-1.12.jar with filter ExtendsClassFilter [parents=[interface org.apache.jmeter.functions.Function], inner=false, contains=null, notContains=null]. Consider exposing JMeter plugins via META-INF/services, and add JMeter-Skip-Class-Scanning=true manifest attribute so JMeter can skip classfile scanning
2026-08-16 05:24:05,558 INFO o.a.j.r.ClassFinder: Will scan jar D:\Tools\apache-jmeter-5.6.3\lib\ext\jmeter-plugins-casutg-3.1.1.jar with filter ExtendsClassFilter [parents=[interface org.apache.jmeter.functions.Function], inner=false, contains=null, notContains=null]. Consider exposing JMeter plugins via META-INF/services, and add JMeter-Skip-Class-Scanning=true manifest attribute so JMeter can skip classfile scanning
2026-08-16 05:24:05,577 INFO o.a.j.r.ClassFinder: Will scan jar D:\Tools\apache-jmeter-5.6.3\lib\ext\jmeter-plugins-graphs-basic-2.0.jar with filter ExtendsClassFilter [parents=[interface org.apache.jmeter.functions.Function], inner=false, contains=null, notContains=null]. Consider exposing JMeter plugins via META-INF/services, and add JMeter-Skip-Class-Scanning=true manifest attribute so JMeter can skip classfile scanning
2026-08-16 05:24:05,764 INFO o.a.j.JMeter: Running test (1786832645764)
2026-08-16 05:24:05,782 INFO o.a.j.e.StandardJMeterEngine: Starting ThreadGroup: 1 : STRESS - Create Coupons - 5 to 10 to 20 to 30 to 5 VUs
2026-08-16 05:24:05,782 INFO o.a.j.e.StandardJMeterEngine: Starting 30 threads for group STRESS - Create Coupons - 5 to 10 to 20 to 30 to 5 VUs.
2026-08-16 05:24:05,782 INFO o.a.j.e.StandardJMeterEngine: Thread will continue on error
2026-08-16 05:24:05,782 INFO k.a.j.t.AbstractSimpleThreadGroup: Starting thread group number 1 threads 30
2026-08-16 05:24:05,802 INFO o.a.j.t.JMeterThread: Thread started: STRESS - Create Coupons - 5 to 10 to 20 to 30 to 5 VUs 1-2
2026-08-16 05:24:05,803 INFO o.a.j.t.JMeterThread: Thread started: STRESS - Create Coupons - 5 to 10 to 20 to 30 to 5 VUs 1-1
2026-08-16 05:24:05,804 INFO o.a.j.t.JMeterThread: Thread started: STRESS - Create Coupons - 5 to 10 to 20 to 30 to 5 VUs 1-3
2026-08-16 05:24:05,804 INFO o.a.j.t.JMeterThread: Thread started: STRESS - Create Coupons - 5 to 10 to 20 to 30 to 5 VUs 1-4
2026-08-16 05:24:05,804 INFO o.a.j.t.JMeterThread: Thread started: STRESS - Create Coupons - 5 to 10 to 20 to 30 to 5 VUs 1-5
2026-08-16 05:24:05,806 INFO o.a.j.s.FileServer: Stored: test-data/transactional-admin-coupons.csv
2026-08-16 05:24:05,808 INFO k.a.j.t.AbstractSimpleThreadGroup: Started thread group number 1
2026-08-16 05:24:05,808 INFO o.a.j.e.StandardJMeterEngine: All thread groups have been started
2026-08-16 05:24:08,088 INFO o.a.j.p.h.s.HTTPHCAbstractImpl: Local host = 23127107-Quan
2026-08-16 05:24:08,094 INFO o.a.j.p.h.s.HTTPHC4Impl: HTTP request retry count = 0
2026-08-16 05:24:08,095 INFO o.a.j.s.SampleResult: Note: Sample TimeStamps are START times
2026-08-16 05:24:08,095 INFO o.a.j.s.SampleResult: sampleresult.default.encoding is set to UTF-8
2026-08-16 05:24:08,095 INFO o.a.j.s.SampleResult: sampleresult.useNanoTime=true
2026-08-16 05:24:08,095 INFO o.a.j.s.SampleResult: sampleresult.nanoThreadSleep=5000
2026-08-16 05:24:09,424 INFO o.a.j.u.JsseSSLManager: Using default SSL protocol: TLS
2026-08-16 05:24:09,424 INFO o.a.j.u.JsseSSLManager: SSL session context: per-thread
2026-08-16 05:24:27,784 INFO o.a.j.t.JMeterThread: Thread started: STRESS - Create Coupons - 5 to 10 to 20 to 30 to 5 VUs 1-10
2026-08-16 05:24:29,784 INFO o.a.j.t.JMeterThread: Thread started: STRESS - Create Coupons - 5 to 10 to 20 to 30 to 5 VUs 1-9
2026-08-16 05:24:30,334 INFO o.a.j.r.Summariser: summary +     91 in 00:00:25 =    3.7/s Avg:     7 Min:     4 Max:    33 Err:     0 (0.00%) Active: 7 Started: 7 Finished: 0
2026-08-16 05:24:31,785 INFO o.a.j.t.JMeterThread: Thread started: STRESS - Create Coupons - 5 to 10 to 20 to 30 to 5 VUs 1-8
2026-08-16 05:24:33,783 INFO o.a.j.t.JMeterThread: Thread started: STRESS - Create Coupons - 5 to 10 to 20 to 30 to 5 VUs 1-7
2026-08-16 05:24:35,783 INFO o.a.j.t.JMeterThread: Thread started: STRESS - Create Coupons - 5 to 10 to 20 to 30 to 5 VUs 1-6
2026-08-16 05:24:56,783 INFO o.a.j.t.JMeterThread: Thread started: STRESS - Create Coupons - 5 to 10 to 20 to 30 to 5 VUs 1-20
2026-08-16 05:24:57,784 INFO o.a.j.t.JMeterThread: Thread started: STRESS - Create Coupons - 5 to 10 to 20 to 30 to 5 VUs 1-19
2026-08-16 05:24:58,784 INFO o.a.j.t.JMeterThread: Thread started: STRESS - Create Coupons - 5 to 10 to 20 to 30 to 5 VUs 1-18
2026-08-16 05:24:59,784 INFO o.a.j.t.JMeterThread: Thread started: STRESS - Create Coupons - 5 to 10 to 20 to 30 to 5 VUs 1-17
2026-08-16 05:25:00,042 INFO o.a.j.r.Summariser: summary +    230 in 00:00:30 =    7.7/s Avg:     6 Min:     4 Max:    14 Err:     0 (0.00%) Active: 14 Started: 14 Finished: 0
2026-08-16 05:25:00,042 INFO o.a.j.r.Summariser: summary =    321 in 00:00:54 =    5.9/s Avg:     6 Min:     4 Max:    33 Err:     0 (0.00%)
2026-08-16 05:25:00,783 INFO o.a.j.t.JMeterThread: Thread started: STRESS - Create Coupons - 5 to 10 to 20 to 30 to 5 VUs 1-16
2026-08-16 05:25:01,783 INFO o.a.j.t.JMeterThread: Thread started: STRESS - Create Coupons - 5 to 10 to 20 to 30 to 5 VUs 1-15
2026-08-16 05:25:02,783 INFO o.a.j.t.JMeterThread: Thread started: STRESS - Create Coupons - 5 to 10 to 20 to 30 to 5 VUs 1-14
2026-08-16 05:25:03,783 INFO o.a.j.t.JMeterThread: Thread started: STRESS - Create Coupons - 5 to 10 to 20 to 30 to 5 VUs 1-13
2026-08-16 05:25:04,783 INFO o.a.j.t.JMeterThread: Thread started: STRESS - Create Coupons - 5 to 10 to 20 to 30 to 5 VUs 1-12
2026-08-16 05:25:05,783 INFO o.a.j.t.JMeterThread: Thread started: STRESS - Create Coupons - 5 to 10 to 20 to 30 to 5 VUs 1-11
2026-08-16 05:25:26,784 INFO o.a.j.t.JMeterThread: Thread started: STRESS - Create Coupons - 5 to 10 to 20 to 30 to 5 VUs 1-30
2026-08-16 05:25:27,784 INFO o.a.j.t.JMeterThread: Thread started: STRESS - Create Coupons - 5 to 10 to 20 to 30 to 5 VUs 1-29
2026-08-16 05:25:28,784 INFO o.a.j.t.JMeterThread: Thread started: STRESS - Create Coupons - 5 to 10 to 20 to 30 to 5 VUs 1-28
2026-08-16 05:25:29,783 INFO o.a.j.t.JMeterThread: Thread started: STRESS - Create Coupons - 5 to 10 to 20 to 30 to 5 VUs 1-27
2026-08-16 05:25:30,003 INFO o.a.j.r.Summariser: summary +    463 in 00:00:30 =   15.5/s Avg:     5 Min:     4 Max:    16 Err:     0 (0.00%) Active: 24 Started: 24 Finished: 0
2026-08-16 05:25:30,003 INFO o.a.j.r.Summariser: summary =    784 in 00:01:24 =    9.3/s Avg:     6 Min:     4 Max:    33 Err:     0 (0.00%)
2026-08-16 05:25:30,784 INFO o.a.j.t.JMeterThread: Thread started: STRESS - Create Coupons - 5 to 10 to 20 to 30 to 5 VUs 1-26
2026-08-16 05:25:31,784 INFO o.a.j.t.JMeterThread: Thread started: STRESS - Create Coupons - 5 to 10 to 20 to 30 to 5 VUs 1-25
2026-08-16 05:25:32,784 INFO o.a.j.t.JMeterThread: Thread started: STRESS - Create Coupons - 5 to 10 to 20 to 30 to 5 VUs 1-24
2026-08-16 05:25:33,783 INFO o.a.j.t.JMeterThread: Thread started: STRESS - Create Coupons - 5 to 10 to 20 to 30 to 5 VUs 1-23
2026-08-16 05:25:34,784 INFO o.a.j.t.JMeterThread: Thread started: STRESS - Create Coupons - 5 to 10 to 20 to 30 to 5 VUs 1-22
2026-08-16 05:25:35,784 INFO o.a.j.t.JMeterThread: Thread started: STRESS - Create Coupons - 5 to 10 to 20 to 30 to 5 VUs 1-21
2026-08-16 05:25:56,258 INFO o.a.j.t.JMeterThread: Thread finished: STRESS - Create Coupons - 5 to 10 to 20 to 30 to 5 VUs 1-20
2026-08-16 05:25:56,285 INFO o.a.j.t.JMeterThread: Thread finished: STRESS - Create Coupons - 5 to 10 to 20 to 30 to 5 VUs 1-30
2026-08-16 05:25:57,454 INFO o.a.j.t.JMeterThread: Thread finished: STRESS - Create Coupons - 5 to 10 to 20 to 30 to 5 VUs 1-10
2026-08-16 05:25:57,680 INFO o.a.j.t.JMeterThread: Thread finished: STRESS - Create Coupons - 5 to 10 to 20 to 30 to 5 VUs 1-29
2026-08-16 05:25:57,896 INFO o.a.j.t.JMeterThread: Thread finished: STRESS - Create Coupons - 5 to 10 to 20 to 30 to 5 VUs 1-19
2026-08-16 05:25:59,412 INFO o.a.j.t.JMeterThread: Thread finished: STRESS - Create Coupons - 5 to 10 to 20 to 30 to 5 VUs 1-28
2026-08-16 05:25:59,884 INFO o.a.j.t.JMeterThread: Thread finished: STRESS - Create Coupons - 5 to 10 to 20 to 30 to 5 VUs 1-18
2026-08-16 05:26:00,013 INFO o.a.j.r.Summariser: summary +    692 in 00:00:30 =   23.1/s Avg:     5 Min:     4 Max:    18 Err:     0 (0.00%) Active: 23 Started: 30 Finished: 7
2026-08-16 05:26:00,013 INFO o.a.j.r.Summariser: summary =   1476 in 00:01:54 =   12.9/s Avg:     5 Min:     4 Max:    33 Err:     0 (0.00%)
2026-08-16 05:26:00,468 INFO o.a.j.t.JMeterThread: Thread finished: STRESS - Create Coupons - 5 to 10 to 20 to 30 to 5 VUs 1-17
2026-08-16 05:26:01,090 INFO o.a.j.t.JMeterThread: Thread finished: STRESS - Create Coupons - 5 to 10 to 20 to 30 to 5 VUs 1-9
2026-08-16 05:26:01,641 INFO o.a.j.t.JMeterThread: Thread finished: STRESS - Create Coupons - 5 to 10 to 20 to 30 to 5 VUs 1-27
2026-08-16 05:26:02,955 INFO o.a.j.t.JMeterThread: Thread finished: STRESS - Create Coupons - 5 to 10 to 20 to 30 to 5 VUs 1-16
2026-08-16 05:26:03,068 INFO o.a.j.t.JMeterThread: Thread finished: STRESS - Create Coupons - 5 to 10 to 20 to 30 to 5 VUs 1-26
2026-08-16 05:26:03,477 INFO o.a.j.t.JMeterThread: Thread finished: STRESS - Create Coupons - 5 to 10 to 20 to 30 to 5 VUs 1-15
2026-08-16 05:26:04,120 INFO o.a.j.t.JMeterThread: Thread finished: STRESS - Create Coupons - 5 to 10 to 20 to 30 to 5 VUs 1-8
2026-08-16 05:26:04,208 INFO o.a.j.t.JMeterThread: Thread finished: STRESS - Create Coupons - 5 to 10 to 20 to 30 to 5 VUs 1-25
2026-08-16 05:26:05,480 INFO o.a.j.t.JMeterThread: Thread finished: STRESS - Create Coupons - 5 to 10 to 20 to 30 to 5 VUs 1-14
2026-08-16 05:26:05,682 INFO o.a.j.t.JMeterThread: Thread finished: STRESS - Create Coupons - 5 to 10 to 20 to 30 to 5 VUs 1-24
2026-08-16 05:26:06,814 INFO o.a.j.t.JMeterThread: Thread finished: STRESS - Create Coupons - 5 to 10 to 20 to 30 to 5 VUs 1-23
2026-08-16 05:26:06,929 INFO o.a.j.t.JMeterThread: Thread finished: STRESS - Create Coupons - 5 to 10 to 20 to 30 to 5 VUs 1-7
2026-08-16 05:26:07,087 INFO o.a.j.t.JMeterThread: Thread finished: STRESS - Create Coupons - 5 to 10 to 20 to 30 to 5 VUs 1-13
2026-08-16 05:26:08,691 INFO o.a.j.t.JMeterThread: Thread finished: STRESS - Create Coupons - 5 to 10 to 20 to 30 to 5 VUs 1-12
2026-08-16 05:26:08,789 INFO o.a.j.t.JMeterThread: Thread finished: STRESS - Create Coupons - 5 to 10 to 20 to 30 to 5 VUs 1-22
2026-08-16 05:26:10,252 INFO o.a.j.t.JMeterThread: Thread finished: STRESS - Create Coupons - 5 to 10 to 20 to 30 to 5 VUs 1-6
2026-08-16 05:26:10,580 INFO o.a.j.t.JMeterThread: Thread finished: STRESS - Create Coupons - 5 to 10 to 20 to 30 to 5 VUs 1-21
2026-08-16 05:26:10,639 INFO o.a.j.t.JMeterThread: Thread finished: STRESS - Create Coupons - 5 to 10 to 20 to 30 to 5 VUs 1-11
2026-08-16 05:26:29,374 INFO o.a.j.t.JMeterThread: Thread finished: STRESS - Create Coupons - 5 to 10 to 20 to 30 to 5 VUs 1-4
2026-08-16 05:26:30,101 INFO o.a.j.r.Summariser: summary +    208 in 00:00:30 =    6.9/s Avg:     7 Min:     4 Max:    24 Err:     0 (0.00%) Active: 4 Started: 30 Finished: 26
2026-08-16 05:26:30,101 INFO o.a.j.r.Summariser: summary =   1684 in 00:02:24 =   11.7/s Avg:     6 Min:     4 Max:    33 Err:     0 (0.00%)
2026-08-16 05:26:30,101 INFO o.a.j.t.JMeterThread: Thread finished: STRESS - Create Coupons - 5 to 10 to 20 to 30 to 5 VUs 1-3
2026-08-16 05:26:30,152 INFO o.a.j.t.JMeterThread: Thread finished: STRESS - Create Coupons - 5 to 10 to 20 to 30 to 5 VUs 1-5
2026-08-16 05:26:30,325 INFO o.a.j.t.JMeterThread: Thread finished: STRESS - Create Coupons - 5 to 10 to 20 to 30 to 5 VUs 1-1
2026-08-16 05:26:30,339 INFO o.a.j.t.JMeterThread: Thread finished: STRESS - Create Coupons - 5 to 10 to 20 to 30 to 5 VUs 1-2
2026-08-16 05:26:30,340 INFO o.a.j.e.StandardJMeterEngine: Notifying test listeners of end of test
2026-08-16 05:26:30,340 INFO o.a.j.s.FileServer: Close: test-data/transactional-admin-coupons.csv
2026-08-16 05:26:30,343 INFO o.a.j.r.Summariser: summary +      3 in 00:00:00 =   12.4/s Avg:     5 Min:     4 Max:     8 Err:     0 (0.00%) Active: 0 Started: 30 Finished: 30
2026-08-16 05:26:30,343 INFO o.a.j.r.Summariser: summary =   1687 in 00:02:25 =   11.7/s Avg:     6 Min:     4 Max:    33 Err:     0 (0.00%)
2026-08-16 05:26:30,343 INFO o.a.j.JMeter: Generating Dashboard
2026-08-16 05:26:30,343 INFO o.a.j.r.d.ReportGenerator: Flushing result collector before report Generation
2026-08-16 05:26:30,372 INFO o.a.j.r.p.NormalizerSampleConsumer: Using format, 'ms', to parse timeStamp field
2026-08-16 05:26:38,501 INFO o.a.j.r.p.AbstractSampleConsumer: class org.apache.jmeter.report.processor.AggregateConsumer#stopProducing(): beginDate produced 0 samples
2026-08-16 05:26:38,501 INFO o.a.j.r.p.AbstractSampleConsumer: class org.apache.jmeter.report.processor.AggregateConsumer#stopProducing(): endDate produced 0 samples
2026-08-16 05:26:38,511 INFO o.a.j.r.p.AbstractSampleConsumer: class org.apache.jmeter.report.processor.ApdexSummaryConsumer#stopProducing(): apdexSummary produced 0 samples
2026-08-16 05:26:38,512 INFO o.a.j.r.p.AbstractSampleConsumer: class org.apache.jmeter.report.processor.RequestsSummaryConsumer#stopProducing(): requestsSummary produced 0 samples
2026-08-16 05:26:38,537 INFO o.a.j.r.p.AbstractSampleConsumer: class org.apache.jmeter.report.processor.StatisticsSummaryConsumer#stopProducing(): statisticsSummary produced 0 samples
2026-08-16 05:26:38,541 INFO o.a.j.r.p.AbstractSampleConsumer: class org.apache.jmeter.report.processor.Top5ErrorsBySamplerConsumer#stopProducing(): top5ErrorsBySampler produced 0 samples
2026-08-16 05:26:38,541 INFO o.a.j.r.p.AbstractSampleConsumer: class org.apache.jmeter.report.processor.ErrorsSummaryConsumer#stopProducing(): errorsSummary produced 0 samples
2026-08-16 05:26:38,541 INFO o.a.j.r.p.AbstractSampleConsumer: class org.apache.jmeter.report.processor.graph.impl.HitsPerSecondGraphConsumer#stopProducing(): hitsPerSecond produced 0 samples
2026-08-16 05:26:38,622 INFO o.a.j.r.p.AbstractSampleConsumer: class org.apache.jmeter.report.processor.graph.impl.LatencyVSRequestGraphConsumer#stopProducing(): latencyVsRequest produced 0 samples
2026-08-16 05:26:38,624 INFO o.a.j.r.p.AbstractSampleConsumer: class org.apache.jmeter.report.processor.graph.impl.SyntheticResponseTimeDistributionGraphConsumer#stopProducing(): syntheticResponseTimeDistribution produced 0 samples
2026-08-16 05:26:38,624 INFO o.a.j.r.p.AbstractSampleConsumer: class org.apache.jmeter.report.processor.graph.impl.BytesThroughputGraphConsumer#stopProducing(): bytesThroughputOverTime produced 0 samples
2026-08-16 05:26:38,624 INFO o.a.j.r.p.AbstractSampleConsumer: class org.apache.jmeter.report.processor.graph.impl.CodesPerSecondGraphConsumer#stopProducing(): codesPerSecond produced 0 samples
2026-08-16 05:26:38,669 INFO o.a.j.r.p.AbstractSampleConsumer: class org.apache.jmeter.report.processor.graph.impl.ResponseTimeVSRequestGraphConsumer#stopProducing(): responseTimeVsRequest produced 0 samples
2026-08-16 05:26:38,670 INFO o.a.j.r.p.AbstractSampleConsumer: class org.apache.jmeter.report.processor.FilterConsumer#stopProducing(): startIntervalControlerFilter produced 11809 samples
2026-08-16 05:26:38,670 INFO o.a.j.r.p.AbstractSampleConsumer: class org.apache.jmeter.report.processor.graph.impl.TotalTPSGraphConsumer#stopProducing(): totalTPS produced 0 samples
2026-08-16 05:26:38,671 INFO o.a.j.r.p.AbstractSampleConsumer: class org.apache.jmeter.report.processor.graph.impl.ActiveThreadsGraphConsumer#stopProducing(): activeThreadsOverTime produced 0 samples
2026-08-16 05:26:38,671 INFO o.a.j.r.p.AbstractSampleConsumer: class org.apache.jmeter.report.processor.graph.impl.TimeVSThreadGraphConsumer#stopProducing(): timeVsThreads produced 0 samples
2026-08-16 05:26:38,671 INFO o.a.j.r.p.AbstractSampleConsumer: class org.apache.jmeter.report.processor.graph.impl.ResponseTimeDistributionGraphConsumer#stopProducing(): responseTimeDistribution produced 0 samples
2026-08-16 05:26:38,671 INFO o.a.j.r.p.AbstractSampleConsumer: class org.apache.jmeter.report.processor.graph.impl.TransactionsPerSecondGraphConsumer#stopProducing(): transactionsPerSecond produced 0 samples
2026-08-16 05:26:38,671 INFO o.a.j.r.p.AbstractSampleConsumer: class org.apache.jmeter.report.processor.graph.impl.ResponseTimePercentilesGraphConsumer#stopProducing(): responseTimePercentiles produced 0 samples
2026-08-16 05:26:38,671 INFO o.a.j.r.p.AbstractSampleConsumer: class org.apache.jmeter.report.processor.graph.impl.ResponseTimePercentilesOverTimeGraphConsumer#stopProducing(): responseTimePercentilesOverTime produced 0 samples
2026-08-16 05:26:38,672 INFO o.a.j.r.p.AbstractSampleConsumer: class org.apache.jmeter.report.processor.graph.impl.ResponseTimeOverTimeGraphConsumer#stopProducing(): responseTimesOverTime produced 0 samples
2026-08-16 05:26:38,673 INFO o.a.j.r.p.AbstractSampleConsumer: class org.apache.jmeter.report.processor.graph.impl.ConnectTimeOverTimeGraphConsumer#stopProducing(): connectTimeOverTime produced 0 samples
2026-08-16 05:26:38,673 INFO o.a.j.r.p.AbstractSampleConsumer: class org.apache.jmeter.report.processor.graph.impl.LatencyOverTimeGraphConsumer#stopProducing(): latenciesOverTime produced 0 samples
2026-08-16 05:26:38,673 INFO o.a.j.r.p.AbstractSampleConsumer: class org.apache.jmeter.report.processor.FilterConsumer#stopProducing(): nameFilter produced 25305 samples
2026-08-16 05:26:38,673 INFO o.a.j.r.p.AbstractSampleConsumer: class org.apache.jmeter.report.processor.FilterConsumer#stopProducing(): dateRangeFilter produced 5061 samples
2026-08-16 05:26:38,673 INFO o.a.j.r.p.AbstractSampleConsumer: class org.apache.jmeter.report.processor.NormalizerSampleConsumer#stopProducing(): normalizer produced 1687 samples
2026-08-16 05:26:38,674 INFO o.a.j.r.p.CsvFileSampleSource: produce(): 1687 samples produced in 8s 284 ms on channel 0
2026-08-16 05:26:38,674 INFO o.a.j.r.d.ReportGenerator: Exporting data using exporter:'json' of className:'org.apache.jmeter.report.dashboard.JsonExporter'
2026-08-16 05:26:38,747 INFO o.a.j.r.d.JsonExporter: Found data for consumer statisticsSummary in context
2026-08-16 05:26:38,747 INFO o.a.j.r.d.JsonExporter: Creating statistics for overall
2026-08-16 05:26:38,748 INFO o.a.j.r.d.JsonExporter: Creating statistics for other transactions
2026-08-16 05:26:38,748 INFO o.a.j.r.d.JsonExporter: Checking output folder
2026-08-16 05:26:38,748 INFO o.a.j.r.d.JsonExporter: Writing statistics JSON to D:\Workspace\HCMUS\Software Testing\Homework\group05_eshop\results\23127107_Stress_20260816\run-001\html\statistics.json
2026-08-16 05:26:38,784 INFO o.a.j.r.d.ReportGenerator: Exporting data using exporter:'html' of className:'org.apache.jmeter.report.dashboard.HtmlTemplateExporter'
2026-08-16 05:26:38,792 INFO o.a.j.r.d.HtmlTemplateExporter: Will generate dashboard in folder: D:\Workspace\HCMUS\Software Testing\Homework\group05_eshop\results\23127107_Stress_20260816\run-001\html
2026-08-16 05:26:38,883 INFO o.a.j.r.d.HtmlTemplateExporter: Report will be generated in: D:\Workspace\HCMUS\Software Testing\Homework\group05_eshop\results\23127107_Stress_20260816\run-001\html, creating folder structure
2026-08-16 05:26:38,886 INFO o.a.j.r.d.TemplateVisitor: Copying folder from 'D:\Tools\apache-jmeter-5.6.3\bin\report-template' to 'D:\Workspace\HCMUS\Software Testing\Homework\group05_eshop\results\23127107_Stress_20260816\run-001\html', got message: D:\Workspace\HCMUS\Software Testing\Homework\group05_eshop\results\23127107_Stress_20260816\run-001\html, found non empty folder with following content [D:\Workspace\HCMUS\Software Testing\Homework\group05_eshop\results\23127107_Stress_20260816\run-001\html\statistics.json], will be ignored
2026-08-16 05:26:39,193 INFO o.a.j.JMeter: Dashboard generated
