2026-08-16 03:51:22,367 INFO o.a.j.u.JMeterUtils: Setting Locale to en_EN
2026-08-16 03:51:23,982 INFO o.a.j.JMeter: Loading user properties from: D:\Tools\apache-jmeter-5.6.3\bin\user.properties
2026-08-16 03:51:23,983 INFO o.a.j.JMeter: Loading system properties from: D:\Tools\apache-jmeter-5.6.3\bin\system.properties
2026-08-16 03:51:23,983 INFO o.a.j.JMeter: Loading additional properties from: C:\Users\nguye\AppData\Local\Temp\hw05-auth-heavy-spike-2eUEUt\hw05-spike-secrets.properties
2026-08-16 03:51:23,984 INFO o.a.j.JMeter: Setting JMeter property: baseUrl=http://127.0.0.1:3000
2026-08-16 03:51:23,995 INFO o.a.j.JMeter: Copyright (c) 1998-2024 The Apache Software Foundation
2026-08-16 03:51:23,996 INFO o.a.j.JMeter: Version 5.6.3
2026-08-16 03:51:23,996 INFO o.a.j.JMeter: java.version=17.0.20
2026-08-16 03:51:23,996 INFO o.a.j.JMeter: java.vm.name=OpenJDK 64-Bit Server VM
2026-08-16 03:51:23,996 INFO o.a.j.JMeter: os.name=Windows 11
2026-08-16 03:51:23,996 INFO o.a.j.JMeter: os.arch=amd64
2026-08-16 03:51:23,996 INFO o.a.j.JMeter: os.version=10.0
2026-08-16 03:51:23,996 INFO o.a.j.JMeter: file.encoding=UTF-8
2026-08-16 03:51:23,996 INFO o.a.j.JMeter: java.awt.headless=true
2026-08-16 03:51:23,996 INFO o.a.j.JMeter: Max memory     =1073741824
2026-08-16 03:51:23,997 INFO o.a.j.JMeter: Available Processors =16
2026-08-16 03:51:24,006 INFO o.a.j.JMeter: Default Locale=English (EN)
2026-08-16 03:51:24,006 INFO o.a.j.JMeter: JMeter  Locale=English (EN)
2026-08-16 03:51:24,006 INFO o.a.j.JMeter: JMeterHome=D:\Tools\apache-jmeter-5.6.3
2026-08-16 03:51:24,006 INFO o.a.j.JMeter: user.dir  =D:\Workspace\HCMUS\Software Testing\Homework\group05_eshop
2026-08-16 03:51:24,007 INFO o.a.j.JMeter: PWD       =D:\Workspace\HCMUS\Software Testing\Homework\group05_eshop
2026-08-16 03:51:24,013 INFO o.a.j.JMeter: IP: 192.168.1.23 Name: 23127107-Quan FullName: 23127107-Quan
2026-08-16 03:51:24,022 INFO o.a.j.JMeter: Setting property 'jmeter.reportgenerator.outputdir' to:'D:\Workspace\HCMUS\Software Testing\Homework\group05_eshop\results\23127107_Spike_20260816\run-003\html'
2026-08-16 03:51:24,025 INFO o.a.j.s.FileServer: Default base='D:\Workspace\HCMUS\Software Testing\Homework\group05_eshop'
2026-08-16 03:51:24,027 INFO o.a.j.s.FileServer: Set new base='D:\Workspace\HCMUS\Software Testing\Homework\group05_eshop\test-plans'
2026-08-16 03:51:24,239 INFO o.a.j.s.SaveService: Testplan (JMX) version: 2.2. Testlog (JTL) version: 2.2
2026-08-16 03:51:24,281 INFO o.a.j.s.SaveService: Using SaveService properties version 5.0
2026-08-16 03:51:24,285 INFO o.a.j.s.SaveService: Using SaveService properties file encoding UTF-8
2026-08-16 03:51:24,289 INFO o.a.j.s.SaveService: Loading file: D:\Workspace\HCMUS\Software Testing\Homework\group05_eshop\test-plans\23127107_Spike_20260816.jmx
2026-08-16 03:51:24,388 INFO o.a.j.p.h.s.HTTPSamplerBase: Parser for text/html is org.apache.jmeter.protocol.http.parser.LagartoBasedHtmlParser
2026-08-16 03:51:24,388 INFO o.a.j.p.h.s.HTTPSamplerBase: Parser for application/xhtml+xml is org.apache.jmeter.protocol.http.parser.LagartoBasedHtmlParser
2026-08-16 03:51:24,388 INFO o.a.j.p.h.s.HTTPSamplerBase: Parser for application/xml is org.apache.jmeter.protocol.http.parser.LagartoBasedHtmlParser
2026-08-16 03:51:24,388 INFO o.a.j.p.h.s.HTTPSamplerBase: Parser for text/xml is org.apache.jmeter.protocol.http.parser.LagartoBasedHtmlParser
2026-08-16 03:51:24,388 INFO o.a.j.p.h.s.HTTPSamplerBase: Parser for text/vnd.wap.wml is org.apache.jmeter.protocol.http.parser.RegexpHTMLParser
2026-08-16 03:51:24,388 INFO o.a.j.p.h.s.HTTPSamplerBase: Parser for text/css is org.apache.jmeter.protocol.http.parser.CssParser
2026-08-16 03:51:24,412 INFO o.a.j.JMeter: Creating summariser <summary>
2026-08-16 03:51:24,417 INFO o.a.j.r.d.ReportGenerator: ReportGenerator will use for Parsing the separator: ','
2026-08-16 03:51:24,418 INFO o.a.j.r.d.ReportGenerator: Will generate report at end of test from  results file: D:\Workspace\HCMUS\Software Testing\Homework\group05_eshop\results\23127107_Spike_20260816\run-003\raw\23127107_Spike_20260816_run-003.jtl
2026-08-16 03:51:24,418 INFO o.a.j.r.d.ReportGenerator: Reading report generator properties from: D:\Tools\apache-jmeter-5.6.3\bin\reportgenerator.properties
2026-08-16 03:51:24,426 INFO o.a.j.r.d.ReportGenerator: Merging with JMeter properties
2026-08-16 03:51:24,431 INFO o.a.j.r.c.ReportGeneratorConfiguration: Property 'jmeter.reportgenerator.temp_dir' not found, using default value 'temp' instead.
2026-08-16 03:51:24,435 INFO o.a.j.r.c.ReportGeneratorConfiguration: Property 'jmeter.reportgenerator.apdex_per_transaction' not found, using default value 'null' instead.
2026-08-16 03:51:24,435 INFO o.a.j.r.c.ReportGeneratorConfiguration: apdex_per_transaction is empty, not APDEX per transaction customization
2026-08-16 03:51:24,435 INFO o.a.j.r.c.ReportGeneratorConfiguration: Property 'jmeter.reportgenerator.sample_filter' not found, using default value 'null' instead.
2026-08-16 03:51:24,435 INFO o.a.j.r.c.ReportGeneratorConfiguration: Property 'jmeter.reportgenerator.report_title' not found, using default value 'null' instead.
2026-08-16 03:51:24,435 INFO o.a.j.r.c.ReportGeneratorConfiguration: Property 'jmeter.reportgenerator.start_date' not found, using default value 'null' instead.
2026-08-16 03:51:24,435 INFO o.a.j.r.c.ReportGeneratorConfiguration: Property 'jmeter.reportgenerator.end_date' not found, using default value 'null' instead.
2026-08-16 03:51:24,435 INFO o.a.j.r.c.ReportGeneratorConfiguration: Property 'jmeter.reportgenerator.date_format' not found, using default value 'null' instead.
2026-08-16 03:51:24,435 INFO o.a.j.r.c.ReportGeneratorConfiguration: Will use date range start date: null, end date: null
2026-08-16 03:51:24,440 INFO o.a.j.r.c.ReportGeneratorConfiguration: Property 'jmeter.reportgenerator.graph.totalTPS.exclude_controllers' not found, using default value 'false' instead.
2026-08-16 03:51:24,440 INFO o.a.j.r.c.ReportGeneratorConfiguration: Property 'jmeter.reportgenerator.graph.activeThreadsOverTime.exclude_controllers' not found, using default value 'false' instead.
2026-08-16 03:51:24,441 INFO o.a.j.r.c.ReportGeneratorConfiguration: Property 'jmeter.reportgenerator.graph.timeVsThreads.exclude_controllers' not found, using default value 'false' instead.
2026-08-16 03:51:24,441 INFO o.a.j.r.c.ReportGeneratorConfiguration: Property 'jmeter.reportgenerator.graph.responseTimeDistribution.exclude_controllers' not found, using default value 'false' instead.
2026-08-16 03:51:24,441 INFO o.a.j.r.c.ReportGeneratorConfiguration: Property 'jmeter.reportgenerator.graph.transactionsPerSecond.exclude_controllers' not found, using default value 'false' instead.
2026-08-16 03:51:24,441 INFO o.a.j.r.c.ReportGeneratorConfiguration: Property 'jmeter.reportgenerator.graph.responseTimePercentiles.exclude_controllers' not found, using default value 'false' instead.
2026-08-16 03:51:24,441 INFO o.a.j.r.c.ReportGeneratorConfiguration: Property 'jmeter.reportgenerator.graph.responseTimePercentilesOverTime.exclude_controllers' not found, using default value 'false' instead.
2026-08-16 03:51:24,441 INFO o.a.j.r.c.ReportGeneratorConfiguration: Property 'jmeter.reportgenerator.graph.responseTimesOverTime.exclude_controllers' not found, using default value 'false' instead.
2026-08-16 03:51:24,441 INFO o.a.j.r.c.ReportGeneratorConfiguration: Property 'jmeter.reportgenerator.graph.connectTimeOverTime.exclude_controllers' not found, using default value 'false' instead.
2026-08-16 03:51:24,441 INFO o.a.j.r.c.ReportGeneratorConfiguration: Property 'jmeter.reportgenerator.graph.latenciesOverTime.exclude_controllers' not found, using default value 'false' instead.
2026-08-16 03:51:24,442 INFO o.a.j.r.c.ReportGeneratorConfiguration: Property 'jmeter.reportgenerator.exporter.json.filters_only_sample_series' not found, using default value 'true' instead.
2026-08-16 03:51:24,442 INFO o.a.j.r.c.ReportGeneratorConfiguration: Property 'jmeter.reportgenerator.exporter.json.series_filter' not found, using default value '' instead.
2026-08-16 03:51:24,442 INFO o.a.j.r.c.ReportGeneratorConfiguration: Property 'jmeter.reportgenerator.exporter.json.show_controllers_only' not found, using default value 'false' instead.
2026-08-16 03:51:24,442 INFO o.a.j.r.c.ReportGeneratorConfiguration: Property 'jmeter.reportgenerator.exporter.html.filters_only_sample_series' not found, using default value 'true' instead.
2026-08-16 03:51:24,442 INFO o.a.j.r.c.ReportGeneratorConfiguration: Property 'jmeter.reportgenerator.exporter.html.series_filter' not found, using default value '' instead.
2026-08-16 03:51:24,442 INFO o.a.j.r.c.ReportGeneratorConfiguration: Property 'jmeter.reportgenerator.exporter.html.show_controllers_only' not found, using default value 'false' instead.
2026-08-16 03:51:24,457 INFO o.a.j.e.StandardJMeterEngine: Running the test!
2026-08-16 03:51:24,458 INFO o.a.j.s.SampleEvent: List of sample_variables: []
2026-08-16 03:51:24,458 INFO o.a.j.s.SampleEvent: List of sample_variables: []
2026-08-16 03:51:24,463 INFO o.a.j.e.u.CompoundVariable: Note: Function class names must contain the string: '.functions.'
2026-08-16 03:51:24,463 INFO o.a.j.e.u.CompoundVariable: Note: Function class names must not contain the string: '.gui.'
2026-08-16 03:51:24,509 INFO o.a.j.r.ClassFinder: Will scan jar D:\Tools\apache-jmeter-5.6.3\lib\ext\jmeter-plugins-manager-1.12.jar with filter ExtendsClassFilter [parents=[interface org.apache.jmeter.functions.Function], inner=false, contains=null, notContains=null]. Consider exposing JMeter plugins via META-INF/services, and add JMeter-Skip-Class-Scanning=true manifest attribute so JMeter can skip classfile scanning
2026-08-16 03:51:24,619 INFO o.a.j.r.ClassFinder: Will scan jar D:\Tools\apache-jmeter-5.6.3\lib\ext\jmeter-plugins-casutg-3.1.1.jar with filter ExtendsClassFilter [parents=[interface org.apache.jmeter.functions.Function], inner=false, contains=null, notContains=null]. Consider exposing JMeter plugins via META-INF/services, and add JMeter-Skip-Class-Scanning=true manifest attribute so JMeter can skip classfile scanning
2026-08-16 03:51:24,638 INFO o.a.j.r.ClassFinder: Will scan jar D:\Tools\apache-jmeter-5.6.3\lib\ext\jmeter-plugins-graphs-basic-2.0.jar with filter ExtendsClassFilter [parents=[interface org.apache.jmeter.functions.Function], inner=false, contains=null, notContains=null]. Consider exposing JMeter plugins via META-INF/services, and add JMeter-Skip-Class-Scanning=true manifest attribute so JMeter can skip classfile scanning
2026-08-16 03:51:24,953 INFO o.a.j.JMeter: Running test (1786827084953)
2026-08-16 03:51:24,973 INFO o.a.j.e.StandardJMeterEngine: Starting ThreadGroup: 1 : SPIKE - Users Me - Aggregate 5 to 25 to 5 VUs
2026-08-16 03:51:24,973 INFO o.a.j.e.StandardJMeterEngine: Starting 25 threads for group SPIKE - Users Me - Aggregate 5 to 25 to 5 VUs.
2026-08-16 03:51:24,973 INFO o.a.j.e.StandardJMeterEngine: Thread will continue on error
2026-08-16 03:51:24,973 INFO k.a.j.t.AbstractSimpleThreadGroup: Starting thread group number 1 threads 25
2026-08-16 03:51:25,006 INFO k.a.j.t.AbstractSimpleThreadGroup: Started thread group number 1
2026-08-16 03:51:25,006 INFO o.a.j.e.StandardJMeterEngine: All thread groups have been started
2026-08-16 03:51:25,175 INFO o.a.j.t.JMeterThread: Thread started: SPIKE - Users Me - Aggregate 5 to 25 to 5 VUs 1-5
2026-08-16 03:51:25,176 INFO o.a.j.s.FileServer: Stored: test-data/auth-heavy-users-me.csv
2026-08-16 03:51:25,374 INFO o.a.j.t.JMeterThread: Thread started: SPIKE - Users Me - Aggregate 5 to 25 to 5 VUs 1-4
2026-08-16 03:51:25,574 INFO o.a.j.t.JMeterThread: Thread started: SPIKE - Users Me - Aggregate 5 to 25 to 5 VUs 1-3
2026-08-16 03:51:25,775 INFO o.a.j.t.JMeterThread: Thread started: SPIKE - Users Me - Aggregate 5 to 25 to 5 VUs 1-2
2026-08-16 03:51:25,974 INFO o.a.j.t.JMeterThread: Thread started: SPIKE - Users Me - Aggregate 5 to 25 to 5 VUs 1-1
2026-08-16 03:51:26,452 INFO o.a.j.p.h.s.HTTPHCAbstractImpl: Local host = 23127107-Quan
2026-08-16 03:51:26,462 INFO o.a.j.p.h.s.HTTPHC4Impl: HTTP request retry count = 0
2026-08-16 03:51:26,463 INFO o.a.j.s.SampleResult: Note: Sample TimeStamps are START times
2026-08-16 03:51:26,463 INFO o.a.j.s.SampleResult: sampleresult.default.encoding is set to UTF-8
2026-08-16 03:51:26,463 INFO o.a.j.s.SampleResult: sampleresult.useNanoTime=true
2026-08-16 03:51:26,463 INFO o.a.j.s.SampleResult: sampleresult.nanoThreadSleep=5000
2026-08-16 03:51:27,162 INFO o.a.j.u.JsseSSLManager: Using default SSL protocol: TLS
2026-08-16 03:51:27,162 INFO o.a.j.u.JsseSSLManager: SSL session context: per-thread
2026-08-16 03:51:30,025 INFO o.a.j.r.Summariser: summary +     43 in 00:00:05 =    8.5/s Avg:     8 Min:     2 Max:    55 Err:     0 (0.00%) Active: 5 Started: 5 Finished: 0
2026-08-16 03:51:45,124 INFO o.a.j.t.JMeterThread: Thread started: SPIKE - Users Me - Aggregate 5 to 25 to 5 VUs 1-25
2026-08-16 03:51:45,274 INFO o.a.j.t.JMeterThread: Thread started: SPIKE - Users Me - Aggregate 5 to 25 to 5 VUs 1-24
2026-08-16 03:51:45,423 INFO o.a.j.t.JMeterThread: Thread started: SPIKE - Users Me - Aggregate 5 to 25 to 5 VUs 1-23
2026-08-16 03:51:45,573 INFO o.a.j.t.JMeterThread: Thread started: SPIKE - Users Me - Aggregate 5 to 25 to 5 VUs 1-22
2026-08-16 03:51:45,723 INFO o.a.j.t.JMeterThread: Thread started: SPIKE - Users Me - Aggregate 5 to 25 to 5 VUs 1-21
2026-08-16 03:51:45,873 INFO o.a.j.t.JMeterThread: Thread started: SPIKE - Users Me - Aggregate 5 to 25 to 5 VUs 1-20
2026-08-16 03:51:46,026 INFO o.a.j.t.JMeterThread: Thread started: SPIKE - Users Me - Aggregate 5 to 25 to 5 VUs 1-19
2026-08-16 03:51:46,174 INFO o.a.j.t.JMeterThread: Thread started: SPIKE - Users Me - Aggregate 5 to 25 to 5 VUs 1-18
2026-08-16 03:51:46,324 INFO o.a.j.t.JMeterThread: Thread started: SPIKE - Users Me - Aggregate 5 to 25 to 5 VUs 1-17
2026-08-16 03:51:46,474 INFO o.a.j.t.JMeterThread: Thread started: SPIKE - Users Me - Aggregate 5 to 25 to 5 VUs 1-16
2026-08-16 03:51:46,626 INFO o.a.j.t.JMeterThread: Thread started: SPIKE - Users Me - Aggregate 5 to 25 to 5 VUs 1-15
2026-08-16 03:51:46,774 INFO o.a.j.t.JMeterThread: Thread started: SPIKE - Users Me - Aggregate 5 to 25 to 5 VUs 1-14
2026-08-16 03:51:46,927 INFO o.a.j.t.JMeterThread: Thread started: SPIKE - Users Me - Aggregate 5 to 25 to 5 VUs 1-13
2026-08-16 03:51:47,074 INFO o.a.j.t.JMeterThread: Thread started: SPIKE - Users Me - Aggregate 5 to 25 to 5 VUs 1-12
2026-08-16 03:51:47,224 INFO o.a.j.t.JMeterThread: Thread started: SPIKE - Users Me - Aggregate 5 to 25 to 5 VUs 1-11
2026-08-16 03:51:47,373 INFO o.a.j.t.JMeterThread: Thread started: SPIKE - Users Me - Aggregate 5 to 25 to 5 VUs 1-10
2026-08-16 03:51:47,524 INFO o.a.j.t.JMeterThread: Thread started: SPIKE - Users Me - Aggregate 5 to 25 to 5 VUs 1-9
2026-08-16 03:51:47,674 INFO o.a.j.t.JMeterThread: Thread started: SPIKE - Users Me - Aggregate 5 to 25 to 5 VUs 1-8
2026-08-16 03:51:47,824 INFO o.a.j.t.JMeterThread: Thread started: SPIKE - Users Me - Aggregate 5 to 25 to 5 VUs 1-7
2026-08-16 03:51:47,974 INFO o.a.j.t.JMeterThread: Thread started: SPIKE - Users Me - Aggregate 5 to 25 to 5 VUs 1-6
2026-08-16 03:52:00,020 INFO o.a.j.r.Summariser: summary +   1097 in 00:00:30 =   36.6/s Avg:     3 Min:     1 Max:     8 Err:     0 (0.00%) Active: 25 Started: 25 Finished: 0
2026-08-16 03:52:00,020 INFO o.a.j.r.Summariser: summary =   1140 in 00:00:35 =   32.5/s Avg:     3 Min:     1 Max:    55 Err:     0 (0.00%)
2026-08-16 03:52:08,189 INFO o.a.j.t.JMeterThread: Thread finished: SPIKE - Users Me - Aggregate 5 to 25 to 5 VUs 1-24
2026-08-16 03:52:08,203 INFO o.a.j.t.JMeterThread: Thread finished: SPIKE - Users Me - Aggregate 5 to 25 to 5 VUs 1-25
2026-08-16 03:52:08,567 INFO o.a.j.t.JMeterThread: Thread finished: SPIKE - Users Me - Aggregate 5 to 25 to 5 VUs 1-23
2026-08-16 03:52:08,794 INFO o.a.j.t.JMeterThread: Thread finished: SPIKE - Users Me - Aggregate 5 to 25 to 5 VUs 1-22
2026-08-16 03:52:09,077 INFO o.a.j.t.JMeterThread: Thread finished: SPIKE - Users Me - Aggregate 5 to 25 to 5 VUs 1-21
2026-08-16 03:52:09,362 INFO o.a.j.t.JMeterThread: Thread finished: SPIKE - Users Me - Aggregate 5 to 25 to 5 VUs 1-20
2026-08-16 03:52:09,528 INFO o.a.j.t.JMeterThread: Thread finished: SPIKE - Users Me - Aggregate 5 to 25 to 5 VUs 1-19
2026-08-16 03:52:09,716 INFO o.a.j.t.JMeterThread: Thread finished: SPIKE - Users Me - Aggregate 5 to 25 to 5 VUs 1-18
2026-08-16 03:52:10,153 INFO o.a.j.t.JMeterThread: Thread finished: SPIKE - Users Me - Aggregate 5 to 25 to 5 VUs 1-17
2026-08-16 03:52:10,241 INFO o.a.j.t.JMeterThread: Thread finished: SPIKE - Users Me - Aggregate 5 to 25 to 5 VUs 1-16
2026-08-16 03:52:10,352 INFO o.a.j.t.JMeterThread: Thread finished: SPIKE - Users Me - Aggregate 5 to 25 to 5 VUs 1-15
2026-08-16 03:52:10,738 INFO o.a.j.t.JMeterThread: Thread finished: SPIKE - Users Me - Aggregate 5 to 25 to 5 VUs 1-14
2026-08-16 03:52:10,885 INFO o.a.j.t.JMeterThread: Thread finished: SPIKE - Users Me - Aggregate 5 to 25 to 5 VUs 1-13
2026-08-16 03:52:11,435 INFO o.a.j.t.JMeterThread: Thread finished: SPIKE - Users Me - Aggregate 5 to 25 to 5 VUs 1-12
2026-08-16 03:52:11,655 INFO o.a.j.t.JMeterThread: Thread finished: SPIKE - Users Me - Aggregate 5 to 25 to 5 VUs 1-11
2026-08-16 03:52:11,680 INFO o.a.j.t.JMeterThread: Thread finished: SPIKE - Users Me - Aggregate 5 to 25 to 5 VUs 1-10
2026-08-16 03:52:11,867 INFO o.a.j.t.JMeterThread: Thread finished: SPIKE - Users Me - Aggregate 5 to 25 to 5 VUs 1-9
2026-08-16 03:52:12,169 INFO o.a.j.t.JMeterThread: Thread finished: SPIKE - Users Me - Aggregate 5 to 25 to 5 VUs 1-8
2026-08-16 03:52:12,488 INFO o.a.j.t.JMeterThread: Thread finished: SPIKE - Users Me - Aggregate 5 to 25 to 5 VUs 1-7
2026-08-16 03:52:12,910 INFO o.a.j.t.JMeterThread: Thread finished: SPIKE - Users Me - Aggregate 5 to 25 to 5 VUs 1-6
2026-08-16 03:52:30,082 INFO o.a.j.r.Summariser: summary +    948 in 00:00:30 =   31.5/s Avg:     2 Min:     1 Max:     8 Err:     0 (0.00%) Active: 5 Started: 25 Finished: 20
2026-08-16 03:52:30,083 INFO o.a.j.r.Summariser: summary =   2088 in 00:01:05 =   32.1/s Avg:     2 Min:     1 Max:    55 Err:     0 (0.00%)
2026-08-16 03:52:32,176 INFO o.a.j.t.JMeterThread: Stopping because end time detected by thread: SPIKE - Users Me - Aggregate 5 to 25 to 5 VUs 1-5
2026-08-16 03:52:32,177 INFO o.a.j.t.JMeterThread: Thread finished: SPIKE - Users Me - Aggregate 5 to 25 to 5 VUs 1-5
2026-08-16 03:52:32,324 INFO o.a.j.t.JMeterThread: Thread finished: SPIKE - Users Me - Aggregate 5 to 25 to 5 VUs 1-4
2026-08-16 03:52:32,400 INFO o.a.j.t.JMeterThread: Thread finished: SPIKE - Users Me - Aggregate 5 to 25 to 5 VUs 1-3
2026-08-16 03:52:32,686 INFO o.a.j.t.JMeterThread: Thread finished: SPIKE - Users Me - Aggregate 5 to 25 to 5 VUs 1-2
2026-08-16 03:52:32,849 INFO o.a.j.t.JMeterThread: Thread finished: SPIKE - Users Me - Aggregate 5 to 25 to 5 VUs 1-1
2026-08-16 03:52:32,850 INFO o.a.j.e.StandardJMeterEngine: Notifying test listeners of end of test
2026-08-16 03:52:32,850 INFO o.a.j.s.FileServer: Close: test-data/auth-heavy-users-me.csv
2026-08-16 03:52:32,853 INFO o.a.j.r.Summariser: summary +     35 in 00:00:03 =   12.6/s Avg:     2 Min:     2 Max:     4 Err:     0 (0.00%) Active: 0 Started: 25 Finished: 25
2026-08-16 03:52:32,853 INFO o.a.j.r.Summariser: summary =   2123 in 00:01:08 =   31.3/s Avg:     2 Min:     1 Max:    55 Err:     0 (0.00%)
2026-08-16 03:52:32,854 INFO o.a.j.JMeter: Generating Dashboard
2026-08-16 03:52:32,854 INFO o.a.j.r.d.ReportGenerator: Flushing result collector before report Generation
2026-08-16 03:52:32,885 INFO o.a.j.r.p.NormalizerSampleConsumer: Using format, 'ms', to parse timeStamp field
2026-08-16 03:52:41,071 INFO o.a.j.r.p.AbstractSampleConsumer: class org.apache.jmeter.report.processor.AggregateConsumer#stopProducing(): beginDate produced 0 samples
2026-08-16 03:52:41,071 INFO o.a.j.r.p.AbstractSampleConsumer: class org.apache.jmeter.report.processor.AggregateConsumer#stopProducing(): endDate produced 0 samples
2026-08-16 03:52:41,083 INFO o.a.j.r.p.AbstractSampleConsumer: class org.apache.jmeter.report.processor.ApdexSummaryConsumer#stopProducing(): apdexSummary produced 0 samples
2026-08-16 03:52:41,083 INFO o.a.j.r.p.AbstractSampleConsumer: class org.apache.jmeter.report.processor.RequestsSummaryConsumer#stopProducing(): requestsSummary produced 0 samples
2026-08-16 03:52:41,099 INFO o.a.j.r.p.AbstractSampleConsumer: class org.apache.jmeter.report.processor.StatisticsSummaryConsumer#stopProducing(): statisticsSummary produced 0 samples
2026-08-16 03:52:41,103 INFO o.a.j.r.p.AbstractSampleConsumer: class org.apache.jmeter.report.processor.Top5ErrorsBySamplerConsumer#stopProducing(): top5ErrorsBySampler produced 0 samples
2026-08-16 03:52:41,103 INFO o.a.j.r.p.AbstractSampleConsumer: class org.apache.jmeter.report.processor.ErrorsSummaryConsumer#stopProducing(): errorsSummary produced 0 samples
2026-08-16 03:52:41,103 INFO o.a.j.r.p.AbstractSampleConsumer: class org.apache.jmeter.report.processor.graph.impl.HitsPerSecondGraphConsumer#stopProducing(): hitsPerSecond produced 0 samples
2026-08-16 03:52:41,185 INFO o.a.j.r.p.AbstractSampleConsumer: class org.apache.jmeter.report.processor.graph.impl.LatencyVSRequestGraphConsumer#stopProducing(): latencyVsRequest produced 0 samples
2026-08-16 03:52:41,186 INFO o.a.j.r.p.AbstractSampleConsumer: class org.apache.jmeter.report.processor.graph.impl.SyntheticResponseTimeDistributionGraphConsumer#stopProducing(): syntheticResponseTimeDistribution produced 0 samples
2026-08-16 03:52:41,186 INFO o.a.j.r.p.AbstractSampleConsumer: class org.apache.jmeter.report.processor.graph.impl.BytesThroughputGraphConsumer#stopProducing(): bytesThroughputOverTime produced 0 samples
2026-08-16 03:52:41,187 INFO o.a.j.r.p.AbstractSampleConsumer: class org.apache.jmeter.report.processor.graph.impl.CodesPerSecondGraphConsumer#stopProducing(): codesPerSecond produced 0 samples
2026-08-16 03:52:41,233 INFO o.a.j.r.p.AbstractSampleConsumer: class org.apache.jmeter.report.processor.graph.impl.ResponseTimeVSRequestGraphConsumer#stopProducing(): responseTimeVsRequest produced 0 samples
2026-08-16 03:52:41,235 INFO o.a.j.r.p.AbstractSampleConsumer: class org.apache.jmeter.report.processor.FilterConsumer#stopProducing(): startIntervalControlerFilter produced 14861 samples
2026-08-16 03:52:41,235 INFO o.a.j.r.p.AbstractSampleConsumer: class org.apache.jmeter.report.processor.graph.impl.TotalTPSGraphConsumer#stopProducing(): totalTPS produced 0 samples
2026-08-16 03:52:41,235 INFO o.a.j.r.p.AbstractSampleConsumer: class org.apache.jmeter.report.processor.graph.impl.ActiveThreadsGraphConsumer#stopProducing(): activeThreadsOverTime produced 0 samples
2026-08-16 03:52:41,235 INFO o.a.j.r.p.AbstractSampleConsumer: class org.apache.jmeter.report.processor.graph.impl.TimeVSThreadGraphConsumer#stopProducing(): timeVsThreads produced 0 samples
2026-08-16 03:52:41,236 INFO o.a.j.r.p.AbstractSampleConsumer: class org.apache.jmeter.report.processor.graph.impl.ResponseTimeDistributionGraphConsumer#stopProducing(): responseTimeDistribution produced 0 samples
2026-08-16 03:52:41,236 INFO o.a.j.r.p.AbstractSampleConsumer: class org.apache.jmeter.report.processor.graph.impl.TransactionsPerSecondGraphConsumer#stopProducing(): transactionsPerSecond produced 0 samples
2026-08-16 03:52:41,236 INFO o.a.j.r.p.AbstractSampleConsumer: class org.apache.jmeter.report.processor.graph.impl.ResponseTimePercentilesGraphConsumer#stopProducing(): responseTimePercentiles produced 0 samples
2026-08-16 03:52:41,236 INFO o.a.j.r.p.AbstractSampleConsumer: class org.apache.jmeter.report.processor.graph.impl.ResponseTimePercentilesOverTimeGraphConsumer#stopProducing(): responseTimePercentilesOverTime produced 0 samples
2026-08-16 03:52:41,237 INFO o.a.j.r.p.AbstractSampleConsumer: class org.apache.jmeter.report.processor.graph.impl.ResponseTimeOverTimeGraphConsumer#stopProducing(): responseTimesOverTime produced 0 samples
2026-08-16 03:52:41,237 INFO o.a.j.r.p.AbstractSampleConsumer: class org.apache.jmeter.report.processor.graph.impl.ConnectTimeOverTimeGraphConsumer#stopProducing(): connectTimeOverTime produced 0 samples
2026-08-16 03:52:41,237 INFO o.a.j.r.p.AbstractSampleConsumer: class org.apache.jmeter.report.processor.graph.impl.LatencyOverTimeGraphConsumer#stopProducing(): latenciesOverTime produced 0 samples
2026-08-16 03:52:41,238 INFO o.a.j.r.p.AbstractSampleConsumer: class org.apache.jmeter.report.processor.FilterConsumer#stopProducing(): nameFilter produced 31845 samples
2026-08-16 03:52:41,238 INFO o.a.j.r.p.AbstractSampleConsumer: class org.apache.jmeter.report.processor.FilterConsumer#stopProducing(): dateRangeFilter produced 6369 samples
2026-08-16 03:52:41,238 INFO o.a.j.r.p.AbstractSampleConsumer: class org.apache.jmeter.report.processor.NormalizerSampleConsumer#stopProducing(): normalizer produced 2123 samples
2026-08-16 03:52:41,238 INFO o.a.j.r.p.CsvFileSampleSource: produce(): 2123 samples produced in 8s 335 ms on channel 0
2026-08-16 03:52:41,239 INFO o.a.j.r.d.ReportGenerator: Exporting data using exporter:'json' of className:'org.apache.jmeter.report.dashboard.JsonExporter'
2026-08-16 03:52:41,311 INFO o.a.j.r.d.JsonExporter: Found data for consumer statisticsSummary in context
2026-08-16 03:52:41,311 INFO o.a.j.r.d.JsonExporter: Creating statistics for overall
2026-08-16 03:52:41,311 INFO o.a.j.r.d.JsonExporter: Creating statistics for other transactions
2026-08-16 03:52:41,312 INFO o.a.j.r.d.JsonExporter: Checking output folder
2026-08-16 03:52:41,313 INFO o.a.j.r.d.JsonExporter: Writing statistics JSON to D:\Workspace\HCMUS\Software Testing\Homework\group05_eshop\results\23127107_Spike_20260816\run-003\html\statistics.json
2026-08-16 03:52:41,349 INFO o.a.j.r.d.ReportGenerator: Exporting data using exporter:'html' of className:'org.apache.jmeter.report.dashboard.HtmlTemplateExporter'
2026-08-16 03:52:41,352 INFO o.a.j.r.d.HtmlTemplateExporter: Will generate dashboard in folder: D:\Workspace\HCMUS\Software Testing\Homework\group05_eshop\results\23127107_Spike_20260816\run-003\html
2026-08-16 03:52:41,494 INFO o.a.j.r.d.HtmlTemplateExporter: Report will be generated in: D:\Workspace\HCMUS\Software Testing\Homework\group05_eshop\results\23127107_Spike_20260816\run-003\html, creating folder structure
2026-08-16 03:52:41,497 INFO o.a.j.r.d.TemplateVisitor: Copying folder from 'D:\Tools\apache-jmeter-5.6.3\bin\report-template' to 'D:\Workspace\HCMUS\Software Testing\Homework\group05_eshop\results\23127107_Spike_20260816\run-003\html', got message: D:\Workspace\HCMUS\Software Testing\Homework\group05_eshop\results\23127107_Spike_20260816\run-003\html, found non empty folder with following content [D:\Workspace\HCMUS\Software Testing\Homework\group05_eshop\results\23127107_Spike_20260816\run-003\html\statistics.json], will be ignored
2026-08-16 03:52:42,006 INFO o.a.j.JMeter: Dashboard generated
