WARN StatusConsoleListener The use of package scanning to locate plugins is deprecated and will be removed in a future release
WARN StatusConsoleListener The use of package scanning to locate plugins is deprecated and will be removed in a future release
WARN StatusConsoleListener The use of package scanning to locate plugins is deprecated and will be removed in a future release
WARN StatusConsoleListener The use of package scanning to locate plugins is deprecated and will be removed in a future release
Creating summariser <summary>
Created the tree successfully using D:\Workspace\HCMUS\Software Testing\Homework\group05_eshop\test-plans\supporting\23127107_Endurance_20260816.jmx
Starting standalone test @ 2026 Aug 16 06:15:58 ICT (1786835758738)
Waiting for possible Shutdown/StopTestNow/HeapDump/ThreadDump message on port 4445
summary +     77 in 00:00:31 =    2.5/s Avg:     2 Min:     1 Max:    22 Err:     0 (0.00%) Active: 5 Started: 5 Finished: 0
summary +    277 in 00:00:30 =    9.2/s Avg:     2 Min:     1 Max:     6 Err:     0 (0.00%) Active: 10 Started: 10 Finished: 0
summary =    354 in 00:01:01 =    5.8/s Avg:     2 Min:     1 Max:    22 Err:     0 (0.00%)
summary +    398 in 00:00:30 =   13.3/s Avg:     2 Min:     1 Max:     6 Err:     0 (0.00%) Active: 10 Started: 10 Finished: 0
summary =    752 in 00:01:31 =    8.3/s Avg:     2 Min:     1 Max:    22 Err:     0 (0.00%)
summary +    398 in 00:00:30 =   13.3/s Avg:     1 Min:     1 Max:     3 Err:     0 (0.00%) Active: 10 Started: 10 Finished: 0
summary =   1150 in 00:02:01 =    9.5/s Avg:     2 Min:     1 Max:    22 Err:     0 (0.00%)
summary +    391 in 00:00:30 =   13.1/s Avg:     1 Min:     1 Max:     3 Err:     0 (0.00%) Active: 10 Started: 10 Finished: 0
summary =   1541 in 00:02:31 =   10.2/s Avg:     1 Min:     1 Max:    22 Err:     0 (0.00%)
summary +    401 in 00:00:30 =   13.4/s Avg:     1 Min:     1 Max:     3 Err:     0 (0.00%) Active: 10 Started: 10 Finished: 0
summary =   1942 in 00:03:01 =   10.7/s Avg:     1 Min:     1 Max:    22 Err:     0 (0.00%)
summary +    402 in 00:00:30 =   13.3/s Avg:     1 Min:     1 Max:     3 Err:     0 (0.00%) Active: 10 Started: 10 Finished: 0
summary =   2344 in 00:03:31 =   11.1/s Avg:     1 Min:     1 Max:    22 Err:     0 (0.00%)
summary +    398 in 00:00:30 =   13.3/s Avg:     1 Min:     1 Max:     3 Err:     0 (0.00%) Active: 10 Started: 10 Finished: 0
summary =   2742 in 00:04:01 =   11.4/s Avg:     1 Min:     1 Max:    22 Err:     0 (0.00%)
summary +    393 in 00:00:30 =   13.1/s Avg:     1 Min:     1 Max:     3 Err:     0 (0.00%) Active: 10 Started: 10 Finished: 0
summary =   3135 in 00:04:31 =   11.6/s Avg:     1 Min:     1 Max:    22 Err:     0 (0.00%)
summary +    399 in 00:00:30 =   13.3/s Avg:     1 Min:     1 Max:     3 Err:     0 (0.00%) Active: 10 Started: 10 Finished: 0
summary =   3534 in 00:05:01 =   11.7/s Avg:     1 Min:     1 Max:    22 Err:     0 (0.00%)
summary +    401 in 00:00:30 =   13.4/s Avg:     1 Min:     1 Max:     4 Err:     0 (0.00%) Active: 10 Started: 10 Finished: 0
summary =   3935 in 00:05:31 =   11.9/s Avg:     1 Min:     1 Max:    22 Err:     0 (0.00%)
summary +    404 in 00:00:30 =   13.4/s Avg:     1 Min:     1 Max:     3 Err:     0 (0.00%) Active: 10 Started: 10 Finished: 0
summary =   4339 in 00:06:01 =   12.0/s Avg:     1 Min:     1 Max:    22 Err:     0 (0.00%)
summary +    398 in 00:00:30 =   13.3/s Avg:     1 Min:     1 Max:     4 Err:     0 (0.00%) Active: 10 Started: 10 Finished: 0
summary =   4737 in 00:06:31 =   12.1/s Avg:     1 Min:     1 Max:    22 Err:     0 (0.00%)
summary +    393 in 00:00:30 =   13.0/s Avg:     1 Min:     1 Max:     3 Err:     0 (0.00%) Active: 10 Started: 10 Finished: 0
summary =   5130 in 00:07:01 =   12.2/s Avg:     1 Min:     1 Max:    22 Err:     0 (0.00%)
summary +    392 in 00:00:30 =   13.1/s Avg:     1 Min:     1 Max:     3 Err:     0 (0.00%) Active: 10 Started: 10 Finished: 0
summary =   5522 in 00:07:31 =   12.2/s Avg:     1 Min:     1 Max:    22 Err:     0 (0.00%)
summary +    400 in 00:00:30 =   13.4/s Avg:     1 Min:     1 Max:     3 Err:     0 (0.00%) Active: 10 Started: 10 Finished: 0
summary =   5922 in 00:08:01 =   12.3/s Avg:     1 Min:     1 Max:    22 Err:     0 (0.00%)
summary +    396 in 00:00:30 =   13.2/s Avg:     1 Min:     1 Max:     4 Err:     0 (0.00%) Active: 10 Started: 10 Finished: 0
summary =   6318 in 00:08:31 =   12.4/s Avg:     1 Min:     1 Max:    22 Err:     0 (0.00%)
summary +    399 in 00:00:30 =   13.3/s Avg:     1 Min:     1 Max:     3 Err:     0 (0.00%) Active: 10 Started: 10 Finished: 0
summary =   6717 in 00:09:01 =   12.4/s Avg:     1 Min:     1 Max:    22 Err:     0 (0.00%)
summary +    404 in 00:00:30 =   13.5/s Avg:     1 Min:     1 Max:     4 Err:     0 (0.00%) Active: 10 Started: 10 Finished: 0
summary =   7121 in 00:09:31 =   12.5/s Avg:     1 Min:     1 Max:    22 Err:     0 (0.00%)
summary +    394 in 00:00:30 =   13.1/s Avg:     1 Min:     1 Max:     3 Err:     0 (0.00%) Active: 10 Started: 10 Finished: 0
summary =   7515 in 00:10:01 =   12.5/s Avg:     1 Min:     1 Max:    22 Err:     0 (0.00%)
summary +    397 in 00:00:30 =   13.3/s Avg:     1 Min:     1 Max:     3 Err:     0 (0.00%) Active: 10 Started: 10 Finished: 0
summary =   7912 in 00:10:31 =   12.5/s Avg:     1 Min:     1 Max:    22 Err:     0 (0.00%)
summary +    406 in 00:00:30 =   13.5/s Avg:     1 Min:     1 Max:     3 Err:     0 (0.00%) Active: 10 Started: 10 Finished: 0
summary =   8318 in 00:11:01 =   12.6/s Avg:     1 Min:     1 Max:    22 Err:     0 (0.00%)
summary +    308 in 00:00:30 =   10.3/s Avg:     1 Min:     1 Max:     6 Err:     0 (0.00%) Active: 5 Started: 10 Finished: 5
summary =   8626 in 00:11:31 =   12.5/s Avg:     1 Min:     1 Max:    22 Err:     0 (0.00%)
summary +    114 in 00:00:29 =    3.9/s Avg:     1 Min:     1 Max:     2 Err:     0 (0.00%) Active: 0 Started: 10 Finished: 10
summary =   8740 in 00:12:00 =   12.1/s Avg:     1 Min:     1 Max:    22 Err:     0 (0.00%)
Tidying up ...    @ 2026 Aug 16 06:27:59 ICT (1786836479012)
... end of run
