2026-08-16 06:15:56,786 INFO o.a.j.u.JMeterUtils: Setting Locale to en_EN
2026-08-16 06:15:58,396 INFO o.a.j.JMeter: Loading user properties from: D:\Tools\apache-jmeter-5.6.3\bin\user.properties
2026-08-16 06:15:58,396 INFO o.a.j.JMeter: Loading system properties from: D:\Tools\apache-jmeter-5.6.3\bin\system.properties
2026-08-16 06:15:58,396 INFO o.a.j.JMeter: Loading additional properties from: C:\Users\nguye\AppData\Local\Temp\hw05-supporting-endurance-run-o9RwaA\endurance-no-secret.properties
2026-08-16 06:15:58,397 INFO o.a.j.JMeter: Setting JMeter property: baseUrl=http://127.0.0.1:3000
2026-08-16 06:15:58,403 INFO o.a.j.JMeter: Copyright (c) 1998-2024 The Apache Software Foundation
2026-08-16 06:15:58,403 INFO o.a.j.JMeter: Version 5.6.3
2026-08-16 06:15:58,404 INFO o.a.j.JMeter: java.version=17.0.20
2026-08-16 06:15:58,404 INFO o.a.j.JMeter: java.vm.name=OpenJDK 64-Bit Server VM
2026-08-16 06:15:58,404 INFO o.a.j.JMeter: os.name=Windows 11
2026-08-16 06:15:58,404 INFO o.a.j.JMeter: os.arch=amd64
2026-08-16 06:15:58,404 INFO o.a.j.JMeter: os.version=10.0
2026-08-16 06:15:58,404 INFO o.a.j.JMeter: file.encoding=UTF-8
2026-08-16 06:15:58,404 INFO o.a.j.JMeter: java.awt.headless=true
2026-08-16 06:15:58,404 INFO o.a.j.JMeter: Max memory     =1073741824
2026-08-16 06:15:58,404 INFO o.a.j.JMeter: Available Processors =16
2026-08-16 06:15:58,412 INFO o.a.j.JMeter: Default Locale=English (EN)
2026-08-16 06:15:58,412 INFO o.a.j.JMeter: JMeter  Locale=English (EN)
2026-08-16 06:15:58,412 INFO o.a.j.JMeter: JMeterHome=D:\Tools\apache-jmeter-5.6.3
2026-08-16 06:15:58,412 INFO o.a.j.JMeter: user.dir  =D:\Workspace\HCMUS\Software Testing\Homework\group05_eshop
2026-08-16 06:15:58,412 INFO o.a.j.JMeter: PWD       =D:\Workspace\HCMUS\Software Testing\Homework\group05_eshop
2026-08-16 06:15:58,413 INFO o.a.j.JMeter: IP: 192.168.1.23 Name: 23127107-Quan FullName: 23127107-Quan
2026-08-16 06:15:58,424 INFO o.a.j.JMeter: Setting property 'jmeter.reportgenerator.outputdir' to:'D:\Workspace\HCMUS\Software Testing\Homework\group05_eshop\results\supporting-endurance\23127107_Endurance_20260816\run-001\html'
2026-08-16 06:15:58,426 INFO o.a.j.s.FileServer: Default base='D:\Workspace\HCMUS\Software Testing\Homework\group05_eshop'
2026-08-16 06:15:58,428 INFO o.a.j.s.FileServer: Set new base='D:\Workspace\HCMUS\Software Testing\Homework\group05_eshop\test-plans\supporting'
2026-08-16 06:15:58,604 INFO o.a.j.s.SaveService: Testplan (JMX) version: 2.2. Testlog (JTL) version: 2.2
2026-08-16 06:15:58,628 INFO o.a.j.s.SaveService: Using SaveService properties version 5.0
2026-08-16 06:15:58,630 INFO o.a.j.s.SaveService: Using SaveService properties file encoding UTF-8
2026-08-16 06:15:58,634 INFO o.a.j.s.SaveService: Loading file: D:\Workspace\HCMUS\Software Testing\Homework\group05_eshop\test-plans\supporting\23127107_Endurance_20260816.jmx
2026-08-16 06:15:58,689 INFO o.a.j.p.h.s.HTTPSamplerBase: Parser for text/html is org.apache.jmeter.protocol.http.parser.LagartoBasedHtmlParser
2026-08-16 06:15:58,689 INFO o.a.j.p.h.s.HTTPSamplerBase: Parser for application/xhtml+xml is org.apache.jmeter.protocol.http.parser.LagartoBasedHtmlParser
2026-08-16 06:15:58,689 INFO o.a.j.p.h.s.HTTPSamplerBase: Parser for application/xml is org.apache.jmeter.protocol.http.parser.LagartoBasedHtmlParser
2026-08-16 06:15:58,689 INFO o.a.j.p.h.s.HTTPSamplerBase: Parser for text/xml is org.apache.jmeter.protocol.http.parser.LagartoBasedHtmlParser
2026-08-16 06:15:58,689 INFO o.a.j.p.h.s.HTTPSamplerBase: Parser for text/vnd.wap.wml is org.apache.jmeter.protocol.http.parser.RegexpHTMLParser
2026-08-16 06:15:58,689 INFO o.a.j.p.h.s.HTTPSamplerBase: Parser for text/css is org.apache.jmeter.protocol.http.parser.CssParser
2026-08-16 06:15:58,715 INFO o.a.j.JMeter: Creating summariser <summary>
2026-08-16 06:15:58,723 INFO o.a.j.r.d.ReportGenerator: ReportGenerator will use for Parsing the separator: ','
2026-08-16 06:15:58,723 INFO o.a.j.r.d.ReportGenerator: Will generate report at end of test from  results file: D:\Workspace\HCMUS\Software Testing\Homework\group05_eshop\results\supporting-endurance\23127107_Endurance_20260816\run-001\raw\23127107_Endurance_20260816_run-001.jtl
2026-08-16 06:15:58,724 INFO o.a.j.r.d.ReportGenerator: Reading report generator properties from: D:\Tools\apache-jmeter-5.6.3\bin\reportgenerator.properties
2026-08-16 06:15:58,724 INFO o.a.j.r.d.ReportGenerator: Merging with JMeter properties
2026-08-16 06:15:58,727 INFO o.a.j.r.c.ReportGeneratorConfiguration: Property 'jmeter.reportgenerator.temp_dir' not found, using default value 'temp' instead.
2026-08-16 06:15:58,729 INFO o.a.j.r.c.ReportGeneratorConfiguration: Property 'jmeter.reportgenerator.apdex_per_transaction' not found, using default value 'null' instead.
2026-08-16 06:15:58,729 INFO o.a.j.r.c.ReportGeneratorConfiguration: apdex_per_transaction is empty, not APDEX per transaction customization
2026-08-16 06:15:58,729 INFO o.a.j.r.c.ReportGeneratorConfiguration: Property 'jmeter.reportgenerator.sample_filter' not found, using default value 'null' instead.
2026-08-16 06:15:58,729 INFO o.a.j.r.c.ReportGeneratorConfiguration: Property 'jmeter.reportgenerator.report_title' not found, using default value 'null' instead.
2026-08-16 06:15:58,729 INFO o.a.j.r.c.ReportGeneratorConfiguration: Property 'jmeter.reportgenerator.start_date' not found, using default value 'null' instead.
2026-08-16 06:15:58,729 INFO o.a.j.r.c.ReportGeneratorConfiguration: Property 'jmeter.reportgenerator.end_date' not found, using default value 'null' instead.
2026-08-16 06:15:58,730 INFO o.a.j.r.c.ReportGeneratorConfiguration: Property 'jmeter.reportgenerator.date_format' not found, using default value 'null' instead.
2026-08-16 06:15:58,730 INFO o.a.j.r.c.ReportGeneratorConfiguration: Will use date range start date: null, end date: null
2026-08-16 06:15:58,732 INFO o.a.j.r.c.ReportGeneratorConfiguration: Property 'jmeter.reportgenerator.graph.totalTPS.exclude_controllers' not found, using default value 'false' instead.
2026-08-16 06:15:58,733 INFO o.a.j.r.c.ReportGeneratorConfiguration: Property 'jmeter.reportgenerator.graph.activeThreadsOverTime.exclude_controllers' not found, using default value 'false' instead.
2026-08-16 06:15:58,733 INFO o.a.j.r.c.ReportGeneratorConfiguration: Property 'jmeter.reportgenerator.graph.timeVsThreads.exclude_controllers' not found, using default value 'false' instead.
2026-08-16 06:15:58,733 INFO o.a.j.r.c.ReportGeneratorConfiguration: Property 'jmeter.reportgenerator.graph.responseTimeDistribution.exclude_controllers' not found, using default value 'false' instead.
2026-08-16 06:15:58,733 INFO o.a.j.r.c.ReportGeneratorConfiguration: Property 'jmeter.reportgenerator.graph.transactionsPerSecond.exclude_controllers' not found, using default value 'false' instead.
2026-08-16 06:15:58,733 INFO o.a.j.r.c.ReportGeneratorConfiguration: Property 'jmeter.reportgenerator.graph.responseTimePercentiles.exclude_controllers' not found, using default value 'false' instead.
2026-08-16 06:15:58,733 INFO o.a.j.r.c.ReportGeneratorConfiguration: Property 'jmeter.reportgenerator.graph.responseTimePercentilesOverTime.exclude_controllers' not found, using default value 'false' instead.
2026-08-16 06:15:58,733 INFO o.a.j.r.c.ReportGeneratorConfiguration: Property 'jmeter.reportgenerator.graph.responseTimesOverTime.exclude_controllers' not found, using default value 'false' instead.
2026-08-16 06:15:58,734 INFO o.a.j.r.c.ReportGeneratorConfiguration: Property 'jmeter.reportgenerator.graph.connectTimeOverTime.exclude_controllers' not found, using default value 'false' instead.
2026-08-16 06:15:58,734 INFO o.a.j.r.c.ReportGeneratorConfiguration: Property 'jmeter.reportgenerator.graph.latenciesOverTime.exclude_controllers' not found, using default value 'false' instead.
2026-08-16 06:15:58,734 INFO o.a.j.r.c.ReportGeneratorConfiguration: Property 'jmeter.reportgenerator.exporter.json.filters_only_sample_series' not found, using default value 'true' instead.
2026-08-16 06:15:58,734 INFO o.a.j.r.c.ReportGeneratorConfiguration: Property 'jmeter.reportgenerator.exporter.json.series_filter' not found, using default value '' instead.
2026-08-16 06:15:58,734 INFO o.a.j.r.c.ReportGeneratorConfiguration: Property 'jmeter.reportgenerator.exporter.json.show_controllers_only' not found, using default value 'false' instead.
2026-08-16 06:15:58,735 INFO o.a.j.r.c.ReportGeneratorConfiguration: Property 'jmeter.reportgenerator.exporter.html.filters_only_sample_series' not found, using default value 'true' instead.
2026-08-16 06:15:58,735 INFO o.a.j.r.c.ReportGeneratorConfiguration: Property 'jmeter.reportgenerator.exporter.html.series_filter' not found, using default value '' instead.
2026-08-16 06:15:58,735 INFO o.a.j.r.c.ReportGeneratorConfiguration: Property 'jmeter.reportgenerator.exporter.html.show_controllers_only' not found, using default value 'false' instead.
2026-08-16 06:15:58,746 INFO o.a.j.e.StandardJMeterEngine: Running the test!
2026-08-16 06:15:58,747 INFO o.a.j.s.SampleEvent: List of sample_variables: []
2026-08-16 06:15:58,747 INFO o.a.j.s.SampleEvent: List of sample_variables: []
2026-08-16 06:15:58,750 INFO o.a.j.e.u.CompoundVariable: Note: Function class names must contain the string: '.functions.'
2026-08-16 06:15:58,750 INFO o.a.j.e.u.CompoundVariable: Note: Function class names must not contain the string: '.gui.'
2026-08-16 06:15:58,788 INFO o.a.j.r.ClassFinder: Will scan jar D:\Tools\apache-jmeter-5.6.3\lib\ext\jmeter-plugins-manager-1.12.jar with filter ExtendsClassFilter [parents=[interface org.apache.jmeter.functions.Function], inner=false, contains=null, notContains=null]. Consider exposing JMeter plugins via META-INF/services, and add JMeter-Skip-Class-Scanning=true manifest attribute so JMeter can skip classfile scanning
2026-08-16 06:15:58,856 INFO o.a.j.r.ClassFinder: Will scan jar D:\Tools\apache-jmeter-5.6.3\lib\ext\jmeter-plugins-casutg-3.1.1.jar with filter ExtendsClassFilter [parents=[interface org.apache.jmeter.functions.Function], inner=false, contains=null, notContains=null]. Consider exposing JMeter plugins via META-INF/services, and add JMeter-Skip-Class-Scanning=true manifest attribute so JMeter can skip classfile scanning
2026-08-16 06:15:58,864 INFO o.a.j.r.ClassFinder: Will scan jar D:\Tools\apache-jmeter-5.6.3\lib\ext\jmeter-plugins-graphs-basic-2.0.jar with filter ExtendsClassFilter [parents=[interface org.apache.jmeter.functions.Function], inner=false, contains=null, notContains=null]. Consider exposing JMeter plugins via META-INF/services, and add JMeter-Skip-Class-Scanning=true manifest attribute so JMeter can skip classfile scanning
2026-08-16 06:15:59,047 INFO o.a.j.JMeter: Running test (1786835759047)
2026-08-16 06:15:59,060 INFO o.a.j.e.StandardJMeterEngine: Starting ThreadGroup: 1 : ENDURANCE - Order Detail - 0 to 10 VUs - 600s Soak - 0 VUs
2026-08-16 06:15:59,060 INFO o.a.j.e.StandardJMeterEngine: Starting 10 threads for group ENDURANCE - Order Detail - 0 to 10 VUs - 600s Soak - 0 VUs.
2026-08-16 06:15:59,060 INFO o.a.j.e.StandardJMeterEngine: Thread will continue on error
2026-08-16 06:15:59,061 INFO k.a.j.t.AbstractSimpleThreadGroup: Starting thread group number 1 threads 10
2026-08-16 06:15:59,068 INFO k.a.j.t.AbstractSimpleThreadGroup: Started thread group number 1
2026-08-16 06:15:59,068 INFO o.a.j.e.StandardJMeterEngine: All thread groups have been started
2026-08-16 06:16:05,063 INFO o.a.j.t.JMeterThread: Thread started: ENDURANCE - Order Detail - 0 to 10 VUs - 600s Soak - 0 VUs 1-10
2026-08-16 06:16:05,064 INFO o.a.j.s.FileServer: Stored: test-data/read-heavy-orders.csv
2026-08-16 06:16:05,699 INFO o.a.j.p.h.s.HTTPHCAbstractImpl: Local host = 23127107-Quan
2026-08-16 06:16:05,705 INFO o.a.j.p.h.s.HTTPHC4Impl: HTTP request retry count = 0
2026-08-16 06:16:05,706 INFO o.a.j.s.SampleResult: Note: Sample TimeStamps are START times
2026-08-16 06:16:05,706 INFO o.a.j.s.SampleResult: sampleresult.default.encoding is set to UTF-8
2026-08-16 06:16:05,706 INFO o.a.j.s.SampleResult: sampleresult.useNanoTime=true
2026-08-16 06:16:05,706 INFO o.a.j.s.SampleResult: sampleresult.nanoThreadSleep=5000
2026-08-16 06:16:07,757 INFO o.a.j.u.JsseSSLManager: Using default SSL protocol: TLS
2026-08-16 06:16:07,758 INFO o.a.j.u.JsseSSLManager: SSL session context: per-thread
2026-08-16 06:16:11,062 INFO o.a.j.t.JMeterThread: Thread started: ENDURANCE - Order Detail - 0 to 10 VUs - 600s Soak - 0 VUs 1-9
2026-08-16 06:16:17,061 INFO o.a.j.t.JMeterThread: Thread started: ENDURANCE - Order Detail - 0 to 10 VUs - 600s Soak - 0 VUs 1-8
2026-08-16 06:16:23,062 INFO o.a.j.t.JMeterThread: Thread started: ENDURANCE - Order Detail - 0 to 10 VUs - 600s Soak - 0 VUs 1-7
2026-08-16 06:16:29,061 INFO o.a.j.t.JMeterThread: Thread started: ENDURANCE - Order Detail - 0 to 10 VUs - 600s Soak - 0 VUs 1-6
2026-08-16 06:16:30,029 INFO o.a.j.r.Summariser: summary +     77 in 00:00:31 =    2.5/s Avg:     2 Min:     1 Max:    22 Err:     0 (0.00%) Active: 5 Started: 5 Finished: 0
2026-08-16 06:16:35,062 INFO o.a.j.t.JMeterThread: Thread started: ENDURANCE - Order Detail - 0 to 10 VUs - 600s Soak - 0 VUs 1-5
2026-08-16 06:16:41,062 INFO o.a.j.t.JMeterThread: Thread started: ENDURANCE - Order Detail - 0 to 10 VUs - 600s Soak - 0 VUs 1-4
2026-08-16 06:16:47,062 INFO o.a.j.t.JMeterThread: Thread started: ENDURANCE - Order Detail - 0 to 10 VUs - 600s Soak - 0 VUs 1-3
2026-08-16 06:16:53,061 INFO o.a.j.t.JMeterThread: Thread started: ENDURANCE - Order Detail - 0 to 10 VUs - 600s Soak - 0 VUs 1-2
2026-08-16 06:16:59,062 INFO o.a.j.t.JMeterThread: Thread started: ENDURANCE - Order Detail - 0 to 10 VUs - 600s Soak - 0 VUs 1-1
2026-08-16 06:17:00,180 INFO o.a.j.r.Summariser: summary +    277 in 00:00:30 =    9.2/s Avg:     2 Min:     1 Max:     6 Err:     0 (0.00%) Active: 10 Started: 10 Finished: 0
2026-08-16 06:17:00,180 INFO o.a.j.r.Summariser: summary =    354 in 00:01:01 =    5.8/s Avg:     2 Min:     1 Max:    22 Err:     0 (0.00%)
2026-08-16 06:17:30,157 INFO o.a.j.r.Summariser: summary +    398 in 00:00:30 =   13.3/s Avg:     2 Min:     1 Max:     6 Err:     0 (0.00%) Active: 10 Started: 10 Finished: 0
2026-08-16 06:17:30,158 INFO o.a.j.r.Summariser: summary =    752 in 00:01:31 =    8.3/s Avg:     2 Min:     1 Max:    22 Err:     0 (0.00%)
2026-08-16 06:18:00,070 INFO o.a.j.r.Summariser: summary +    398 in 00:00:30 =   13.3/s Avg:     1 Min:     1 Max:     3 Err:     0 (0.00%) Active: 10 Started: 10 Finished: 0
2026-08-16 06:18:00,070 INFO o.a.j.r.Summariser: summary =   1150 in 00:02:01 =    9.5/s Avg:     2 Min:     1 Max:    22 Err:     0 (0.00%)
2026-08-16 06:18:30,014 INFO o.a.j.r.Summariser: summary +    391 in 00:00:30 =   13.1/s Avg:     1 Min:     1 Max:     3 Err:     0 (0.00%) Active: 10 Started: 10 Finished: 0
2026-08-16 06:18:30,014 INFO o.a.j.r.Summariser: summary =   1541 in 00:02:31 =   10.2/s Avg:     1 Min:     1 Max:    22 Err:     0 (0.00%)
2026-08-16 06:19:00,016 INFO o.a.j.r.Summariser: summary +    401 in 00:00:30 =   13.4/s Avg:     1 Min:     1 Max:     3 Err:     0 (0.00%) Active: 10 Started: 10 Finished: 0
2026-08-16 06:19:00,016 INFO o.a.j.r.Summariser: summary =   1942 in 00:03:01 =   10.7/s Avg:     1 Min:     1 Max:    22 Err:     0 (0.00%)
2026-08-16 06:19:30,167 INFO o.a.j.r.Summariser: summary +    402 in 00:00:30 =   13.3/s Avg:     1 Min:     1 Max:     3 Err:     0 (0.00%) Active: 10 Started: 10 Finished: 0
2026-08-16 06:19:30,167 INFO o.a.j.r.Summariser: summary =   2344 in 00:03:31 =   11.1/s Avg:     1 Min:     1 Max:    22 Err:     0 (0.00%)
2026-08-16 06:20:00,012 INFO o.a.j.r.Summariser: summary +    398 in 00:00:30 =   13.3/s Avg:     1 Min:     1 Max:     3 Err:     0 (0.00%) Active: 10 Started: 10 Finished: 0
2026-08-16 06:20:00,013 INFO o.a.j.r.Summariser: summary =   2742 in 00:04:01 =   11.4/s Avg:     1 Min:     1 Max:    22 Err:     0 (0.00%)
2026-08-16 06:20:30,069 INFO o.a.j.r.Summariser: summary +    393 in 00:00:30 =   13.1/s Avg:     1 Min:     1 Max:     3 Err:     0 (0.00%) Active: 10 Started: 10 Finished: 0
2026-08-16 06:20:30,069 INFO o.a.j.r.Summariser: summary =   3135 in 00:04:31 =   11.6/s Avg:     1 Min:     1 Max:    22 Err:     0 (0.00%)
2026-08-16 06:21:00,067 INFO o.a.j.r.Summariser: summary +    399 in 00:00:30 =   13.3/s Avg:     1 Min:     1 Max:     3 Err:     0 (0.00%) Active: 10 Started: 10 Finished: 0
2026-08-16 06:21:00,067 INFO o.a.j.r.Summariser: summary =   3534 in 00:05:01 =   11.7/s Avg:     1 Min:     1 Max:    22 Err:     0 (0.00%)
2026-08-16 06:21:30,009 INFO o.a.j.r.Summariser: summary +    401 in 00:00:30 =   13.4/s Avg:     1 Min:     1 Max:     4 Err:     0 (0.00%) Active: 10 Started: 10 Finished: 0
2026-08-16 06:21:30,010 INFO o.a.j.r.Summariser: summary =   3935 in 00:05:31 =   11.9/s Avg:     1 Min:     1 Max:    22 Err:     0 (0.00%)
2026-08-16 06:22:00,055 INFO o.a.j.r.Summariser: summary +    404 in 00:00:30 =   13.4/s Avg:     1 Min:     1 Max:     3 Err:     0 (0.00%) Active: 10 Started: 10 Finished: 0
2026-08-16 06:22:00,055 INFO o.a.j.r.Summariser: summary =   4339 in 00:06:01 =   12.0/s Avg:     1 Min:     1 Max:    22 Err:     0 (0.00%)
2026-08-16 06:22:30,047 INFO o.a.j.r.Summariser: summary +    398 in 00:00:30 =   13.3/s Avg:     1 Min:     1 Max:     4 Err:     0 (0.00%) Active: 10 Started: 10 Finished: 0
2026-08-16 06:22:30,047 INFO o.a.j.r.Summariser: summary =   4737 in 00:06:31 =   12.1/s Avg:     1 Min:     1 Max:    22 Err:     0 (0.00%)
2026-08-16 06:23:00,199 INFO o.a.j.r.Summariser: summary +    393 in 00:00:30 =   13.0/s Avg:     1 Min:     1 Max:     3 Err:     0 (0.00%) Active: 10 Started: 10 Finished: 0
2026-08-16 06:23:00,199 INFO o.a.j.r.Summariser: summary =   5130 in 00:07:01 =   12.2/s Avg:     1 Min:     1 Max:    22 Err:     0 (0.00%)
2026-08-16 06:23:30,072 INFO o.a.j.r.Summariser: summary +    392 in 00:00:30 =   13.1/s Avg:     1 Min:     1 Max:     3 Err:     0 (0.00%) Active: 10 Started: 10 Finished: 0
2026-08-16 06:23:30,072 INFO o.a.j.r.Summariser: summary =   5522 in 00:07:31 =   12.2/s Avg:     1 Min:     1 Max:    22 Err:     0 (0.00%)
2026-08-16 06:24:00,001 INFO o.a.j.r.Summariser: summary +    400 in 00:00:30 =   13.4/s Avg:     1 Min:     1 Max:     3 Err:     0 (0.00%) Active: 10 Started: 10 Finished: 0
2026-08-16 06:24:00,001 INFO o.a.j.r.Summariser: summary =   5922 in 00:08:01 =   12.3/s Avg:     1 Min:     1 Max:    22 Err:     0 (0.00%)
2026-08-16 06:24:30,100 INFO o.a.j.r.Summariser: summary +    396 in 00:00:30 =   13.2/s Avg:     1 Min:     1 Max:     4 Err:     0 (0.00%) Active: 10 Started: 10 Finished: 0
2026-08-16 06:24:30,100 INFO o.a.j.r.Summariser: summary =   6318 in 00:08:31 =   12.4/s Avg:     1 Min:     1 Max:    22 Err:     0 (0.00%)
2026-08-16 06:25:00,046 INFO o.a.j.r.Summariser: summary +    399 in 00:00:30 =   13.3/s Avg:     1 Min:     1 Max:     3 Err:     0 (0.00%) Active: 10 Started: 10 Finished: 0
2026-08-16 06:25:00,047 INFO o.a.j.r.Summariser: summary =   6717 in 00:09:01 =   12.4/s Avg:     1 Min:     1 Max:    22 Err:     0 (0.00%)
2026-08-16 06:25:30,060 INFO o.a.j.r.Summariser: summary +    404 in 00:00:30 =   13.5/s Avg:     1 Min:     1 Max:     4 Err:     0 (0.00%) Active: 10 Started: 10 Finished: 0
2026-08-16 06:25:30,060 INFO o.a.j.r.Summariser: summary =   7121 in 00:09:31 =   12.5/s Avg:     1 Min:     1 Max:    22 Err:     0 (0.00%)
2026-08-16 06:26:00,059 INFO o.a.j.r.Summariser: summary +    394 in 00:00:30 =   13.1/s Avg:     1 Min:     1 Max:     3 Err:     0 (0.00%) Active: 10 Started: 10 Finished: 0
2026-08-16 06:26:00,059 INFO o.a.j.r.Summariser: summary =   7515 in 00:10:01 =   12.5/s Avg:     1 Min:     1 Max:    22 Err:     0 (0.00%)
2026-08-16 06:26:30,000 INFO o.a.j.r.Summariser: summary +    397 in 00:00:30 =   13.3/s Avg:     1 Min:     1 Max:     3 Err:     0 (0.00%) Active: 10 Started: 10 Finished: 0
2026-08-16 06:26:30,001 INFO o.a.j.r.Summariser: summary =   7912 in 00:10:31 =   12.5/s Avg:     1 Min:     1 Max:    22 Err:     0 (0.00%)
2026-08-16 06:27:00,050 INFO o.a.j.r.Summariser: summary +    406 in 00:00:30 =   13.5/s Avg:     1 Min:     1 Max:     3 Err:     0 (0.00%) Active: 10 Started: 10 Finished: 0
2026-08-16 06:27:00,050 INFO o.a.j.r.Summariser: summary =   8318 in 00:11:01 =   12.6/s Avg:     1 Min:     1 Max:    22 Err:     0 (0.00%)
2026-08-16 06:27:04,891 INFO o.a.j.t.JMeterThread: Thread finished: ENDURANCE - Order Detail - 0 to 10 VUs - 600s Soak - 0 VUs 1-10
2026-08-16 06:27:10,250 INFO o.a.j.t.JMeterThread: Thread finished: ENDURANCE - Order Detail - 0 to 10 VUs - 600s Soak - 0 VUs 1-9
2026-08-16 06:27:16,720 INFO o.a.j.t.JMeterThread: Thread finished: ENDURANCE - Order Detail - 0 to 10 VUs - 600s Soak - 0 VUs 1-8
2026-08-16 06:27:22,978 INFO o.a.j.t.JMeterThread: Thread finished: ENDURANCE - Order Detail - 0 to 10 VUs - 600s Soak - 0 VUs 1-7
2026-08-16 06:27:28,277 INFO o.a.j.t.JMeterThread: Thread finished: ENDURANCE - Order Detail - 0 to 10 VUs - 600s Soak - 0 VUs 1-6
2026-08-16 06:27:30,016 INFO o.a.j.r.Summariser: summary +    308 in 00:00:30 =   10.3/s Avg:     1 Min:     1 Max:     6 Err:     0 (0.00%) Active: 5 Started: 10 Finished: 5
2026-08-16 06:27:30,016 INFO o.a.j.r.Summariser: summary =   8626 in 00:11:31 =   12.5/s Avg:     1 Min:     1 Max:    22 Err:     0 (0.00%)
2026-08-16 06:27:34,662 INFO o.a.j.t.JMeterThread: Thread finished: ENDURANCE - Order Detail - 0 to 10 VUs - 600s Soak - 0 VUs 1-5
2026-08-16 06:27:40,983 INFO o.a.j.t.JMeterThread: Thread finished: ENDURANCE - Order Detail - 0 to 10 VUs - 600s Soak - 0 VUs 1-4
2026-08-16 06:27:47,006 INFO o.a.j.t.JMeterThread: Thread finished: ENDURANCE - Order Detail - 0 to 10 VUs - 600s Soak - 0 VUs 1-3
2026-08-16 06:27:52,976 INFO o.a.j.t.JMeterThread: Thread finished: ENDURANCE - Order Detail - 0 to 10 VUs - 600s Soak - 0 VUs 1-2
2026-08-16 06:27:59,008 INFO o.a.j.t.JMeterThread: Thread finished: ENDURANCE - Order Detail - 0 to 10 VUs - 600s Soak - 0 VUs 1-1
2026-08-16 06:27:59,008 INFO o.a.j.e.StandardJMeterEngine: Notifying test listeners of end of test
2026-08-16 06:27:59,009 INFO o.a.j.s.FileServer: Close: test-data/read-heavy-orders.csv
2026-08-16 06:27:59,011 INFO o.a.j.r.Summariser: summary +    114 in 00:00:29 =    3.9/s Avg:     1 Min:     1 Max:     2 Err:     0 (0.00%) Active: 0 Started: 10 Finished: 10
2026-08-16 06:27:59,012 INFO o.a.j.r.Summariser: summary =   8740 in 00:12:00 =   12.1/s Avg:     1 Min:     1 Max:    22 Err:     0 (0.00%)
2026-08-16 06:27:59,012 INFO o.a.j.JMeter: Generating Dashboard
2026-08-16 06:27:59,012 INFO o.a.j.r.d.ReportGenerator: Flushing result collector before report Generation
2026-08-16 06:27:59,040 INFO o.a.j.r.p.NormalizerSampleConsumer: Using format, 'ms', to parse timeStamp field
2026-08-16 06:28:07,299 INFO o.a.j.r.p.AbstractSampleConsumer: class org.apache.jmeter.report.processor.AggregateConsumer#stopProducing(): beginDate produced 0 samples
2026-08-16 06:28:07,299 INFO o.a.j.r.p.AbstractSampleConsumer: class org.apache.jmeter.report.processor.AggregateConsumer#stopProducing(): endDate produced 0 samples
2026-08-16 06:28:07,310 INFO o.a.j.r.p.AbstractSampleConsumer: class org.apache.jmeter.report.processor.ApdexSummaryConsumer#stopProducing(): apdexSummary produced 0 samples
2026-08-16 06:28:07,310 INFO o.a.j.r.p.AbstractSampleConsumer: class org.apache.jmeter.report.processor.RequestsSummaryConsumer#stopProducing(): requestsSummary produced 0 samples
2026-08-16 06:28:07,331 INFO o.a.j.r.p.AbstractSampleConsumer: class org.apache.jmeter.report.processor.StatisticsSummaryConsumer#stopProducing(): statisticsSummary produced 0 samples
2026-08-16 06:28:07,334 INFO o.a.j.r.p.AbstractSampleConsumer: class org.apache.jmeter.report.processor.Top5ErrorsBySamplerConsumer#stopProducing(): top5ErrorsBySampler produced 0 samples
2026-08-16 06:28:07,335 INFO o.a.j.r.p.AbstractSampleConsumer: class org.apache.jmeter.report.processor.ErrorsSummaryConsumer#stopProducing(): errorsSummary produced 0 samples
2026-08-16 06:28:07,335 INFO o.a.j.r.p.AbstractSampleConsumer: class org.apache.jmeter.report.processor.graph.impl.HitsPerSecondGraphConsumer#stopProducing(): hitsPerSecond produced 0 samples
2026-08-16 06:28:07,455 INFO o.a.j.r.p.AbstractSampleConsumer: class org.apache.jmeter.report.processor.graph.impl.LatencyVSRequestGraphConsumer#stopProducing(): latencyVsRequest produced 0 samples
2026-08-16 06:28:07,456 INFO o.a.j.r.p.AbstractSampleConsumer: class org.apache.jmeter.report.processor.graph.impl.SyntheticResponseTimeDistributionGraphConsumer#stopProducing(): syntheticResponseTimeDistribution produced 0 samples
2026-08-16 06:28:07,457 INFO o.a.j.r.p.AbstractSampleConsumer: class org.apache.jmeter.report.processor.graph.impl.BytesThroughputGraphConsumer#stopProducing(): bytesThroughputOverTime produced 0 samples
2026-08-16 06:28:07,457 INFO o.a.j.r.p.AbstractSampleConsumer: class org.apache.jmeter.report.processor.graph.impl.CodesPerSecondGraphConsumer#stopProducing(): codesPerSecond produced 0 samples
2026-08-16 06:28:07,550 INFO o.a.j.r.p.AbstractSampleConsumer: class org.apache.jmeter.report.processor.graph.impl.ResponseTimeVSRequestGraphConsumer#stopProducing(): responseTimeVsRequest produced 0 samples
2026-08-16 06:28:07,551 INFO o.a.j.r.p.AbstractSampleConsumer: class org.apache.jmeter.report.processor.FilterConsumer#stopProducing(): startIntervalControlerFilter produced 61180 samples
2026-08-16 06:28:07,551 INFO o.a.j.r.p.AbstractSampleConsumer: class org.apache.jmeter.report.processor.graph.impl.TotalTPSGraphConsumer#stopProducing(): totalTPS produced 0 samples
2026-08-16 06:28:07,552 INFO o.a.j.r.p.AbstractSampleConsumer: class org.apache.jmeter.report.processor.graph.impl.ActiveThreadsGraphConsumer#stopProducing(): activeThreadsOverTime produced 0 samples
2026-08-16 06:28:07,552 INFO o.a.j.r.p.AbstractSampleConsumer: class org.apache.jmeter.report.processor.graph.impl.TimeVSThreadGraphConsumer#stopProducing(): timeVsThreads produced 0 samples
2026-08-16 06:28:07,552 INFO o.a.j.r.p.AbstractSampleConsumer: class org.apache.jmeter.report.processor.graph.impl.ResponseTimeDistributionGraphConsumer#stopProducing(): responseTimeDistribution produced 0 samples
2026-08-16 06:28:07,552 INFO o.a.j.r.p.AbstractSampleConsumer: class org.apache.jmeter.report.processor.graph.impl.TransactionsPerSecondGraphConsumer#stopProducing(): transactionsPerSecond produced 0 samples
2026-08-16 06:28:07,552 INFO o.a.j.r.p.AbstractSampleConsumer: class org.apache.jmeter.report.processor.graph.impl.ResponseTimePercentilesGraphConsumer#stopProducing(): responseTimePercentiles produced 0 samples
2026-08-16 06:28:07,552 INFO o.a.j.r.p.AbstractSampleConsumer: class org.apache.jmeter.report.processor.graph.impl.ResponseTimePercentilesOverTimeGraphConsumer#stopProducing(): responseTimePercentilesOverTime produced 0 samples
2026-08-16 06:28:07,553 INFO o.a.j.r.p.AbstractSampleConsumer: class org.apache.jmeter.report.processor.graph.impl.ResponseTimeOverTimeGraphConsumer#stopProducing(): responseTimesOverTime produced 0 samples
2026-08-16 06:28:07,553 INFO o.a.j.r.p.AbstractSampleConsumer: class org.apache.jmeter.report.processor.graph.impl.ConnectTimeOverTimeGraphConsumer#stopProducing(): connectTimeOverTime produced 0 samples
2026-08-16 06:28:07,553 INFO o.a.j.r.p.AbstractSampleConsumer: class org.apache.jmeter.report.processor.graph.impl.LatencyOverTimeGraphConsumer#stopProducing(): latenciesOverTime produced 0 samples
2026-08-16 06:28:07,554 INFO o.a.j.r.p.AbstractSampleConsumer: class org.apache.jmeter.report.processor.FilterConsumer#stopProducing(): nameFilter produced 131100 samples
2026-08-16 06:28:07,554 INFO o.a.j.r.p.AbstractSampleConsumer: class org.apache.jmeter.report.processor.FilterConsumer#stopProducing(): dateRangeFilter produced 26220 samples
2026-08-16 06:28:07,554 INFO o.a.j.r.p.AbstractSampleConsumer: class org.apache.jmeter.report.processor.NormalizerSampleConsumer#stopProducing(): normalizer produced 8740 samples
2026-08-16 06:28:07,554 INFO o.a.j.r.p.CsvFileSampleSource: produce(): 8740 samples produced in 8s 499 ms on channel 0
2026-08-16 06:28:07,554 INFO o.a.j.r.d.ReportGenerator: Exporting data using exporter:'json' of className:'org.apache.jmeter.report.dashboard.JsonExporter'
2026-08-16 06:28:07,628 INFO o.a.j.r.d.JsonExporter: Found data for consumer statisticsSummary in context
2026-08-16 06:28:07,628 INFO o.a.j.r.d.JsonExporter: Creating statistics for overall
2026-08-16 06:28:07,630 INFO o.a.j.r.d.JsonExporter: Creating statistics for other transactions
2026-08-16 06:28:07,631 INFO o.a.j.r.d.JsonExporter: Checking output folder
2026-08-16 06:28:07,632 INFO o.a.j.r.d.JsonExporter: Writing statistics JSON to D:\Workspace\HCMUS\Software Testing\Homework\group05_eshop\results\supporting-endurance\23127107_Endurance_20260816\run-001\html\statistics.json
2026-08-16 06:28:07,664 INFO o.a.j.r.d.ReportGenerator: Exporting data using exporter:'html' of className:'org.apache.jmeter.report.dashboard.HtmlTemplateExporter'
2026-08-16 06:28:07,666 INFO o.a.j.r.d.HtmlTemplateExporter: Will generate dashboard in folder: D:\Workspace\HCMUS\Software Testing\Homework\group05_eshop\results\supporting-endurance\23127107_Endurance_20260816\run-001\html
2026-08-16 06:28:07,748 INFO o.a.j.r.d.HtmlTemplateExporter: Report will be generated in: D:\Workspace\HCMUS\Software Testing\Homework\group05_eshop\results\supporting-endurance\23127107_Endurance_20260816\run-001\html, creating folder structure
2026-08-16 06:28:07,750 INFO o.a.j.r.d.TemplateVisitor: Copying folder from 'D:\Tools\apache-jmeter-5.6.3\bin\report-template' to 'D:\Workspace\HCMUS\Software Testing\Homework\group05_eshop\results\supporting-endurance\23127107_Endurance_20260816\run-001\html', got message: D:\Workspace\HCMUS\Software Testing\Homework\group05_eshop\results\supporting-endurance\23127107_Endurance_20260816\run-001\html, found non empty folder with following content [D:\Workspace\HCMUS\Software Testing\Homework\group05_eshop\results\supporting-endurance\23127107_Endurance_20260816\run-001\html\statistics.json], will be ignored
2026-08-16 06:28:07,989 INFO o.a.j.JMeter: Dashboard generated
